[2025-01-21T15:36:52.915+0000][75][info][gc,init] CardTable entry size: 512
[2025-01-21T15:36:52.919+0000][75][info][gc     ] Using G1
[2025-01-21T15:36:54.027+0000][75][info][gc,init] Version: 21.0.2+13-58 (release)
[2025-01-21T15:36:54.027+0000][75][info][gc,init] CPUs: 24 total, 24 available
[2025-01-21T15:36:54.029+0000][75][info][gc,init] Memory: 6781M
[2025-01-21T15:36:54.029+0000][75][info][gc,init] Large Page Support: Disabled
[2025-01-21T15:36:54.029+0000][75][info][gc,init] NUMA Support: Disabled
[2025-01-21T15:36:54.030+0000][75][info][gc,init] Compressed Oops: Enabled (Zero based)
[2025-01-21T15:36:54.030+0000][75][info][gc,init] Heap Region Size: 4M
[2025-01-21T15:36:54.031+0000][75][info][gc,init] Heap Min Capacity: 3392M
[2025-01-21T15:36:54.031+0000][75][info][gc,init] Heap Initial Capacity: 3392M
[2025-01-21T15:36:54.031+0000][75][info][gc,init] Heap Max Capacity: 3392M
[2025-01-21T15:36:54.032+0000][75][info][gc,init] Pre-touch: Enabled
[2025-01-21T15:36:54.032+0000][75][info][gc,init] Parallel Workers: 18
[2025-01-21T15:36:54.032+0000][75][info][gc,init] Concurrent Workers: 5
[2025-01-21T15:36:54.033+0000][75][info][gc,init] Concurrent Refinement Workers: 18
[2025-01-21T15:36:54.033+0000][75][info][gc,init] Periodic GC: Disabled
[2025-01-21T15:36:54.061+0000][75][info][gc,metaspace] CDS archive(s) mapped at: [0x00007f563b000000-0x00007f563bca6000-0x00007f563bca6000), size 13262848, SharedBaseAddress: 0x00007f563b000000, ArchiveRelocationMode: 1.
[2025-01-21T15:36:54.062+0000][75][info][gc,metaspace] Compressed class space mapped at: 0x00007f563c000000-0x00007f567c000000, reserved size: 1073741824
[2025-01-21T15:36:54.062+0000][75][info][gc,metaspace] Narrow klass base: 0x00007f563b000000, Narrow klass shift: 0, Narrow klass range: 0x100000000
[2025-01-21T15:36:54.396+0000][75][info][safepoint   ] Safepoint "ICBufferFull", Time since last: 323054706 ns, Reaching safepoint: 8400 ns, Cleanup: 107562 ns, At safepoint: 4566 ns, Total: 120528 ns
[2025-01-21T15:36:54.746+0000][75][info][safepoint   ] Safepoint "ICBufferFull", Time since last: 353342908 ns, Reaching safepoint: 5741 ns, Cleanup: 101042 ns, At safepoint: 100865 ns, Total: 207648 ns
[2025-01-21T15:36:55.030+0000][75][info][safepoint   ] Safepoint "ICBufferFull", Time since last: 283659759 ns, Reaching safepoint: 159217 ns, Cleanup: 149697 ns, At safepoint: 198643 ns, Total: 507557 ns
[2025-01-21T15:36:55.523+0000][75][info][safepoint   ] Safepoint "ICBufferFull", Time since last: 492877146 ns, Reaching safepoint: 103800 ns, Cleanup: 103783 ns, At safepoint: 20809 ns, Total: 228392 ns
[2025-01-21T15:36:55.947+0000][75][info][safepoint   ] Safepoint "ICBufferFull", Time since last: 423672797 ns, Reaching safepoint: 7112 ns, Cleanup: 120797 ns, At safepoint: 4577 ns, Total: 132486 ns
[2025-01-21T15:36:56.537+0000][75][info][safepoint   ] Safepoint "ICBufferFull", Time since last: 590196165 ns, Reaching safepoint: 4320 ns, Cleanup: 88621 ns, At safepoint: 2354 ns, Total: 95295 ns
[2025-01-21T15:36:56.689+0000][75][info][gc,start    ] GC(0) Pause Young (Normal) (G1 Evacuation Pause)
[2025-01-21T15:36:56.689+0000][75][info][gc,task     ] GC(0) Using 18 workers of 18 for evacuation
[2025-01-21T15:36:56.690+0000][75][debug][gc,age      ] GC(0) Desired survivor size 12582912 bytes, new threshold 15 (max threshold 15)
[2025-01-21T15:36:56.713+0000][75][info ][gc,phases   ] GC(0)   Pre Evacuate Collection Set: 0.6ms
[2025-01-21T15:36:56.713+0000][75][info ][gc,phases   ] GC(0)   Merge Heap Roots: 0.3ms
[2025-01-21T15:36:56.713+0000][75][info ][gc,phases   ] GC(0)   Evacuate Collection Set: 18.6ms
[2025-01-21T15:36:56.714+0000][75][info ][gc,phases   ] GC(0)   Post Evacuate Collection Set: 3.3ms
[2025-01-21T15:36:56.714+0000][75][info ][gc,phases   ] GC(0)   Other: 0.7ms
[2025-01-21T15:36:56.714+0000][75][trace][gc,age      ] GC(0) Age table with threshold 15 (max threshold 15)
[2025-01-21T15:36:56.715+0000][75][trace][gc,age      ] GC(0) - age   1:   11608568 bytes,   11608568 total
[2025-01-21T15:36:56.715+0000][75][info ][gc,heap     ] GC(0) Eden regions: 42->0(38)
[2025-01-21T15:36:56.715+0000][75][info ][gc,heap     ] GC(0) Survivor regions: 0->4(6)
[2025-01-21T15:36:56.715+0000][75][info ][gc,heap     ] GC(0) Old regions: 1->1
[2025-01-21T15:36:56.716+0000][75][info ][gc,heap     ] GC(0) Humongous regions: 0->0
[2025-01-21T15:36:56.716+0000][75][info ][gc,metaspace] GC(0) Metaspace: 20923K(21504K)->20923K(21504K) NonClass: 18615K(18944K)->18615K(18944K) Class: 2307K(2560K)->2307K(2560K)
[2025-01-21T15:36:56.716+0000][75][info ][gc          ] GC(0) Pause Young (Normal) (G1 Evacuation Pause) 169M->13M(3392M) 27.409ms
[2025-01-21T15:36:56.717+0000][75][info ][gc,cpu      ] GC(0) User=0.27s Sys=0.00s Real=0.03s
[2025-01-21T15:36:56.717+0000][75][info ][safepoint   ] Safepoint "G1CollectForAllocation", Time since last: 151531724 ns, Reaching safepoint: 4111 ns, Cleanup: 42048 ns, At safepoint: 28115068 ns, Total: 28161227 ns
[2025-01-21T15:36:56.736+0000][75][info ][gc,start    ] GC(1) Pause Young (Concurrent Start) (Metadata GC Threshold)
[2025-01-21T15:36:56.736+0000][75][info ][gc,task     ] GC(1) Using 18 workers of 18 for evacuation
[2025-01-21T15:36:56.737+0000][75][debug][gc,age      ] GC(1) Desired survivor size 12582912 bytes, new threshold 15 (max threshold 15)
[2025-01-21T15:36:56.746+0000][75][info ][gc,phases   ] GC(1)   Pre Evacuate Collection Set: 0.4ms
[2025-01-21T15:36:56.746+0000][75][info ][gc,phases   ] GC(1)   Merge Heap Roots: 0.2ms
[2025-01-21T15:36:56.746+0000][75][info ][gc,phases   ] GC(1)   Evacuate Collection Set: 6.1ms
[2025-01-21T15:36:56.746+0000][75][info ][gc,phases   ] GC(1)   Post Evacuate Collection Set: 2.1ms
[2025-01-21T15:36:56.747+0000][75][info ][gc,phases   ] GC(1)   Other: 0.7ms
[2025-01-21T15:36:56.747+0000][75][trace][gc,age      ] GC(1) Age table with threshold 15 (max threshold 15)
[2025-01-21T15:36:56.747+0000][75][trace][gc,age      ] GC(1) - age   1:      22880 bytes,      22880 total
[2025-01-21T15:36:56.747+0000][75][trace][gc,age      ] GC(1) - age   2:    9090696 bytes,    9113576 total
[2025-01-21T15:36:56.748+0000][75][info ][gc,heap     ] GC(1) Eden regions: 2->0(45)
[2025-01-21T15:36:56.748+0000][75][info ][gc,heap     ] GC(1) Survivor regions: 4->3(6)
[2025-01-21T15:36:56.748+0000][75][info ][gc,heap     ] GC(1) Old regions: 1->1
[2025-01-21T15:36:56.748+0000][75][info ][gc,heap     ] GC(1) Humongous regions: 0->0
[2025-01-21T15:36:56.749+0000][75][info ][gc,metaspace] GC(1) Metaspace: 20962K(21504K)->20962K(21504K) NonClass: 18647K(18944K)->18647K(18944K) Class: 2314K(2560K)->2314K(2560K)
[2025-01-21T15:36:56.749+0000][75][info ][gc          ] GC(1) Pause Young (Concurrent Start) (Metadata GC Threshold) 21M->11M(3392M) 13.142ms
[2025-01-21T15:36:56.749+0000][75][info ][gc,cpu      ] GC(1) User=0.05s Sys=0.00s Real=0.01s
[2025-01-21T15:36:56.749+0000][75][info ][gc          ] GC(2) Concurrent Mark Cycle
[2025-01-21T15:36:56.750+0000][75][info ][gc,marking  ] GC(2) Concurrent Scan Root Regions
[2025-01-21T15:36:56.749+0000][75][info ][safepoint   ] Safepoint "CollectForMetadataAllocation", Time since last: 18826533 ns, Reaching safepoint: 3507 ns, Cleanup: 11867 ns, At safepoint: 13714341 ns, Total: 13729715 ns
[2025-01-21T15:36:56.753+0000][75][info ][gc,marking  ] GC(2) Concurrent Scan Root Regions 2.907ms
[2025-01-21T15:36:56.753+0000][75][info ][gc,marking  ] GC(2) Concurrent Mark
[2025-01-21T15:36:56.753+0000][75][info ][gc,marking  ] GC(2) Concurrent Mark From Roots
[2025-01-21T15:36:56.754+0000][75][info ][gc,task     ] GC(2) Using 5 workers of 5 for marking
[2025-01-21T15:36:56.756+0000][75][info ][gc,marking  ] GC(2) Concurrent Mark From Roots 2.717ms
[2025-01-21T15:36:56.756+0000][75][info ][gc,marking  ] GC(2) Concurrent Preclean
[2025-01-21T15:36:56.756+0000][75][info ][gc,marking  ] GC(2) Concurrent Preclean 0.292ms
[2025-01-21T15:36:56.757+0000][75][info ][gc,start    ] GC(2) Pause Remark
[2025-01-21T15:36:56.760+0000][75][info ][gc          ] GC(2) Pause Remark 14M->14M(3392M) 2.750ms
[2025-01-21T15:36:56.760+0000][75][info ][gc,cpu      ] GC(2) User=0.02s Sys=0.00s Real=0.00s
[2025-01-21T15:36:56.760+0000][75][info ][safepoint   ] Safepoint "G1PauseRemark", Time since last: 7419829 ns, Reaching safepoint: 81330 ns, Cleanup: 10243 ns, At safepoint: 3401651 ns, Total: 3493224 ns
[2025-01-21T15:36:56.761+0000][75][info ][gc,marking  ] GC(2) Concurrent Mark 7.892ms
[2025-01-21T15:36:56.761+0000][75][info ][gc,marking  ] GC(2) Concurrent Rebuild Remembered Sets and Scrub Regions
[2025-01-21T15:36:56.762+0000][75][info ][gc,marking  ] GC(2) Concurrent Rebuild Remembered Sets and Scrub Regions 0.866ms
[2025-01-21T15:36:56.762+0000][75][info ][gc,start    ] GC(2) Pause Cleanup
[2025-01-21T15:36:56.763+0000][75][info ][gc          ] GC(2) Pause Cleanup 14M->14M(3392M) 0.569ms
[2025-01-21T15:36:56.763+0000][75][info ][gc,cpu      ] GC(2) User=0.01s Sys=0.00s Real=0.01s
[2025-01-21T15:36:56.764+0000][75][info ][safepoint   ] Safepoint "G1PauseCleanup", Time since last: 2029322 ns, Reaching safepoint: 81430 ns, Cleanup: 6185 ns, At safepoint: 1412076 ns, Total: 1499691 ns
[2025-01-21T15:36:56.764+0000][75][info ][gc,marking  ] GC(2) Concurrent Clear Claimed Marks
[2025-01-21T15:36:56.765+0000][75][info ][gc,marking  ] GC(2) Concurrent Clear Claimed Marks 0.326ms
[2025-01-21T15:36:56.765+0000][75][info ][gc,marking  ] GC(2) Concurrent Cleanup for Next Mark
[2025-01-21T15:36:56.898+0000][75][info ][gc,marking  ] GC(2) Concurrent Cleanup for Next Mark 133.022ms
[2025-01-21T15:36:56.898+0000][75][info ][gc          ] GC(2) Concurrent Mark Cycle 149.139ms
[2025-01-21T15:36:57.384+0000][75][info ][safepoint   ] Safepoint "ICBufferFull", Time since last: 619808727 ns, Reaching safepoint: 3518 ns, Cleanup: 107233 ns, At safepoint: 2284 ns, Total: 113035 ns
[2025-01-21T15:36:57.700+0000][75][info ][gc,start    ] GC(3) Pause Young (Prepare Mixed) (G1 Evacuation Pause)
[2025-01-21T15:36:57.701+0000][75][info ][gc,task     ] GC(3) Using 18 workers of 18 for evacuation
[2025-01-21T15:36:57.701+0000][75][debug][gc,age      ] GC(3) Desired survivor size 12582912 bytes, new threshold 15 (max threshold 15)
[2025-01-21T15:36:57.717+0000][75][info ][gc,phases   ] GC(3)   Pre Evacuate Collection Set: 0.4ms
[2025-01-21T15:36:57.717+0000][75][info ][gc,phases   ] GC(3)   Merge Heap Roots: 0.2ms
[2025-01-21T15:36:57.717+0000][75][info ][gc,phases   ] GC(3)   Evacuate Collection Set: 12.0ms
[2025-01-21T15:36:57.718+0000][75][info ][gc,phases   ] GC(3)   Post Evacuate Collection Set: 2.8ms
[2025-01-21T15:36:57.718+0000][75][info ][gc,phases   ] GC(3)   Other: 0.7ms
[2025-01-21T15:36:57.718+0000][75][trace][gc,age      ] GC(3) Age table with threshold 15 (max threshold 15)
[2025-01-21T15:36:57.718+0000][75][trace][gc,age      ] GC(3) - age   1:    5583600 bytes,    5583600 total
[2025-01-21T15:36:57.719+0000][75][trace][gc,age      ] GC(3) - age   2:      16672 bytes,    5600272 total
[2025-01-21T15:36:57.719+0000][75][trace][gc,age      ] GC(3) - age   3:    9079600 bytes,   14679872 total
[2025-01-21T15:36:57.719+0000][75][info ][gc,heap     ] GC(3) Eden regions: 45->0(64)
[2025-01-21T15:36:57.720+0000][75][info ][gc,heap     ] GC(3) Survivor regions: 3->4(6)
[2025-01-21T15:36:57.720+0000][75][info ][gc,heap     ] GC(3) Old regions: 1->1
[2025-01-21T15:36:57.720+0000][75][info ][gc,heap     ] GC(3) Humongous regions: 0->0
[2025-01-21T15:36:57.720+0000][75][info ][gc,metaspace] GC(3) Metaspace: 28087K(28736K)->28087K(28736K) NonClass: 24994K(25344K)->24994K(25344K) Class: 3093K(3392K)->3093K(3392K)
[2025-01-21T15:36:57.721+0000][75][info ][gc          ] GC(3) Pause Young (Prepare Mixed) (G1 Evacuation Pause) 191M->16M(3392M) 20.492ms
[2025-01-21T15:36:57.721+0000][75][info ][gc,cpu      ] GC(3) User=0.18s Sys=0.00s Real=0.02s
[2025-01-21T15:36:57.721+0000][75][info ][safepoint   ] Safepoint "G1CollectForAllocation", Time since last: 316218837 ns, Reaching safepoint: 6923 ns, Cleanup: 82138 ns, At safepoint: 20928187 ns, Total: 21017248 ns
[2025-01-21T15:36:58.095+0000][75][info ][safepoint   ] Safepoint "ICBufferFull", Time since last: 373966175 ns, Reaching safepoint: 3841 ns, Cleanup: 99985 ns, At safepoint: 1826 ns, Total: 105652 ns
[2025-01-21T15:36:58.633+0000][75][info ][gc,start    ] GC(4) Pause Young (Mixed) (G1 Evacuation Pause)
[2025-01-21T15:36:58.633+0000][75][info ][gc,task     ] GC(4) Using 18 workers of 18 for evacuation
[2025-01-21T15:36:58.633+0000][75][debug][gc,age      ] GC(4) Desired survivor size 18874368 bytes, new threshold 15 (max threshold 15)
[2025-01-21T15:36:58.661+0000][75][info ][gc,phases   ] GC(4)   Pre Evacuate Collection Set: 0.3ms
[2025-01-21T15:36:58.661+0000][75][info ][gc,phases   ] GC(4)   Merge Heap Roots: 0.2ms
[2025-01-21T15:36:58.662+0000][75][info ][gc,phases   ] GC(4)   Evacuate Collection Set: 25.4ms
[2025-01-21T15:36:58.662+0000][75][info ][gc,phases   ] GC(4)   Post Evacuate Collection Set: 1.5ms
[2025-01-21T15:36:58.662+0000][75][info ][gc,phases   ] GC(4)   Other: 0.6ms
[2025-01-21T15:36:58.662+0000][75][trace][gc,age      ] GC(4) Age table with threshold 15 (max threshold 15)
[2025-01-21T15:36:58.663+0000][75][trace][gc,age      ] GC(4) - age   1:    6244760 bytes,    6244760 total
[2025-01-21T15:36:58.663+0000][75][trace][gc,age      ] GC(4) - age   2:    4596920 bytes,   10841680 total
[2025-01-21T15:36:58.663+0000][75][trace][gc,age      ] GC(4) - age   3:      16640 bytes,   10858320 total
[2025-01-21T15:36:58.664+0000][75][trace][gc,age      ] GC(4) - age   4:    9077248 bytes,   19935568 total
[2025-01-21T15:36:58.665+0000][75][info ][gc,heap     ] GC(4) Eden regions: 64->0(502)
[2025-01-21T15:36:58.665+0000][75][info ][gc,heap     ] GC(4) Survivor regions: 4->6(9)
[2025-01-21T15:36:58.666+0000][75][info ][gc,heap     ] GC(4) Old regions: 1->1
[2025-01-21T15:36:58.666+0000][75][info ][gc,heap     ] GC(4) Humongous regions: 0->0
[2025-01-21T15:36:58.666+0000][75][info ][gc,metaspace] GC(4) Metaspace: 29858K(30656K)->29858K(30656K) NonClass: 26461K(26944K)->26461K(26944K) Class: 3396K(3712K)->3396K(3712K)
[2025-01-21T15:36:58.667+0000][75][info ][gc          ] GC(4) Pause Young (Mixed) (G1 Evacuation Pause) 272M->21M(3392M) 34.156ms
[2025-01-21T15:36:58.667+0000][75][info ][gc,cpu      ] GC(4) User=0.41s Sys=0.00s Real=0.03s
[2025-01-21T15:36:58.667+0000][75][info ][safepoint   ] Safepoint "G1CollectForAllocation", Time since last: 537411028 ns, Reaching safepoint: 5184 ns, Cleanup: 48887 ns, At safepoint: 34899042 ns, Total: 34953113 ns
[2025-01-21T15:36:59.668+0000][75][info ][safepoint   ] Safepoint "ICBufferFull", Time since last: 1000416038 ns, Reaching safepoint: 3977 ns, Cleanup: 100657 ns, At safepoint: 1878 ns, Total: 106512 ns
[2025-01-21T15:36:59.836+0000][75][info ][gc,start    ] GC(5) Pause Young (Concurrent Start) (Metadata GC Threshold)
[2025-01-21T15:36:59.837+0000][75][info ][gc,task     ] GC(5) Using 18 workers of 18 for evacuation
[2025-01-21T15:36:59.837+0000][75][debug][gc,age      ] GC(5) Desired survivor size 134217728 bytes, new threshold 15 (max threshold 15)
[2025-01-21T15:36:59.861+0000][75][info ][gc,phases   ] GC(5)   Pre Evacuate Collection Set: 0.8ms
[2025-01-21T15:36:59.861+0000][75][info ][gc,phases   ] GC(5)   Merge Heap Roots: 0.2ms
[2025-01-21T15:36:59.861+0000][75][info ][gc,phases   ] GC(5)   Evacuate Collection Set: 19.8ms
[2025-01-21T15:36:59.862+0000][75][info ][gc,phases   ] GC(5)   Post Evacuate Collection Set: 2.5ms
[2025-01-21T15:36:59.862+0000][75][info ][gc,phases   ] GC(5)   Other: 0.7ms
[2025-01-21T15:36:59.863+0000][75][trace][gc,age      ] GC(5) Age table with threshold 15 (max threshold 15)
[2025-01-21T15:36:59.863+0000][75][trace][gc,age      ] GC(5) - age   1:    4977192 bytes,    4977192 total
[2025-01-21T15:36:59.863+0000][75][trace][gc,age      ] GC(5) - age   2:    4925456 bytes,    9902648 total
[2025-01-21T15:36:59.864+0000][75][trace][gc,age      ] GC(5) - age   3:    4595384 bytes,   14498032 total
[2025-01-21T15:36:59.864+0000][75][trace][gc,age      ] GC(5) - age   4:      16640 bytes,   14514672 total
[2025-01-21T15:36:59.865+0000][75][trace][gc,age      ] GC(5) - age   5:    9075776 bytes,   23590448 total
[2025-01-21T15:36:59.865+0000][75][info ][gc,heap     ] GC(5) Eden regions: 90->0(501)
[2025-01-21T15:36:59.866+0000][75][info ][gc,heap     ] GC(5) Survivor regions: 6->7(64)
[2025-01-21T15:36:59.866+0000][75][info ][gc,heap     ] GC(5) Old regions: 1->1
[2025-01-21T15:36:59.866+0000][75][info ][gc,heap     ] GC(5) Humongous regions: 0->0
[2025-01-21T15:36:59.867+0000][75][info ][gc,metaspace] GC(5) Metaspace: 35188K(35968K)->35188K(35968K) NonClass: 31228K(31680K)->31228K(31680K) Class: 3960K(4288K)->3960K(4288K)
[2025-01-21T15:36:59.867+0000][75][info ][gc          ] GC(5) Pause Young (Concurrent Start) (Metadata GC Threshold) 379M->26M(3392M) 30.682ms
[2025-01-21T15:36:59.867+0000][75][info ][gc,cpu      ] GC(5) User=0.34s Sys=0.00s Real=0.03s
[2025-01-21T15:36:59.867+0000][75][info ][gc          ] GC(6) Concurrent Mark Cycle
[2025-01-21T15:36:59.868+0000][75][info ][safepoint   ] Safepoint "CollectForMetadataAllocation", Time since last: 168145783 ns, Reaching safepoint: 8447 ns, Cleanup: 23254 ns, At safepoint: 31931261 ns, Total: 31962962 ns
[2025-01-21T15:36:59.868+0000][75][info ][gc,marking  ] GC(6) Concurrent Scan Root Regions
[2025-01-21T15:36:59.872+0000][75][info ][gc,marking  ] GC(6) Concurrent Scan Root Regions 3.564ms
[2025-01-21T15:36:59.873+0000][75][info ][gc,marking  ] GC(6) Concurrent Mark
[2025-01-21T15:36:59.873+0000][75][info ][gc,marking  ] GC(6) Concurrent Mark From Roots
[2025-01-21T15:36:59.873+0000][75][info ][gc,task     ] GC(6) Using 5 workers of 5 for marking
[2025-01-21T15:36:59.875+0000][75][info ][gc,marking  ] GC(6) Concurrent Mark From Roots 1.976ms
[2025-01-21T15:36:59.875+0000][75][info ][gc,marking  ] GC(6) Concurrent Preclean
[2025-01-21T15:36:59.876+0000][75][info ][gc,marking  ] GC(6) Concurrent Preclean 0.292ms
[2025-01-21T15:36:59.876+0000][75][info ][gc,start    ] GC(6) Pause Remark
[2025-01-21T15:36:59.881+0000][75][info ][gc          ] GC(6) Pause Remark 30M->30M(3392M) 5.406ms
[2025-01-21T15:36:59.882+0000][75][info ][gc,cpu      ] GC(6) User=0.03s Sys=0.00s Real=0.00s
[2025-01-21T15:36:59.882+0000][75][info ][safepoint   ] Safepoint "G1PauseRemark", Time since last: 7905122 ns, Reaching safepoint: 7991 ns, Cleanup: 4001 ns, At safepoint: 6307155 ns, Total: 6319147 ns
[2025-01-21T15:36:59.883+0000][75][info ][gc,marking  ] GC(6) Concurrent Mark 10.144ms
[2025-01-21T15:36:59.883+0000][75][info ][gc,marking  ] GC(6) Concurrent Rebuild Remembered Sets and Scrub Regions
[2025-01-21T15:36:59.884+0000][75][info ][gc,marking  ] GC(6) Concurrent Rebuild Remembered Sets and Scrub Regions 0.918ms
[2025-01-21T15:36:59.885+0000][75][info ][gc,start    ] GC(6) Pause Cleanup
[2025-01-21T15:36:59.885+0000][75][info ][gc          ] GC(6) Pause Cleanup 30M->30M(3392M) 0.826ms
[2025-01-21T15:36:59.886+0000][75][info ][gc,cpu      ] GC(6) User=0.00s Sys=0.00s Real=0.00s
[2025-01-21T15:36:59.886+0000][75][info ][safepoint   ] Safepoint "G1PauseCleanup", Time since last: 2076679 ns, Reaching safepoint: 121274 ns, Cleanup: 12063 ns, At safepoint: 1794131 ns, Total: 1927468 ns
[2025-01-21T15:36:59.887+0000][75][info ][gc,marking  ] GC(6) Concurrent Clear Claimed Marks
[2025-01-21T15:36:59.887+0000][75][info ][gc,marking  ] GC(6) Concurrent Clear Claimed Marks 0.355ms
[2025-01-21T15:36:59.887+0000][75][info ][gc,marking  ] GC(6) Concurrent Cleanup for Next Mark
[2025-01-21T15:36:59.889+0000][75][info ][gc,marking  ] GC(6) Concurrent Cleanup for Next Mark 2.064ms
[2025-01-21T15:36:59.890+0000][75][info ][gc          ] GC(6) Concurrent Mark Cycle 22.507ms
[2025-01-21T15:37:00.887+0000][75][info ][safepoint   ] Safepoint "Cleanup", Time since last: 1000537312 ns, Reaching safepoint: 92366 ns, Cleanup: 170464 ns, At safepoint: 18363 ns, Total: 281193 ns
[2025-01-21T15:37:01.888+0000][75][info ][safepoint   ] Safepoint "Cleanup", Time since last: 1000594306 ns, Reaching safepoint: 95624 ns, Cleanup: 26466 ns, At safepoint: 20979 ns, Total: 143069 ns
[2025-01-21T15:37:02.559+0000][75][info ][safepoint   ] Safepoint "ICBufferFull", Time since last: 671351216 ns, Reaching safepoint: 92373 ns, Cleanup: 99939 ns, At safepoint: 47471 ns, Total: 239783 ns
[2025-01-21T15:37:03.560+0000][75][info ][safepoint   ] Safepoint "Cleanup", Time since last: 1000762218 ns, Reaching safepoint: 109730 ns, Cleanup: 109290 ns, At safepoint: 19128 ns, Total: 238148 ns
[2025-01-21T15:37:04.278+0000][75][info ][gc,start    ] GC(7) Pause Young (Concurrent Start) (Metadata GC Threshold)
[2025-01-21T15:37:04.278+0000][75][info ][gc,task     ] GC(7) Using 18 workers of 18 for evacuation
[2025-01-21T15:37:04.279+0000][75][debug][gc,age      ] GC(7) Desired survivor size 134217728 bytes, new threshold 15 (max threshold 15)
[2025-01-21T15:37:04.322+0000][75][info ][gc,phases   ] GC(7)   Pre Evacuate Collection Set: 0.4ms
[2025-01-21T15:37:04.322+0000][75][info ][gc,phases   ] GC(7)   Merge Heap Roots: 0.2ms
[2025-01-21T15:37:04.322+0000][75][info ][gc,phases   ] GC(7)   Evacuate Collection Set: 39.3ms
[2025-01-21T15:37:04.323+0000][75][info ][gc,phases   ] GC(7)   Post Evacuate Collection Set: 2.4ms
[2025-01-21T15:37:04.323+0000][75][info ][gc,phases   ] GC(7)   Other: 0.8ms
[2025-01-21T15:37:04.324+0000][75][trace][gc,age      ] GC(7) Age table with threshold 15 (max threshold 15)
[2025-01-21T15:37:04.324+0000][75][trace][gc,age      ] GC(7) - age   1:   15899496 bytes,   15899496 total
[2025-01-21T15:37:04.324+0000][75][trace][gc,age      ] GC(7) - age   2:    4913824 bytes,   20813320 total
[2025-01-21T15:37:04.325+0000][75][trace][gc,age      ] GC(7) - age   3:    4895944 bytes,   25709264 total
[2025-01-21T15:37:04.325+0000][75][trace][gc,age      ] GC(7) - age   4:    4571520 bytes,   30280784 total
[2025-01-21T15:37:04.325+0000][75][trace][gc,age      ] GC(7) - age   5:      16608 bytes,   30297392 total
[2025-01-21T15:37:04.326+0000][75][trace][gc,age      ] GC(7) - age   6:    8860296 bytes,   39157688 total
[2025-01-21T15:37:04.326+0000][75][info ][gc,heap     ] GC(7) Eden regions: 250->0(188)
[2025-01-21T15:37:04.326+0000][75][info ][gc,heap     ] GC(7) Survivor regions: 7->10(64)
[2025-01-21T15:37:04.327+0000][75][info ][gc,heap     ] GC(7) Old regions: 1->1
[2025-01-21T15:37:04.327+0000][75][info ][gc,heap     ] GC(7) Humongous regions: 0->0
[2025-01-21T15:37:04.327+0000][75][info ][gc,metaspace] GC(7) Metaspace: 59125K(60416K)->59125K(60416K) NonClass: 51818K(52608K)->51818K(52608K) Class: 7306K(7808K)->7306K(7808K)
[2025-01-21T15:37:04.328+0000][75][info ][gc          ] GC(7) Pause Young (Concurrent Start) (Metadata GC Threshold) 1024M->40M(3392M) 49.829ms
[2025-01-21T15:37:04.328+0000][75][info ][gc,cpu      ] GC(7) User=0.60s Sys=0.00s Real=0.05s
[2025-01-21T15:37:04.328+0000][75][info ][gc          ] GC(8) Concurrent Mark Cycle
[2025-01-21T15:37:04.329+0000][75][info ][safepoint   ] Safepoint "CollectForMetadataAllocation", Time since last: 717397816 ns, Reaching safepoint: 3474 ns, Cleanup: 44298 ns, At safepoint: 50731758 ns, Total: 50779530 ns
[2025-01-21T15:37:04.329+0000][75][info ][gc,marking  ] GC(8) Concurrent Scan Root Regions
[2025-01-21T15:37:04.333+0000][75][info ][gc,marking  ] GC(8) Concurrent Scan Root Regions 3.925ms
[2025-01-21T15:37:04.334+0000][75][info ][gc,marking  ] GC(8) Concurrent Mark
[2025-01-21T15:37:04.334+0000][75][info ][gc,marking  ] GC(8) Concurrent Mark From Roots
[2025-01-21T15:37:04.335+0000][75][info ][gc,task     ] GC(8) Using 5 workers of 5 for marking
[2025-01-21T15:37:04.337+0000][75][info ][gc,marking  ] GC(8) Concurrent Mark From Roots 2.818ms
[2025-01-21T15:37:04.337+0000][75][info ][gc,marking  ] GC(8) Concurrent Preclean
[2025-01-21T15:37:04.338+0000][75][info ][gc,marking  ] GC(8) Concurrent Preclean 0.288ms
[2025-01-21T15:37:04.338+0000][75][info ][gc,start    ] GC(8) Pause Remark
[2025-01-21T15:37:04.342+0000][75][info ][gc          ] GC(8) Pause Remark 44M->44M(3392M) 4.302ms
[2025-01-21T15:37:04.343+0000][75][info ][gc,cpu      ] GC(8) User=0.03s Sys=0.00s Real=0.01s
[2025-01-21T15:37:04.343+0000][75][info ][safepoint   ] Safepoint "G1PauseRemark", Time since last: 9189092 ns, Reaching safepoint: 3669 ns, Cleanup: 9066 ns, At safepoint: 5198379 ns, Total: 5211114 ns
[2025-01-21T15:37:04.343+0000][75][info ][gc,marking  ] GC(8) Concurrent Mark 9.482ms
[2025-01-21T15:37:04.344+0000][75][info ][gc,marking  ] GC(8) Concurrent Rebuild Remembered Sets and Scrub Regions
[2025-01-21T15:37:04.344+0000][75][info ][gc,marking  ] GC(8) Concurrent Rebuild Remembered Sets and Scrub Regions 0.891ms
[2025-01-21T15:37:04.345+0000][75][info ][gc,start    ] GC(8) Pause Cleanup
[2025-01-21T15:37:04.346+0000][75][info ][gc          ] GC(8) Pause Cleanup 44M->44M(3392M) 0.705ms
[2025-01-21T15:37:04.346+0000][75][info ][gc,cpu      ] GC(8) User=0.00s Sys=0.00s Real=0.00s
[2025-01-21T15:37:04.347+0000][75][info ][safepoint   ] Safepoint "G1PauseCleanup", Time since last: 1799604 ns, Reaching safepoint: 173402 ns, Cleanup: 11706 ns, At safepoint: 1464563 ns, Total: 1649671 ns
[2025-01-21T15:37:04.347+0000][75][info ][gc,marking  ] GC(8) Concurrent Clear Claimed Marks
[2025-01-21T15:37:04.347+0000][75][info ][gc,marking  ] GC(8) Concurrent Clear Claimed Marks 0.476ms
[2025-01-21T15:37:04.348+0000][75][info ][gc,marking  ] GC(8) Concurrent Cleanup for Next Mark
[2025-01-21T15:37:04.350+0000][75][info ][gc,marking  ] GC(8) Concurrent Cleanup for Next Mark 2.011ms
[2025-01-21T15:37:04.350+0000][75][info ][gc          ] GC(8) Concurrent Mark Cycle 22.136ms
[2025-01-21T15:37:05.074+0000][75][info ][safepoint   ] Safepoint "ICBufferFull", Time since last: 727560889 ns, Reaching safepoint: 4420 ns, Cleanup: 122793 ns, At safepoint: 2027 ns, Total: 129240 ns
[2025-01-21T15:37:06.152+0000][75][info ][safepoint   ] Safepoint "ICBufferFull", Time since last: 1077909087 ns, Reaching safepoint: 94634 ns, Cleanup: 98356 ns, At safepoint: 22072 ns, Total: 215062 ns
[2025-01-21T15:37:07.289+0000][75][info ][safepoint   ] Safepoint "ICBufferFull", Time since last: 1136987604 ns, Reaching safepoint: 3598 ns, Cleanup: 122008 ns, At safepoint: 2290 ns, Total: 127896 ns
[2025-01-21T15:37:07.949+0000][75][info ][gc,start    ] GC(9) Pause Young (Normal) (G1 Evacuation Pause)
[2025-01-21T15:37:07.950+0000][75][info ][gc,task     ] GC(9) Using 18 workers of 18 for evacuation
[2025-01-21T15:37:07.950+0000][75][debug][gc,age      ] GC(9) Desired survivor size 52428800 bytes, new threshold 15 (max threshold 15)
[2025-01-21T15:37:07.969+0000][75][info ][gc,phases   ] GC(9)   Pre Evacuate Collection Set: 0.4ms
[2025-01-21T15:37:07.969+0000][75][info ][gc,phases   ] GC(9)   Merge Heap Roots: 0.3ms
[2025-01-21T15:37:07.969+0000][75][info ][gc,phases   ] GC(9)   Evacuate Collection Set: 13.8ms
[2025-01-21T15:37:07.970+0000][75][info ][gc,phases   ] GC(9)   Post Evacuate Collection Set: 3.3ms
[2025-01-21T15:37:07.970+0000][75][info ][gc,phases   ] GC(9)   Other: 0.8ms
[2025-01-21T15:37:07.970+0000][75][trace][gc,age      ] GC(9) Age table with threshold 15 (max threshold 15)
[2025-01-21T15:37:07.970+0000][75][trace][gc,age      ] GC(9) - age   1:   17316224 bytes,   17316224 total
[2025-01-21T15:37:07.971+0000][75][trace][gc,age      ] GC(9) - age   2:   15314000 bytes,   32630224 total
[2025-01-21T15:37:07.971+0000][75][trace][gc,age      ] GC(9) - age   3:    4892208 bytes,   37522432 total
[2025-01-21T15:37:07.971+0000][75][trace][gc,age      ] GC(9) - age   4:    4883248 bytes,   42405680 total
[2025-01-21T15:37:07.971+0000][75][trace][gc,age      ] GC(9) - age   5:    4549288 bytes,   46954968 total
[2025-01-21T15:37:07.972+0000][75][trace][gc,age      ] GC(9) - age   6:      16544 bytes,   46971512 total
[2025-01-21T15:37:07.972+0000][75][trace][gc,age      ] GC(9) - age   7:    8827288 bytes,   55798800 total
[2025-01-21T15:37:07.972+0000][75][info ][gc,heap     ] GC(9) Eden regions: 188->0(202)
[2025-01-21T15:37:07.972+0000][75][info ][gc,heap     ] GC(9) Survivor regions: 10->15(25)
[2025-01-21T15:37:07.973+0000][75][info ][gc,heap     ] GC(9) Old regions: 1->1
[2025-01-21T15:37:07.973+0000][75][info ][gc,heap     ] GC(9) Humongous regions: 0->0
[2025-01-21T15:37:07.973+0000][75][info ][gc,metaspace] GC(9) Metaspace: 88205K(89920K)->88205K(89920K) NonClass: 76794K(77760K)->76794K(77760K) Class: 11410K(12160K)->11410K(12160K)
[2025-01-21T15:37:07.973+0000][75][info ][gc          ] GC(9) Pause Young (Normal) (G1 Evacuation Pause) 792M->59M(3392M) 23.931ms
[2025-01-21T15:37:07.974+0000][75][info ][gc,cpu      ] GC(9) User=0.19s Sys=0.00s Real=0.03s
[2025-01-21T15:37:07.974+0000][75][info ][safepoint   ] Safepoint "G1CollectForAllocation", Time since last: 659925241 ns, Reaching safepoint: 7252 ns, Cleanup: 72840 ns, At safepoint: 24501703 ns, Total: 24581795 ns
[2025-01-21T15:37:08.758+0000][75][info ][gc,start    ] GC(10) Pause Young (Concurrent Start) (Metadata GC Threshold)
[2025-01-21T15:37:08.759+0000][75][info ][gc,task     ] GC(10) Using 18 workers of 18 for evacuation
[2025-01-21T15:37:08.759+0000][75][debug][gc,age      ] GC(10) Desired survivor size 58720256 bytes, new threshold 15 (max threshold 15)
[2025-01-21T15:37:08.782+0000][75][info ][gc,phases   ] GC(10)   Pre Evacuate Collection Set: 0.5ms
[2025-01-21T15:37:08.782+0000][75][info ][gc,phases   ] GC(10)   Merge Heap Roots: 0.3ms
[2025-01-21T15:37:08.782+0000][75][info ][gc,phases   ] GC(10)   Evacuate Collection Set: 18.0ms
[2025-01-21T15:37:08.783+0000][75][info ][gc,phases   ] GC(10)   Post Evacuate Collection Set: 3.6ms
[2025-01-21T15:37:08.783+0000][75][info ][gc,phases   ] GC(10)   Other: 0.6ms
[2025-01-21T15:37:08.783+0000][75][trace][gc,age      ] GC(10) Age table with threshold 15 (max threshold 15)
[2025-01-21T15:37:08.784+0000][75][trace][gc,age      ] GC(10) - age   1:    3915264 bytes,    3915264 total
[2025-01-21T15:37:08.784+0000][75][trace][gc,age      ] GC(10) - age   2:   16848232 bytes,   20763496 total
[2025-01-21T15:37:08.784+0000][75][trace][gc,age      ] GC(10) - age   3:   15297976 bytes,   36061472 total
[2025-01-21T15:37:08.785+0000][75][trace][gc,age      ] GC(10) - age   4:    4887984 bytes,   40949456 total
[2025-01-21T15:37:08.785+0000][75][trace][gc,age      ] GC(10) - age   5:    4881712 bytes,   45831168 total
[2025-01-21T15:37:08.785+0000][75][trace][gc,age      ] GC(10) - age   6:    4548200 bytes,   50379368 total
[2025-01-21T15:37:08.786+0000][75][trace][gc,age      ] GC(10) - age   7:      16544 bytes,   50395912 total
[2025-01-21T15:37:08.786+0000][75][trace][gc,age      ] GC(10) - age   8:    8827192 bytes,   59223104 total
[2025-01-21T15:37:08.786+0000][75][info ][gc,heap     ] GC(10) Eden regions: 21->0(144)
[2025-01-21T15:37:08.787+0000][75][info ][gc,heap     ] GC(10) Survivor regions: 15->16(28)
[2025-01-21T15:37:08.787+0000][75][info ][gc,heap     ] GC(10) Old regions: 1->1
[2025-01-21T15:37:08.787+0000][75][info ][gc,heap     ] GC(10) Humongous regions: 0->0
[2025-01-21T15:37:08.788+0000][75][info ][gc,metaspace] GC(10) Metaspace: 99278K(101056K)->99278K(101056K) NonClass: 86410K(87488K)->86410K(87488K) Class: 12867K(13568K)->12867K(13568K)
[2025-01-21T15:37:08.788+0000][75][info ][gc          ] GC(10) Pause Young (Concurrent Start) (Metadata GC Threshold) 143M->64M(3392M) 29.810ms
[2025-01-21T15:37:08.789+0000][75][info ][gc,cpu      ] GC(10) User=0.17s Sys=0.00s Real=0.03s
[2025-01-21T15:37:08.789+0000][75][info ][gc          ] GC(11) Concurrent Mark Cycle
[2025-01-21T15:37:08.789+0000][75][info ][gc,marking  ] GC(11) Concurrent Scan Root Regions
[2025-01-21T15:37:08.789+0000][75][info ][safepoint   ] Safepoint "CollectForMetadataAllocation", Time since last: 784139128 ns, Reaching safepoint: 10827 ns, Cleanup: 150766 ns, At safepoint: 30766384 ns, Total: 30927977 ns
[2025-01-21T15:37:08.797+0000][75][info ][gc,marking  ] GC(11) Concurrent Scan Root Regions 7.943ms
[2025-01-21T15:37:08.798+0000][75][info ][gc,marking  ] GC(11) Concurrent Mark
[2025-01-21T15:37:08.798+0000][75][info ][gc,marking  ] GC(11) Concurrent Mark From Roots
[2025-01-21T15:37:08.799+0000][75][info ][gc,task     ] GC(11) Using 5 workers of 5 for marking
[2025-01-21T15:37:08.801+0000][75][info ][gc,marking  ] GC(11) Concurrent Mark From Roots 2.557ms
[2025-01-21T15:37:08.801+0000][75][info ][gc,marking  ] GC(11) Concurrent Preclean
[2025-01-21T15:37:08.802+0000][75][info ][gc,marking  ] GC(11) Concurrent Preclean 0.416ms
[2025-01-21T15:37:08.803+0000][75][info ][gc,start    ] GC(11) Pause Remark
[2025-01-21T15:37:08.809+0000][75][info ][gc          ] GC(11) Pause Remark 67M->67M(3392M) 6.035ms
[2025-01-21T15:37:08.809+0000][75][info ][gc,cpu      ] GC(11) User=0.03s Sys=0.00s Real=0.01s
[2025-01-21T15:37:08.810+0000][75][info ][safepoint   ] Safepoint "G1PauseRemark", Time since last: 13180520 ns, Reaching safepoint: 314700 ns, Cleanup: 3268 ns, At safepoint: 7141271 ns, Total: 7459239 ns
[2025-01-21T15:37:08.810+0000][75][info ][gc,marking  ] GC(11) Concurrent Mark 12.322ms
[2025-01-21T15:37:08.810+0000][75][info ][gc,marking  ] GC(11) Concurrent Rebuild Remembered Sets and Scrub Regions
[2025-01-21T15:37:08.811+0000][75][info ][gc,marking  ] GC(11) Concurrent Rebuild Remembered Sets and Scrub Regions 0.906ms
[2025-01-21T15:37:08.812+0000][75][info ][gc,start    ] GC(11) Pause Cleanup
[2025-01-21T15:37:08.812+0000][75][info ][gc          ] GC(11) Pause Cleanup 67M->67M(3392M) 0.562ms
[2025-01-21T15:37:08.813+0000][75][info ][gc,cpu      ] GC(11) User=0.01s Sys=0.00s Real=0.01s
[2025-01-21T15:37:08.813+0000][75][info ][safepoint   ] Safepoint "G1PauseCleanup", Time since last: 2131904 ns, Reaching safepoint: 3830 ns, Cleanup: 15081 ns, At safepoint: 1191579 ns, Total: 1210490 ns
[2025-01-21T15:37:08.813+0000][75][info ][gc,marking  ] GC(11) Concurrent Clear Claimed Marks
[2025-01-21T15:37:08.814+0000][75][info ][gc,marking  ] GC(11) Concurrent Clear Claimed Marks 0.517ms
[2025-01-21T15:37:08.814+0000][75][info ][gc,marking  ] GC(11) Concurrent Cleanup for Next Mark
[2025-01-21T15:37:08.817+0000][75][info ][gc,marking  ] GC(11) Concurrent Cleanup for Next Mark 2.720ms
[2025-01-21T15:37:08.818+0000][75][info ][gc          ] GC(11) Concurrent Mark Cycle 28.953ms
[2025-01-21T15:37:09.759+0000][75][info ][safepoint   ] Safepoint "ICBufferFull", Time since last: 945535440 ns, Reaching safepoint: 5034 ns, Cleanup: 143504 ns, At safepoint: 2542 ns, Total: 151080 ns
[2025-01-21T15:37:10.558+0000][75][info ][safepoint   ] Safepoint "ICBufferFull", Time since last: 798497598 ns, Reaching safepoint: 106686 ns, Cleanup: 150219 ns, At safepoint: 89553 ns, Total: 346458 ns
[2025-01-21T15:37:10.688+0000][75][info ][safepoint   ] Safepoint "ICBufferFull", Time since last: 130255896 ns, Reaching safepoint: 90049 ns, Cleanup: 91551 ns, At safepoint: 99173 ns, Total: 280773 ns
[2025-01-21T15:37:11.254+0000][75][info ][safepoint   ] Safepoint "ICBufferFull", Time since last: 565486479 ns, Reaching safepoint: 9285 ns, Cleanup: 137519 ns, At safepoint: 96555 ns, Total: 243359 ns
[2025-01-21T15:37:11.392+0000][75][info ][safepoint   ] Safepoint "ICBufferFull", Time since last: 138095799 ns, Reaching safepoint: 8630 ns, Cleanup: 98518 ns, At safepoint: 20380 ns, Total: 127528 ns
[2025-01-21T15:37:11.563+0000][75][info ][safepoint   ] Safepoint "ICBufferFull", Time since last: 170742104 ns, Reaching safepoint: 7615 ns, Cleanup: 96230 ns, At safepoint: 2378 ns, Total: 106223 ns
[2025-01-21T15:37:11.881+0000][75][info ][safepoint   ] Safepoint "ICBufferFull", Time since last: 317773465 ns, Reaching safepoint: 137309 ns, Cleanup: 189279 ns, At safepoint: 75312 ns, Total: 401900 ns
[2025-01-21T15:37:12.270+0000][75][info ][safepoint   ] Safepoint "ICBufferFull", Time since last: 388632052 ns, Reaching safepoint: 16581 ns, Cleanup: 127617 ns, At safepoint: 3364 ns, Total: 147562 ns
[2025-01-21T15:37:13.144+0000][75][info ][safepoint   ] Safepoint "ICBufferFull", Time since last: 873611875 ns, Reaching safepoint: 95695 ns, Cleanup: 86883 ns, At safepoint: 21521 ns, Total: 204099 ns
[2025-01-21T15:37:14.144+0000][75][info ][safepoint   ] Safepoint "Cleanup", Time since last: 1000542898 ns, Reaching safepoint: 9679 ns, Cleanup: 51378 ns, At safepoint: 3092 ns, Total: 64149 ns
[2025-01-21T15:37:15.145+0000][75][info ][safepoint   ] Safepoint "Cleanup", Time since last: 1000833304 ns, Reaching safepoint: 14601 ns, Cleanup: 22566 ns, At safepoint: 5339 ns, Total: 42506 ns
[2025-01-21T15:37:16.146+0000][75][info ][safepoint   ] Safepoint "Cleanup", Time since last: 1001178751 ns, Reaching safepoint: 9261 ns, Cleanup: 72988 ns, At safepoint: 4587 ns, Total: 86836 ns
[2025-01-21T15:37:17.400+0000][75][info ][gc,heap,exit] Heap
[2025-01-21T15:37:17.409+0000][75][info ][gc,heap,exit]  garbage-first heap   total 3473408K, used 468840K [0x000000072c000000, 0x0000000800000000)
[2025-01-21T15:37:17.409+0000][75][info ][gc,heap,exit]   region size 4096K, 111 young (454656K), 16 survivors (65536K)
[2025-01-21T15:37:17.410+0000][75][info ][gc,heap,exit]  Metaspace       used 127786K, committed 131328K, reserved 1179648K
[2025-01-21T15:37:17.410+0000][75][info ][gc,heap,exit]   class space    used 17415K, committed 19136K, reserved 1048576K
