[2025-02-01T13:48:22.770+0000][35][info][gc,init] CardTable entry size: 512
[2025-02-01T13:48:22.773+0000][35][info][gc     ] Using G1
[2025-02-01T13:48:22.775+0000][35][info][gc,init] Version: 21.0.2+13-58 (release)
[2025-02-01T13:48:22.776+0000][35][info][gc,init] CPUs: 24 total, 24 available
[2025-02-01T13:48:22.776+0000][35][info][gc,init] Memory: 6781M
[2025-02-01T13:48:22.777+0000][35][info][gc,init] Large Page Support: Disabled
[2025-02-01T13:48:22.777+0000][35][info][gc,init] NUMA Support: Disabled
[2025-02-01T13:48:22.778+0000][35][info][gc,init] Compressed Oops: Enabled (32-bit)
[2025-02-01T13:48:22.778+0000][35][info][gc,init] Heap Region Size: 1M
[2025-02-01T13:48:22.779+0000][35][info][gc,init] Heap Min Capacity: 8M
[2025-02-01T13:48:22.780+0000][35][info][gc,init] Heap Initial Capacity: 106M
[2025-02-01T13:48:22.781+0000][35][info][gc,init] Heap Max Capacity: 1696M
[2025-02-01T13:48:22.781+0000][35][info][gc,init] Pre-touch: Disabled
[2025-02-01T13:48:22.782+0000][35][info][gc,init] Parallel Workers: 18
[2025-02-01T13:48:22.782+0000][35][info][gc,init] Concurrent Workers: 5
[2025-02-01T13:48:22.783+0000][35][info][gc,init] Concurrent Refinement Workers: 18
[2025-02-01T13:48:22.783+0000][35][info][gc,init] Periodic GC: Disabled
[2025-02-01T13:48:22.793+0000][35][info][gc,metaspace] CDS archive(s) mapped at: [0x00007f493f000000-0x00007f493fca6000-0x00007f493fca6000), size 13262848, SharedBaseAddress: 0x00007f493f000000, ArchiveRelocationMode: 1.
[2025-02-01T13:48:22.793+0000][35][info][gc,metaspace] Compressed class space mapped at: 0x00007f4940000000-0x00007f4980000000, reserved size: 1073741824
[2025-02-01T13:48:22.794+0000][35][info][gc,metaspace] Narrow klass base: 0x00007f493f000000, Narrow klass shift: 0, Narrow klass range: 0x100000000
[2025-02-01T13:48:22.844+0000][35][info][gc,heap,exit] Heap
[2025-02-01T13:48:22.844+0000][35][info][gc,heap,exit]  garbage-first heap   total 110592K, used 3022K [0x0000000096000000, 0x0000000100000000)
[2025-02-01T13:48:22.844+0000][35][info][gc,heap,exit]   region size 1024K, 2 young (2048K), 0 survivors (0K)
[2025-02-01T13:48:22.845+0000][35][info][gc,heap,exit]  Metaspace       used 215K, committed 448K, reserved 1114112K
[2025-02-01T13:48:22.845+0000][35][info][gc,heap,exit]   class space    used 5K, committed 128K, reserved 1048576K
