[2025-02-01T14:46:07.750+0000][80][info][gc,init] CardTable entry size: 512
[2025-02-01T14:46:07.751+0000][80][info][gc     ] Using G1
[2025-02-01T14:46:12.468+0000][80][info][gc,init] Version: 21.0.2+13-58 (release)
[2025-02-01T14:46:12.469+0000][80][info][gc,init] CPUs: 24 total, 24 available
[2025-02-01T14:46:12.471+0000][80][info][gc,init] Memory: 6781M
[2025-02-01T14:46:12.471+0000][80][info][gc,init] Large Page Support: Disabled
[2025-02-01T14:46:12.472+0000][80][info][gc,init] NUMA Support: Disabled
[2025-02-01T14:46:12.472+0000][80][info][gc,init] Compressed Oops: Enabled (Zero based)
[2025-02-01T14:46:12.473+0000][80][info][gc,init] Heap Region Size: 4M
[2025-02-01T14:46:12.497+0000][80][info][gc,init] Heap Min Capacity: 3392M
[2025-02-01T14:46:12.498+0000][80][info][gc,init] Heap Initial Capacity: 3392M
[2025-02-01T14:46:12.498+0000][80][info][gc,init] Heap Max Capacity: 3392M
[2025-02-01T14:46:12.499+0000][80][info][gc,init] Pre-touch: Enabled
[2025-02-01T14:46:12.499+0000][80][info][gc,init] Parallel Workers: 18
[2025-02-01T14:46:12.500+0000][80][info][gc,init] Concurrent Workers: 5
[2025-02-01T14:46:12.500+0000][80][info][gc,init] Concurrent Refinement Workers: 18
[2025-02-01T14:46:12.501+0000][80][info][gc,init] Periodic GC: Disabled
[2025-02-01T14:46:12.572+0000][80][info][gc,metaspace] CDS archive(s) mapped at: [0x00007f8943000000-0x00007f8943ca6000-0x00007f8943ca6000), size 13262848, SharedBaseAddress: 0x00007f8943000000, ArchiveRelocationMode: 1.
[2025-02-01T14:46:12.572+0000][80][info][gc,metaspace] Compressed class space mapped at: 0x00007f8944000000-0x00007f8984000000, reserved size: 1073741824
[2025-02-01T14:46:12.573+0000][80][info][gc,metaspace] Narrow klass base: 0x00007f8943000000, Narrow klass shift: 0, Narrow klass range: 0x100000000
[2025-02-01T14:46:13.238+0000][80][info][safepoint   ] Safepoint "ICBufferFull", Time since last: 592811287 ns, Reaching safepoint: 5106 ns, Cleanup: 91413 ns, At safepoint: 2557 ns, Total: 99076 ns
[2025-02-01T14:46:13.799+0000][80][info][safepoint   ] Safepoint "ICBufferFull", Time since last: 560816101 ns, Reaching safepoint: 6838 ns, Cleanup: 112212 ns, At safepoint: 3400 ns, Total: 122450 ns
[2025-02-01T14:46:14.169+0000][80][info][safepoint   ] Safepoint "ICBufferFull", Time since last: 370241902 ns, Reaching safepoint: 4222 ns, Cleanup: 89386 ns, At safepoint: 1659 ns, Total: 95267 ns
[2025-02-01T14:46:14.966+0000][80][info][safepoint   ] Safepoint "ICBufferFull", Time since last: 797160817 ns, Reaching safepoint: 92765 ns, Cleanup: 97291 ns, At safepoint: 39973 ns, Total: 230029 ns
[2025-02-01T14:46:15.668+0000][80][info][safepoint   ] Safepoint "ICBufferFull", Time since last: 700994535 ns, Reaching safepoint: 7697 ns, Cleanup: 121663 ns, At safepoint: 77582 ns, Total: 206942 ns
[2025-02-01T14:46:16.281+0000][80][info][safepoint   ] Safepoint "ICBufferFull", Time since last: 613561264 ns, Reaching safepoint: 3990 ns, Cleanup: 87027 ns, At safepoint: 26715 ns, Total: 117732 ns
[2025-02-01T14:46:16.420+0000][80][info][gc,start    ] GC(0) Pause Young (Normal) (G1 Evacuation Pause)
[2025-02-01T14:46:16.422+0000][80][info][gc,task     ] GC(0) Using 18 workers of 18 for evacuation
[2025-02-01T14:46:16.423+0000][80][debug][gc,age      ] GC(0) Desired survivor size 12582912 bytes, new threshold 15 (max threshold 15)
[2025-02-01T14:46:16.440+0000][80][info ][gc,phases   ] GC(0)   Pre Evacuate Collection Set: 3.9ms
[2025-02-01T14:46:16.440+0000][80][info ][gc,phases   ] GC(0)   Merge Heap Roots: 0.7ms
[2025-02-01T14:46:16.440+0000][80][info ][gc,phases   ] GC(0)   Evacuate Collection Set: 7.0ms
[2025-02-01T14:46:16.441+0000][80][info ][gc,phases   ] GC(0)   Post Evacuate Collection Set: 4.2ms
[2025-02-01T14:46:16.441+0000][80][info ][gc,phases   ] GC(0)   Other: 1.7ms
[2025-02-01T14:46:16.442+0000][80][trace][gc,age      ] GC(0) Age table with threshold 15 (max threshold 15)
[2025-02-01T14:46:16.442+0000][80][trace][gc,age      ] GC(0) - age   1:   11541856 bytes,   11541856 total
[2025-02-01T14:46:16.442+0000][80][info ][gc,heap     ] GC(0) Eden regions: 42->0(38)
[2025-02-01T14:46:16.443+0000][80][info ][gc,heap     ] GC(0) Survivor regions: 0->4(6)
[2025-02-01T14:46:16.443+0000][80][info ][gc,heap     ] GC(0) Old regions: 1->1
[2025-02-01T14:46:16.443+0000][80][info ][gc,heap     ] GC(0) Humongous regions: 0->0
[2025-02-01T14:46:16.443+0000][80][info ][gc,metaspace] GC(0) Metaspace: 20916K(21504K)->20916K(21504K) NonClass: 18609K(18944K)->18609K(18944K) Class: 2307K(2560K)->2307K(2560K)
[2025-02-01T14:46:16.444+0000][80][info ][gc          ] GC(0) Pause Young (Normal) (G1 Evacuation Pause) 169M->13M(3392M) 23.997ms
[2025-02-01T14:46:16.444+0000][80][info ][gc,cpu      ] GC(0) User=0.16s Sys=0.00s Real=0.02s
[2025-02-01T14:46:16.445+0000][80][info ][safepoint   ] Safepoint "G1CollectForAllocation", Time since last: 137374979 ns, Reaching safepoint: 5151 ns, Cleanup: 40724 ns, At safepoint: 26233871 ns, Total: 26279746 ns
[2025-02-01T14:46:16.476+0000][80][info ][gc,start    ] GC(1) Pause Young (Concurrent Start) (Metadata GC Threshold)
[2025-02-01T14:46:16.477+0000][80][info ][gc,task     ] GC(1) Using 18 workers of 18 for evacuation
[2025-02-01T14:46:16.477+0000][80][debug][gc,age      ] GC(1) Desired survivor size 12582912 bytes, new threshold 15 (max threshold 15)
[2025-02-01T14:46:16.489+0000][80][info ][gc,phases   ] GC(1)   Pre Evacuate Collection Set: 3.3ms
[2025-02-01T14:46:16.489+0000][80][info ][gc,phases   ] GC(1)   Merge Heap Roots: 0.6ms
[2025-02-01T14:46:16.489+0000][80][info ][gc,phases   ] GC(1)   Evacuate Collection Set: 5.0ms
[2025-02-01T14:46:16.489+0000][80][info ][gc,phases   ] GC(1)   Post Evacuate Collection Set: 2.1ms
[2025-02-01T14:46:16.490+0000][80][info ][gc,phases   ] GC(1)   Other: 0.9ms
[2025-02-01T14:46:16.490+0000][80][trace][gc,age      ] GC(1) Age table with threshold 15 (max threshold 15)
[2025-02-01T14:46:16.490+0000][80][trace][gc,age      ] GC(1) - age   1:      22880 bytes,      22880 total
[2025-02-01T14:46:16.490+0000][80][trace][gc,age      ] GC(1) - age   2:    9091144 bytes,    9114024 total
[2025-02-01T14:46:16.490+0000][80][info ][gc,heap     ] GC(1) Eden regions: 2->0(48)
[2025-02-01T14:46:16.491+0000][80][info ][gc,heap     ] GC(1) Survivor regions: 4->3(6)
[2025-02-01T14:46:16.491+0000][80][info ][gc,heap     ] GC(1) Old regions: 1->1
[2025-02-01T14:46:16.491+0000][80][info ][gc,heap     ] GC(1) Humongous regions: 0->0
[2025-02-01T14:46:16.491+0000][80][info ][gc,metaspace] GC(1) Metaspace: 20955K(21504K)->20955K(21504K) NonClass: 18640K(18944K)->18640K(18944K) Class: 2314K(2560K)->2314K(2560K)
[2025-02-01T14:46:16.492+0000][80][info ][gc          ] GC(1) Pause Young (Concurrent Start) (Metadata GC Threshold) 21M->10M(3392M) 15.294ms
[2025-02-01T14:46:16.492+0000][80][info ][gc,cpu      ] GC(1) User=0.10s Sys=0.00s Real=0.02s
[2025-02-01T14:46:16.492+0000][80][info ][gc          ] GC(2) Concurrent Mark Cycle
[2025-02-01T14:46:16.493+0000][80][info ][safepoint   ] Safepoint "CollectForMetadataAllocation", Time since last: 31188739 ns, Reaching safepoint: 8284 ns, Cleanup: 23140 ns, At safepoint: 16282943 ns, Total: 16314367 ns
[2025-02-01T14:46:16.493+0000][80][info ][gc,marking  ] GC(2) Concurrent Scan Root Regions
[2025-02-01T14:46:16.498+0000][80][info ][gc,marking  ] GC(2) Concurrent Scan Root Regions 4.828ms
[2025-02-01T14:46:16.498+0000][80][info ][gc,marking  ] GC(2) Concurrent Mark
[2025-02-01T14:46:16.498+0000][80][info ][gc,marking  ] GC(2) Concurrent Mark From Roots
[2025-02-01T14:46:16.499+0000][80][info ][gc,task     ] GC(2) Using 5 workers of 5 for marking
[2025-02-01T14:46:16.503+0000][80][info ][gc,marking  ] GC(2) Concurrent Mark From Roots 4.417ms
[2025-02-01T14:46:16.503+0000][80][info ][gc,marking  ] GC(2) Concurrent Preclean
[2025-02-01T14:46:16.504+0000][80][info ][gc,marking  ] GC(2) Concurrent Preclean 0.343ms
[2025-02-01T14:46:16.504+0000][80][info ][gc,start    ] GC(2) Pause Remark
[2025-02-01T14:46:16.510+0000][80][info ][gc          ] GC(2) Pause Remark 13M->13M(3392M) 5.423ms
[2025-02-01T14:46:16.511+0000][80][info ][gc,cpu      ] GC(2) User=0.06s Sys=0.00s Real=0.01s
[2025-02-01T14:46:16.511+0000][80][info ][safepoint   ] Safepoint "G1PauseRemark", Time since last: 11558421 ns, Reaching safepoint: 9470 ns, Cleanup: 14257 ns, At safepoint: 7012330 ns, Total: 7036057 ns
[2025-02-01T14:46:16.512+0000][80][info ][gc,marking  ] GC(2) Concurrent Mark 13.433ms
[2025-02-01T14:46:16.512+0000][80][info ][gc,marking  ] GC(2) Concurrent Rebuild Remembered Sets and Scrub Regions
[2025-02-01T14:46:16.513+0000][80][info ][gc,marking  ] GC(2) Concurrent Rebuild Remembered Sets and Scrub Regions 1.296ms
[2025-02-01T14:46:16.514+0000][80][info ][gc,start    ] GC(2) Pause Cleanup
[2025-02-01T14:46:16.515+0000][80][info ][gc          ] GC(2) Pause Cleanup 13M->13M(3392M) 1.252ms
[2025-02-01T14:46:16.515+0000][80][info ][gc,cpu      ] GC(2) User=0.00s Sys=0.00s Real=0.00s
[2025-02-01T14:46:16.516+0000][80][info ][safepoint   ] Safepoint "G1PauseCleanup", Time since last: 2497033 ns, Reaching safepoint: 116883 ns, Cleanup: 16103 ns, At safepoint: 2494677 ns, Total: 2627663 ns
[2025-02-01T14:46:16.517+0000][80][info ][gc,marking  ] GC(2) Concurrent Clear Claimed Marks
[2025-02-01T14:46:16.517+0000][80][info ][gc,marking  ] GC(2) Concurrent Clear Claimed Marks 0.338ms
[2025-02-01T14:46:16.517+0000][80][info ][gc,marking  ] GC(2) Concurrent Cleanup for Next Mark
[2025-02-01T14:46:16.523+0000][80][info ][gc,marking  ] GC(2) Concurrent Cleanup for Next Mark 5.726ms
[2025-02-01T14:46:16.523+0000][80][info ][gc          ] GC(2) Concurrent Mark Cycle 31.287ms
[2025-02-01T14:46:17.081+0000][80][info ][safepoint   ] Safepoint "ICBufferFull", Time since last: 564890548 ns, Reaching safepoint: 4364 ns, Cleanup: 82587 ns, At safepoint: 1610 ns, Total: 88561 ns
[2025-02-01T14:46:17.762+0000][80][info ][gc,start    ] GC(3) Pause Young (Prepare Mixed) (G1 Evacuation Pause)
[2025-02-01T14:46:17.762+0000][80][info ][gc,task     ] GC(3) Using 18 workers of 18 for evacuation
[2025-02-01T14:46:17.763+0000][80][debug][gc,age      ] GC(3) Desired survivor size 14680064 bytes, new threshold 15 (max threshold 15)
[2025-02-01T14:46:17.790+0000][80][info ][gc,phases   ] GC(3)   Pre Evacuate Collection Set: 0.4ms
[2025-02-01T14:46:17.790+0000][80][info ][gc,phases   ] GC(3)   Merge Heap Roots: 0.3ms
[2025-02-01T14:46:17.790+0000][80][info ][gc,phases   ] GC(3)   Evacuate Collection Set: 22.6ms
[2025-02-01T14:46:17.791+0000][80][info ][gc,phases   ] GC(3)   Post Evacuate Collection Set: 2.8ms
[2025-02-01T14:46:17.791+0000][80][info ][gc,phases   ] GC(3)   Other: 0.9ms
[2025-02-01T14:46:17.792+0000][80][trace][gc,age      ] GC(3) Age table with threshold 15 (max threshold 15)
[2025-02-01T14:46:17.792+0000][80][trace][gc,age      ] GC(3) - age   1:    4812248 bytes,    4812248 total
[2025-02-01T14:46:17.793+0000][80][trace][gc,age      ] GC(3) - age   2:      16672 bytes,    4828920 total
[2025-02-01T14:46:17.793+0000][80][trace][gc,age      ] GC(3) - age   3:    9080080 bytes,   13909000 total
[2025-02-01T14:46:17.794+0000][80][info ][gc,heap     ] GC(3) Eden regions: 48->0(67)
[2025-02-01T14:46:17.794+0000][80][info ][gc,heap     ] GC(3) Survivor regions: 3->4(7)
[2025-02-01T14:46:17.794+0000][80][info ][gc,heap     ] GC(3) Old regions: 1->1
[2025-02-01T14:46:17.795+0000][80][info ][gc,heap     ] GC(3) Humongous regions: 0->0
[2025-02-01T14:46:17.795+0000][80][info ][gc,metaspace] GC(3) Metaspace: 28100K(28736K)->28100K(28736K) NonClass: 25006K(25344K)->25006K(25344K) Class: 3094K(3392K)->3094K(3392K)
[2025-02-01T14:46:17.796+0000][80][info ][gc          ] GC(3) Pause Young (Prepare Mixed) (G1 Evacuation Pause) 202M->15M(3392M) 34.268ms
[2025-02-01T14:46:17.796+0000][80][info ][gc,cpu      ] GC(3) User=0.36s Sys=0.00s Real=0.03s
[2025-02-01T14:46:17.797+0000][80][info ][safepoint   ] Safepoint "G1CollectForAllocation", Time since last: 680197930 ns, Reaching safepoint: 11014 ns, Cleanup: 114767 ns, At safepoint: 35379436 ns, Total: 35505217 ns
[2025-02-01T14:46:18.573+0000][80][info ][safepoint   ] Safepoint "ICBufferFull", Time since last: 776441115 ns, Reaching safepoint: 4258 ns, Cleanup: 109803 ns, At safepoint: 2287 ns, Total: 116348 ns
[2025-02-01T14:46:19.067+0000][80][info ][gc,start    ] GC(4) Pause Young (Mixed) (G1 Evacuation Pause)
[2025-02-01T14:46:19.068+0000][80][info ][gc,task     ] GC(4) Using 18 workers of 18 for evacuation
[2025-02-01T14:46:19.068+0000][80][debug][gc,age      ] GC(4) Desired survivor size 18874368 bytes, new threshold 15 (max threshold 15)
[2025-02-01T14:46:19.086+0000][80][info ][gc,phases   ] GC(4)   Pre Evacuate Collection Set: 0.4ms
[2025-02-01T14:46:19.086+0000][80][info ][gc,phases   ] GC(4)   Merge Heap Roots: 0.3ms
[2025-02-01T14:46:19.087+0000][80][info ][gc,phases   ] GC(4)   Evacuate Collection Set: 14.5ms
[2025-02-01T14:46:19.087+0000][80][info ][gc,phases   ] GC(4)   Post Evacuate Collection Set: 2.5ms
[2025-02-01T14:46:19.087+0000][80][info ][gc,phases   ] GC(4)   Other: 0.6ms
[2025-02-01T14:46:19.088+0000][80][trace][gc,age      ] GC(4) Age table with threshold 15 (max threshold 15)
[2025-02-01T14:46:19.088+0000][80][trace][gc,age      ] GC(4) - age   1:    7003888 bytes,    7003888 total
[2025-02-01T14:46:19.088+0000][80][trace][gc,age      ] GC(4) - age   2:    4795192 bytes,   11799080 total
[2025-02-01T14:46:19.089+0000][80][trace][gc,age      ] GC(4) - age   3:      16640 bytes,   11815720 total
[2025-02-01T14:46:19.089+0000][80][trace][gc,age      ] GC(4) - age   4:    9077824 bytes,   20893544 total
[2025-02-01T14:46:19.089+0000][80][info ][gc,heap     ] GC(4) Eden regions: 67->0(71)
[2025-02-01T14:46:19.089+0000][80][info ][gc,heap     ] GC(4) Survivor regions: 4->6(9)
[2025-02-01T14:46:19.090+0000][80][info ][gc,heap     ] GC(4) Old regions: 1->1
[2025-02-01T14:46:19.090+0000][80][info ][gc,heap     ] GC(4) Humongous regions: 0->0
[2025-02-01T14:46:19.090+0000][80][info ][gc,metaspace] GC(4) Metaspace: 29871K(30592K)->29871K(30592K) NonClass: 26471K(26880K)->26471K(26880K) Class: 3400K(3712K)->3400K(3712K)
[2025-02-01T14:46:19.091+0000][80][info ][gc          ] GC(4) Pause Young (Mixed) (G1 Evacuation Pause) 283M->22M(3392M) 23.215ms
[2025-02-01T14:46:19.091+0000][80][info ][gc,cpu      ] GC(4) User=0.21s Sys=0.00s Real=0.03s
[2025-02-01T14:46:19.091+0000][80][info ][safepoint   ] Safepoint "G1CollectForAllocation", Time since last: 493729177 ns, Reaching safepoint: 4731 ns, Cleanup: 63082 ns, At safepoint: 23992320 ns, Total: 24060133 ns
[2025-02-01T14:46:19.564+0000][80][info ][gc,start    ] GC(5) Pause Young (Normal) (G1 Evacuation Pause)
[2025-02-01T14:46:19.565+0000][80][info ][gc,task     ] GC(5) Using 18 workers of 18 for evacuation
[2025-02-01T14:46:19.566+0000][80][debug][gc,age      ] GC(5) Desired survivor size 20971520 bytes, new threshold 15 (max threshold 15)
[2025-02-01T14:46:19.578+0000][80][info ][gc,phases   ] GC(5)   Pre Evacuate Collection Set: 0.4ms
[2025-02-01T14:46:19.579+0000][80][info ][gc,phases   ] GC(5)   Merge Heap Roots: 0.2ms
[2025-02-01T14:46:19.579+0000][80][info ][gc,phases   ] GC(5)   Evacuate Collection Set: 9.3ms
[2025-02-01T14:46:19.580+0000][80][info ][gc,phases   ] GC(5)   Post Evacuate Collection Set: 2.0ms
[2025-02-01T14:46:19.580+0000][80][info ][gc,phases   ] GC(5)   Other: 1.3ms
[2025-02-01T14:46:19.581+0000][80][trace][gc,age      ] GC(5) Age table with threshold 15 (max threshold 15)
[2025-02-01T14:46:19.581+0000][80][trace][gc,age      ] GC(5) - age   1:    2099784 bytes,    2099784 total
[2025-02-01T14:46:19.582+0000][80][trace][gc,age      ] GC(5) - age   2:    5653304 bytes,    7753088 total
[2025-02-01T14:46:19.582+0000][80][trace][gc,age      ] GC(5) - age   3:    4793656 bytes,   12546744 total
[2025-02-01T14:46:19.583+0000][80][trace][gc,age      ] GC(5) - age   4:      16640 bytes,   12563384 total
[2025-02-01T14:46:19.583+0000][80][trace][gc,age      ] GC(5) - age   5:    9077232 bytes,   21640616 total
[2025-02-01T14:46:19.584+0000][80][info ][gc,heap     ] GC(5) Eden regions: 71->0(502)
[2025-02-01T14:46:19.585+0000][80][info ][gc,heap     ] GC(5) Survivor regions: 6->6(10)
[2025-02-01T14:46:19.585+0000][80][info ][gc,heap     ] GC(5) Old regions: 1->1
[2025-02-01T14:46:19.586+0000][80][info ][gc,heap     ] GC(5) Humongous regions: 0->0
[2025-02-01T14:46:19.586+0000][80][info ][gc,metaspace] GC(5) Metaspace: 30562K(31360K)->30562K(31360K) NonClass: 27067K(27520K)->27067K(27520K) Class: 3494K(3840K)->3494K(3840K)
[2025-02-01T14:46:19.587+0000][80][info ][gc          ] GC(5) Pause Young (Normal) (G1 Evacuation Pause) 306M->23M(3392M) 22.789ms
[2025-02-01T14:46:19.587+0000][80][info ][gc,cpu      ] GC(5) User=0.13s Sys=0.00s Real=0.02s
[2025-02-01T14:46:19.588+0000][80][info ][safepoint   ] Safepoint "G1CollectForAllocation", Time since last: 472829733 ns, Reaching safepoint: 4611 ns, Cleanup: 43005 ns, At safepoint: 23891302 ns, Total: 23938918 ns
[2025-02-01T14:46:20.017+0000][80][info ][gc,start    ] GC(6) Pause Young (Concurrent Start) (Metadata GC Threshold)
[2025-02-01T14:46:20.018+0000][80][info ][gc,task     ] GC(6) Using 18 workers of 18 for evacuation
[2025-02-01T14:46:20.018+0000][80][debug][gc,age      ] GC(6) Desired survivor size 134217728 bytes, new threshold 15 (max threshold 15)
[2025-02-01T14:46:20.028+0000][80][info ][gc,phases   ] GC(6)   Pre Evacuate Collection Set: 0.4ms
[2025-02-01T14:46:20.028+0000][80][info ][gc,phases   ] GC(6)   Merge Heap Roots: 0.2ms
[2025-02-01T14:46:20.029+0000][80][info ][gc,phases   ] GC(6)   Evacuate Collection Set: 6.9ms
[2025-02-01T14:46:20.029+0000][80][info ][gc,phases   ] GC(6)   Post Evacuate Collection Set: 2.0ms
[2025-02-01T14:46:20.029+0000][80][info ][gc,phases   ] GC(6)   Other: 0.8ms
[2025-02-01T14:46:20.030+0000][80][trace][gc,age      ] GC(6) Age table with threshold 15 (max threshold 15)
[2025-02-01T14:46:20.030+0000][80][trace][gc,age      ] GC(6) - age   1:    2623896 bytes,    2623896 total
[2025-02-01T14:46:20.030+0000][80][trace][gc,age      ] GC(6) - age   2:    1422232 bytes,    4046128 total
[2025-02-01T14:46:20.030+0000][80][trace][gc,age      ] GC(6) - age   3:    5652232 bytes,    9698360 total
[2025-02-01T14:46:20.031+0000][80][trace][gc,age      ] GC(6) - age   4:    4793656 bytes,   14492016 total
[2025-02-01T14:46:20.031+0000][80][trace][gc,age      ] GC(6) - age   5:      16640 bytes,   14508656 total
[2025-02-01T14:46:20.031+0000][80][trace][gc,age      ] GC(6) - age   6:    9076352 bytes,   23585008 total
[2025-02-01T14:46:20.032+0000][80][info ][gc,heap     ] GC(6) Eden regions: 14->0(501)
[2025-02-01T14:46:20.032+0000][80][info ][gc,heap     ] GC(6) Survivor regions: 6->7(64)
[2025-02-01T14:46:20.032+0000][80][info ][gc,heap     ] GC(6) Old regions: 1->1
[2025-02-01T14:46:20.033+0000][80][info ][gc,heap     ] GC(6) Humongous regions: 0->0
[2025-02-01T14:46:20.033+0000][80][info ][gc,metaspace] GC(6) Metaspace: 35181K(35968K)->35181K(35968K) NonClass: 31220K(31680K)->31220K(31680K) Class: 3960K(4288K)->3960K(4288K)
[2025-02-01T14:46:20.033+0000][80][info ][gc          ] GC(6) Pause Young (Concurrent Start) (Metadata GC Threshold) 77M->25M(3392M) 16.217ms
[2025-02-01T14:46:20.034+0000][80][info ][gc,cpu      ] GC(6) User=0.06s Sys=0.00s Real=0.02s
[2025-02-01T14:46:20.034+0000][80][info ][gc          ] GC(7) Concurrent Mark Cycle
[2025-02-01T14:46:20.034+0000][80][info ][gc,marking  ] GC(7) Concurrent Scan Root Regions
[2025-02-01T14:46:20.034+0000][80][info ][safepoint   ] Safepoint "CollectForMetadataAllocation", Time since last: 429084757 ns, Reaching safepoint: 4610 ns, Cleanup: 72607 ns, At safepoint: 17222279 ns, Total: 17299496 ns
[2025-02-01T14:46:20.037+0000][80][info ][gc,marking  ] GC(7) Concurrent Scan Root Regions 3.032ms
[2025-02-01T14:46:20.038+0000][80][info ][gc,marking  ] GC(7) Concurrent Mark
[2025-02-01T14:46:20.038+0000][80][info ][gc,marking  ] GC(7) Concurrent Mark From Roots
[2025-02-01T14:46:20.038+0000][80][info ][gc,task     ] GC(7) Using 5 workers of 5 for marking
[2025-02-01T14:46:20.040+0000][80][info ][gc,marking  ] GC(7) Concurrent Mark From Roots 2.279ms
[2025-02-01T14:46:20.041+0000][80][info ][gc,marking  ] GC(7) Concurrent Preclean
[2025-02-01T14:46:20.041+0000][80][info ][gc,marking  ] GC(7) Concurrent Preclean 0.223ms
[2025-02-01T14:46:20.041+0000][80][info ][gc,start    ] GC(7) Pause Remark
[2025-02-01T14:46:20.045+0000][80][info ][gc          ] GC(7) Pause Remark 29M->29M(3392M) 4.282ms
[2025-02-01T14:46:20.046+0000][80][info ][gc,cpu      ] GC(7) User=0.02s Sys=0.00s Real=0.00s
[2025-02-01T14:46:20.046+0000][80][info ][safepoint   ] Safepoint "G1PauseRemark", Time since last: 6620261 ns, Reaching safepoint: 81461 ns, Cleanup: 8740 ns, At safepoint: 4968332 ns, Total: 5058533 ns
[2025-02-01T14:46:20.046+0000][80][info ][gc,marking  ] GC(7) Concurrent Mark 8.681ms
[2025-02-01T14:46:20.047+0000][80][info ][gc,marking  ] GC(7) Concurrent Rebuild Remembered Sets and Scrub Regions
[2025-02-01T14:46:20.048+0000][80][info ][gc,marking  ] GC(7) Concurrent Rebuild Remembered Sets and Scrub Regions 0.879ms
[2025-02-01T14:46:20.048+0000][80][info ][gc,start    ] GC(7) Pause Cleanup
[2025-02-01T14:46:20.049+0000][80][info ][gc          ] GC(7) Pause Cleanup 29M->29M(3392M) 0.746ms
[2025-02-01T14:46:20.049+0000][80][info ][gc,cpu      ] GC(7) User=0.00s Sys=0.00s Real=0.00s
[2025-02-01T14:46:20.049+0000][80][info ][safepoint   ] Safepoint "G1PauseCleanup", Time since last: 1807852 ns, Reaching safepoint: 92488 ns, Cleanup: 11443 ns, At safepoint: 1432369 ns, Total: 1536300 ns
[2025-02-01T14:46:20.050+0000][80][info ][gc,marking  ] GC(7) Concurrent Clear Claimed Marks
[2025-02-01T14:46:20.050+0000][80][info ][gc,marking  ] GC(7) Concurrent Clear Claimed Marks 0.394ms
[2025-02-01T14:46:20.050+0000][80][info ][gc,marking  ] GC(7) Concurrent Cleanup for Next Mark
[2025-02-01T14:46:20.053+0000][80][info ][gc,marking  ] GC(7) Concurrent Cleanup for Next Mark 2.581ms
[2025-02-01T14:46:20.054+0000][80][info ][gc          ] GC(7) Concurrent Mark Cycle 20.018ms
[2025-02-01T14:46:21.050+0000][80][info ][safepoint   ] Safepoint "Cleanup", Time since last: 1000310988 ns, Reaching safepoint: 94631 ns, Cleanup: 96844 ns, At safepoint: 6672 ns, Total: 198147 ns
[2025-02-01T14:46:22.051+0000][80][info ][safepoint   ] Safepoint "Cleanup", Time since last: 1000631661 ns, Reaching safepoint: 5834 ns, Cleanup: 35250 ns, At safepoint: 24986 ns, Total: 66070 ns
[2025-02-01T14:46:23.052+0000][80][info ][safepoint   ] Safepoint "Cleanup", Time since last: 1000591283 ns, Reaching safepoint: 166006 ns, Cleanup: 56984 ns, At safepoint: 62923 ns, Total: 285913 ns
[2025-02-01T14:46:23.801+0000][80][info ][safepoint   ] Safepoint "ICBufferFull", Time since last: 749040305 ns, Reaching safepoint: 7787 ns, Cleanup: 121508 ns, At safepoint: 3350 ns, Total: 132645 ns
[2025-02-01T14:46:25.115+0000][80][info ][safepoint   ] Safepoint "ICBufferFull", Time since last: 1314606815 ns, Reaching safepoint: 4474 ns, Cleanup: 95626 ns, At safepoint: 1845 ns, Total: 101945 ns
[2025-02-01T14:46:25.301+0000][80][info ][gc,start    ] GC(8) Pause Young (Concurrent Start) (Metadata GC Threshold)
[2025-02-01T14:46:25.301+0000][80][info ][gc,task     ] GC(8) Using 18 workers of 18 for evacuation
[2025-02-01T14:46:25.302+0000][80][debug][gc,age      ] GC(8) Desired survivor size 134217728 bytes, new threshold 15 (max threshold 15)
[2025-02-01T14:46:25.336+0000][80][info ][gc,phases   ] GC(8)   Pre Evacuate Collection Set: 0.8ms
[2025-02-01T14:46:25.336+0000][80][info ][gc,phases   ] GC(8)   Merge Heap Roots: 0.2ms
[2025-02-01T14:46:25.337+0000][80][info ][gc,phases   ] GC(8)   Evacuate Collection Set: 28.4ms
[2025-02-01T14:46:25.337+0000][80][info ][gc,phases   ] GC(8)   Post Evacuate Collection Set: 3.2ms
[2025-02-01T14:46:25.337+0000][80][info ][gc,phases   ] GC(8)   Other: 1.8ms
[2025-02-01T14:46:25.338+0000][80][trace][gc,age      ] GC(8) Age table with threshold 15 (max threshold 15)
[2025-02-01T14:46:25.338+0000][80][trace][gc,age      ] GC(8) - age   1:   15809040 bytes,   15809040 total
[2025-02-01T14:46:25.338+0000][80][trace][gc,age      ] GC(8) - age   2:    2585280 bytes,   18394320 total
[2025-02-01T14:46:25.339+0000][80][trace][gc,age      ] GC(8) - age   3:    1401024 bytes,   19795344 total
[2025-02-01T14:46:25.339+0000][80][trace][gc,age      ] GC(8) - age   4:    5622728 bytes,   25418072 total
[2025-02-01T14:46:25.339+0000][80][trace][gc,age      ] GC(8) - age   5:    4769632 bytes,   30187704 total
[2025-02-01T14:46:25.340+0000][80][trace][gc,age      ] GC(8) - age   6:      16608 bytes,   30204312 total
[2025-02-01T14:46:25.340+0000][80][trace][gc,age      ] GC(8) - age   7:    8860904 bytes,   39065216 total
[2025-02-01T14:46:25.340+0000][80][info ][gc,heap     ] GC(8) Eden regions: 251->0(335)
[2025-02-01T14:46:25.341+0000][80][info ][gc,heap     ] GC(8) Survivor regions: 7->11(64)
[2025-02-01T14:46:25.341+0000][80][info ][gc,heap     ] GC(8) Old regions: 1->1
[2025-02-01T14:46:25.341+0000][80][info ][gc,heap     ] GC(8) Humongous regions: 0->0
[2025-02-01T14:46:25.341+0000][80][info ][gc,metaspace] GC(8) Metaspace: 59149K(60416K)->59149K(60416K) NonClass: 51901K(52672K)->51901K(52672K) Class: 7247K(7744K)->7247K(7744K)
[2025-02-01T14:46:25.342+0000][80][info ][gc          ] GC(8) Pause Young (Concurrent Start) (Metadata GC Threshold) 1029M->42M(3392M) 40.992ms
[2025-02-01T14:46:25.342+0000][80][info ][gc,cpu      ] GC(8) User=0.41s Sys=0.00s Real=0.04s
[2025-02-01T14:46:25.342+0000][80][info ][gc          ] GC(9) Concurrent Mark Cycle
[2025-02-01T14:46:25.343+0000][80][info ][gc,marking  ] GC(9) Concurrent Scan Root Regions
[2025-02-01T14:46:25.344+0000][80][info ][safepoint   ] Safepoint "CollectForMetadataAllocation", Time since last: 185399074 ns, Reaching safepoint: 4651 ns, Cleanup: 17279 ns, At safepoint: 42853999 ns, Total: 42875929 ns
[2025-02-01T14:46:25.347+0000][80][info ][gc,marking  ] GC(9) Concurrent Scan Root Regions 4.523ms
[2025-02-01T14:46:25.348+0000][80][info ][gc,marking  ] GC(9) Concurrent Mark
[2025-02-01T14:46:25.348+0000][80][info ][gc,marking  ] GC(9) Concurrent Mark From Roots
[2025-02-01T14:46:25.349+0000][80][info ][gc,task     ] GC(9) Using 5 workers of 5 for marking
[2025-02-01T14:46:25.350+0000][80][info ][gc,marking  ] GC(9) Concurrent Mark From Roots 2.055ms
[2025-02-01T14:46:25.351+0000][80][info ][gc,marking  ] GC(9) Concurrent Preclean
[2025-02-01T14:46:25.351+0000][80][info ][gc,marking  ] GC(9) Concurrent Preclean 0.326ms
[2025-02-01T14:46:25.351+0000][80][info ][gc,start    ] GC(9) Pause Remark
[2025-02-01T14:46:25.356+0000][80][info ][gc          ] GC(9) Pause Remark 46M->46M(3392M) 4.677ms
[2025-02-01T14:46:25.357+0000][80][info ][gc,cpu      ] GC(9) User=0.02s Sys=0.00s Real=0.00s
[2025-02-01T14:46:25.357+0000][80][info ][safepoint   ] Safepoint "G1PauseRemark", Time since last: 7680374 ns, Reaching safepoint: 111764 ns, Cleanup: 10135 ns, At safepoint: 5692378 ns, Total: 5814277 ns
[2025-02-01T14:46:25.358+0000][80][info ][gc,marking  ] GC(9) Concurrent Mark 9.690ms
[2025-02-01T14:46:25.358+0000][80][info ][gc,marking  ] GC(9) Concurrent Rebuild Remembered Sets and Scrub Regions
[2025-02-01T14:46:25.359+0000][80][info ][gc,marking  ] GC(9) Concurrent Rebuild Remembered Sets and Scrub Regions 1.106ms
[2025-02-01T14:46:25.359+0000][80][info ][gc,start    ] GC(9) Pause Cleanup
[2025-02-01T14:46:25.361+0000][80][info ][gc          ] GC(9) Pause Cleanup 46M->46M(3392M) 1.609ms
[2025-02-01T14:46:25.361+0000][80][info ][gc,cpu      ] GC(9) User=0.00s Sys=0.00s Real=0.00s
[2025-02-01T14:46:25.362+0000][80][info ][safepoint   ] Safepoint "G1PauseCleanup", Time since last: 2147875 ns, Reaching safepoint: 3525 ns, Cleanup: 14245 ns, At safepoint: 2366162 ns, Total: 2383932 ns
[2025-02-01T14:46:25.362+0000][80][info ][gc,marking  ] GC(9) Concurrent Clear Claimed Marks
[2025-02-01T14:46:25.362+0000][80][info ][gc,marking  ] GC(9) Concurrent Clear Claimed Marks 0.367ms
[2025-02-01T14:46:25.363+0000][80][info ][gc,marking  ] GC(9) Concurrent Cleanup for Next Mark
[2025-02-01T14:46:25.365+0000][80][info ][gc,marking  ] GC(9) Concurrent Cleanup for Next Mark 2.146ms
[2025-02-01T14:46:25.365+0000][80][info ][gc          ] GC(9) Concurrent Mark Cycle 22.881ms
[2025-02-01T14:46:26.270+0000][80][info ][safepoint   ] Safepoint "ICBufferFull", Time since last: 907762201 ns, Reaching safepoint: 5166 ns, Cleanup: 102446 ns, At safepoint: 2303 ns, Total: 109915 ns
[2025-02-01T14:46:27.271+0000][80][info ][safepoint   ] Safepoint "Cleanup", Time since last: 1001801341 ns, Reaching safepoint: 2997 ns, Cleanup: 70344 ns, At safepoint: 19314 ns, Total: 92655 ns
[2025-02-01T14:46:27.818+0000][80][info ][safepoint   ] Safepoint "ICBufferFull", Time since last: 546274132 ns, Reaching safepoint: 4908 ns, Cleanup: 121384 ns, At safepoint: 2259 ns, Total: 128551 ns
[2025-02-01T14:46:28.843+0000][80][info ][safepoint   ] Safepoint "Cleanup", Time since last: 1024837524 ns, Reaching safepoint: 4204 ns, Cleanup: 140093 ns, At safepoint: 14874 ns, Total: 159171 ns
[2025-02-01T14:46:29.933+0000][80][info ][gc,start    ] GC(10) Pause Young (Concurrent Start) (Metadata GC Threshold)
[2025-02-01T14:46:29.934+0000][80][info ][gc,task     ] GC(10) Using 18 workers of 18 for evacuation
[2025-02-01T14:46:29.935+0000][80][debug][gc,age      ] GC(10) Desired survivor size 92274688 bytes, new threshold 15 (max threshold 15)
[2025-02-01T14:46:29.954+0000][80][info ][gc,phases   ] GC(10)   Pre Evacuate Collection Set: 0.6ms
[2025-02-01T14:46:29.954+0000][80][info ][gc,phases   ] GC(10)   Merge Heap Roots: 0.3ms
[2025-02-01T14:46:29.955+0000][80][info ][gc,phases   ] GC(10)   Evacuate Collection Set: 14.2ms
[2025-02-01T14:46:29.955+0000][80][info ][gc,phases   ] GC(10)   Post Evacuate Collection Set: 3.3ms
[2025-02-01T14:46:29.956+0000][80][info ][gc,phases   ] GC(10)   Other: 1.6ms
[2025-02-01T14:46:29.956+0000][80][trace][gc,age      ] GC(10) Age table with threshold 15 (max threshold 15)
[2025-02-01T14:46:29.957+0000][80][trace][gc,age      ] GC(10) - age   1:   20705144 bytes,   20705144 total
[2025-02-01T14:46:29.958+0000][80][trace][gc,age      ] GC(10) - age   2:   15202376 bytes,   35907520 total
[2025-02-01T14:46:29.958+0000][80][trace][gc,age      ] GC(10) - age   3:    2573512 bytes,   38481032 total
[2025-02-01T14:46:29.959+0000][80][trace][gc,age      ] GC(10) - age   4:    1386792 bytes,   39867824 total
[2025-02-01T14:46:29.959+0000][80][trace][gc,age      ] GC(10) - age   5:    5607056 bytes,   45474880 total
[2025-02-01T14:46:29.960+0000][80][trace][gc,age      ] GC(10) - age   6:    4745416 bytes,   50220296 total
[2025-02-01T14:46:29.960+0000][80][trace][gc,age      ] GC(10) - age   7:      16480 bytes,   50236776 total
[2025-02-01T14:46:29.961+0000][80][trace][gc,age      ] GC(10) - age   8:    8817400 bytes,   59054176 total
[2025-02-01T14:46:29.961+0000][80][info ][gc,heap     ] GC(10) Eden regions: 208->0(322)
[2025-02-01T14:46:29.962+0000][80][info ][gc,heap     ] GC(10) Survivor regions: 11->16(44)
[2025-02-01T14:46:29.962+0000][80][info ][gc,heap     ] GC(10) Old regions: 1->1
[2025-02-01T14:46:29.963+0000][80][info ][gc,heap     ] GC(10) Humongous regions: 0->0
[2025-02-01T14:46:29.963+0000][80][info ][gc,metaspace] GC(10) Metaspace: 98941K(100800K)->98941K(100800K) NonClass: 86101K(87168K)->86101K(87168K) Class: 12839K(13632K)->12839K(13632K)
[2025-02-01T14:46:29.964+0000][80][info ][gc          ] GC(10) Pause Young (Concurrent Start) (Metadata GC Threshold) 874M->62M(3392M) 30.926ms
[2025-02-01T14:46:29.964+0000][80][info ][gc,cpu      ] GC(10) User=0.19s Sys=0.00s Real=0.03s
[2025-02-01T14:46:29.965+0000][80][info ][gc          ] GC(11) Concurrent Mark Cycle
[2025-02-01T14:46:29.966+0000][80][info ][gc,marking  ] GC(11) Concurrent Scan Root Regions
[2025-02-01T14:46:29.965+0000][80][info ][safepoint   ] Safepoint "CollectForMetadataAllocation", Time since last: 1090061703 ns, Reaching safepoint: 5659 ns, Cleanup: 120583 ns, At safepoint: 32115089 ns, Total: 32241331 ns
[2025-02-01T14:46:29.974+0000][80][info ][gc,marking  ] GC(11) Concurrent Scan Root Regions 8.520ms
[2025-02-01T14:46:29.975+0000][80][info ][gc,marking  ] GC(11) Concurrent Mark
[2025-02-01T14:46:29.976+0000][80][info ][gc,marking  ] GC(11) Concurrent Mark From Roots
[2025-02-01T14:46:29.976+0000][80][info ][gc,task     ] GC(11) Using 5 workers of 5 for marking
[2025-02-01T14:46:29.978+0000][80][info ][gc,marking  ] GC(11) Concurrent Mark From Roots 2.799ms
[2025-02-01T14:46:29.979+0000][80][info ][gc,marking  ] GC(11) Concurrent Preclean
[2025-02-01T14:46:29.979+0000][80][info ][gc,marking  ] GC(11) Concurrent Preclean 0.534ms
[2025-02-01T14:46:29.980+0000][80][info ][gc,start    ] GC(11) Pause Remark
[2025-02-01T14:46:29.986+0000][80][info ][gc          ] GC(11) Pause Remark 66M->66M(3392M) 5.408ms
[2025-02-01T14:46:29.986+0000][80][info ][gc,cpu      ] GC(11) User=0.03s Sys=0.00s Real=0.00s
[2025-02-01T14:46:29.987+0000][80][info ][safepoint   ] Safepoint "G1PauseRemark", Time since last: 14924132 ns, Reaching safepoint: 95474 ns, Cleanup: 6064 ns, At safepoint: 6507592 ns, Total: 6609130 ns
[2025-02-01T14:46:29.988+0000][80][info ][gc,marking  ] GC(11) Concurrent Mark 12.535ms
[2025-02-01T14:46:29.988+0000][80][info ][gc,marking  ] GC(11) Concurrent Rebuild Remembered Sets and Scrub Regions
[2025-02-01T14:46:29.989+0000][80][info ][gc,marking  ] GC(11) Concurrent Rebuild Remembered Sets and Scrub Regions 1.183ms
[2025-02-01T14:46:29.990+0000][80][info ][gc,start    ] GC(11) Pause Cleanup
[2025-02-01T14:46:29.991+0000][80][info ][gc          ] GC(11) Pause Cleanup 66M->66M(3392M) 0.719ms
[2025-02-01T14:46:29.991+0000][80][info ][gc,cpu      ] GC(11) User=0.00s Sys=0.00s Real=0.00s
[2025-02-01T14:46:29.992+0000][80][info ][safepoint   ] Safepoint "G1PauseCleanup", Time since last: 3219074 ns, Reaching safepoint: 101314 ns, Cleanup: 13827 ns, At safepoint: 1791302 ns, Total: 1906443 ns
[2025-02-01T14:46:29.993+0000][80][info ][gc,marking  ] GC(11) Concurrent Clear Claimed Marks
[2025-02-01T14:46:29.993+0000][80][info ][gc,marking  ] GC(11) Concurrent Clear Claimed Marks 0.773ms
[2025-02-01T14:46:29.994+0000][80][info ][gc,marking  ] GC(11) Concurrent Cleanup for Next Mark
[2025-02-01T14:46:29.997+0000][80][info ][gc,marking  ] GC(11) Concurrent Cleanup for Next Mark 2.682ms
[2025-02-01T14:46:29.998+0000][80][info ][gc          ] GC(11) Concurrent Mark Cycle 32.938ms
[2025-02-01T14:46:30.703+0000][80][info ][safepoint   ] Safepoint "ICBufferFull", Time since last: 710558245 ns, Reaching safepoint: 4755 ns, Cleanup: 120173 ns, At safepoint: 15262 ns, Total: 140190 ns
[2025-02-01T14:46:31.397+0000][80][info ][safepoint   ] Safepoint "ICBufferFull", Time since last: 694590373 ns, Reaching safepoint: 11211 ns, Cleanup: 184852 ns, At safepoint: 5783 ns, Total: 201846 ns
[2025-02-01T14:46:31.603+0000][80][info ][safepoint   ] Safepoint "ICBufferFull", Time since last: 205506202 ns, Reaching safepoint: 4675 ns, Cleanup: 96168 ns, At safepoint: 29480 ns, Total: 130323 ns
[2025-02-01T14:46:31.801+0000][80][info ][safepoint   ] Safepoint "ICBufferFull", Time since last: 197612956 ns, Reaching safepoint: 91446 ns, Cleanup: 81713 ns, At safepoint: 63181 ns, Total: 236340 ns
[2025-02-01T14:46:32.158+0000][80][info ][safepoint   ] Safepoint "ICBufferFull", Time since last: 356559918 ns, Reaching safepoint: 171063 ns, Cleanup: 121206 ns, At safepoint: 18546 ns, Total: 310815 ns
[2025-02-01T14:46:32.429+0000][80][info ][safepoint   ] Safepoint "ICBufferFull", Time since last: 270924129 ns, Reaching safepoint: 13030 ns, Cleanup: 95250 ns, At safepoint: 16156 ns, Total: 124436 ns
[2025-02-01T14:46:33.104+0000][80][info ][safepoint   ] Safepoint "ICBufferFull", Time since last: 674589086 ns, Reaching safepoint: 87900 ns, Cleanup: 113644 ns, At safepoint: 48637 ns, Total: 250181 ns
[2025-02-01T14:46:33.368+0000][80][info ][safepoint   ] Safepoint "ICBufferFull", Time since last: 263940979 ns, Reaching safepoint: 9485 ns, Cleanup: 75452 ns, At safepoint: 23515 ns, Total: 108452 ns
[2025-02-01T14:46:33.697+0000][80][info ][safepoint   ] Safepoint "ICBufferFull", Time since last: 328785534 ns, Reaching safepoint: 8811 ns, Cleanup: 104753 ns, At safepoint: 29694 ns, Total: 143258 ns
[2025-02-01T14:46:33.697+0000][80][info ][safepoint   ] Safepoint "ICBufferFull", Time since last: 777625 ns, Reaching safepoint: 17100 ns, Cleanup: 3145 ns, At safepoint: 75641 ns, Total: 95886 ns
[2025-02-01T14:46:33.946+0000][80][info ][safepoint   ] Safepoint "ICBufferFull", Time since last: 248852050 ns, Reaching safepoint: 8723 ns, Cleanup: 85324 ns, At safepoint: 32292 ns, Total: 126339 ns
[2025-02-01T14:46:34.344+0000][80][info ][safepoint   ] Safepoint "ICBufferFull", Time since last: 396764541 ns, Reaching safepoint: 93217 ns, Cleanup: 132468 ns, At safepoint: 213800 ns, Total: 439485 ns
[2025-02-01T14:46:34.648+0000][80][info ][safepoint   ] Safepoint "ICBufferFull", Time since last: 303763397 ns, Reaching safepoint: 14508 ns, Cleanup: 96065 ns, At safepoint: 25139 ns, Total: 135712 ns
[2025-02-01T14:46:34.875+0000][80][info ][safepoint   ] Safepoint "ICBufferFull", Time since last: 227659759 ns, Reaching safepoint: 17163 ns, Cleanup: 92783 ns, At safepoint: 4171 ns, Total: 114117 ns
[2025-02-01T14:46:35.070+0000][80][info ][safepoint   ] Safepoint "ICBufferFull", Time since last: 194425760 ns, Reaching safepoint: 16493 ns, Cleanup: 92906 ns, At safepoint: 50311 ns, Total: 159710 ns
[2025-02-01T14:46:35.140+0000][80][info ][safepoint   ] Safepoint "ICBufferFull", Time since last: 69644217 ns, Reaching safepoint: 17885 ns, Cleanup: 100370 ns, At safepoint: 4146 ns, Total: 122401 ns
[2025-02-01T14:46:35.818+0000][80][info ][safepoint   ] Safepoint "ICBufferFull", Time since last: 678094997 ns, Reaching safepoint: 17587 ns, Cleanup: 130067 ns, At safepoint: 18864 ns, Total: 166518 ns
[2025-02-01T14:46:37.029+0000][80][info ][safepoint   ] Safepoint "Cleanup", Time since last: 1210949254 ns, Reaching safepoint: 20950 ns, Cleanup: 47256 ns, At safepoint: 4743 ns, Total: 72949 ns
[2025-02-01T14:46:38.030+0000][80][info ][safepoint   ] Safepoint "Cleanup", Time since last: 1000852435 ns, Reaching safepoint: 27841 ns, Cleanup: 46776 ns, At safepoint: 7170 ns, Total: 81787 ns
[2025-02-01T14:46:39.032+0000][80][info ][safepoint   ] Safepoint "Cleanup", Time since last: 1002160568 ns, Reaching safepoint: 20987 ns, Cleanup: 12802 ns, At safepoint: 4315 ns, Total: 38104 ns
[2025-02-01T14:46:40.272+0000][80][info ][safepoint   ] Safepoint "Cleanup", Time since last: 1240004857 ns, Reaching safepoint: 8617 ns, Cleanup: 84718 ns, At safepoint: 30484 ns, Total: 123819 ns
[2025-02-01T14:46:40.432+0000][80][info ][safepoint   ] Safepoint "ICBufferFull", Time since last: 158394022 ns, Reaching safepoint: 760891 ns, Cleanup: 122248 ns, At safepoint: 132159 ns, Total: 1015298 ns
[2025-02-01T14:46:41.427+0000][80][info ][safepoint   ] Safepoint "Cleanup", Time since last: 1000521882 ns, Reaching safepoint: 116016 ns, Cleanup: 85793 ns, At safepoint: 48561 ns, Total: 250370 ns
[2025-02-01T14:46:41.603+0000][80][info ][safepoint   ] Safepoint "ICBufferFull", Time since last: 175760978 ns, Reaching safepoint: 22290 ns, Cleanup: 113474 ns, At safepoint: 5094 ns, Total: 140858 ns
[2025-02-01T14:46:42.700+0000][80][info ][safepoint   ] Safepoint "Cleanup", Time since last: 1096973572 ns, Reaching safepoint: 45824 ns, Cleanup: 55105 ns, At safepoint: 7233 ns, Total: 108162 ns
[2025-02-01T14:46:44.009+0000][80][info ][safepoint   ] Safepoint "ICBufferFull", Time since last: 1304627311 ns, Reaching safepoint: 4510457 ns, Cleanup: 120040 ns, At safepoint: 156000 ns, Total: 4786497 ns
[2025-02-01T14:46:44.204+0000][80][info ][safepoint   ] Safepoint "ICBufferFull", Time since last: 194328863 ns, Reaching safepoint: 210985 ns, Cleanup: 178565 ns, At safepoint: 106111 ns, Total: 495661 ns
[2025-02-01T14:46:44.299+0000][80][info ][safepoint   ] Safepoint "ICBufferFull", Time since last: 95032718 ns, Reaching safepoint: 153676 ns, Cleanup: 125326 ns, At safepoint: 146796 ns, Total: 425798 ns
[2025-02-01T14:46:44.301+0000][80][info ][safepoint   ] Safepoint "ICBufferFull", Time since last: 769862 ns, Reaching safepoint: 193289 ns, Cleanup: 7230 ns, At safepoint: 150400 ns, Total: 350919 ns
[2025-02-01T14:46:44.447+0000][80][info ][safepoint   ] Safepoint "ICBufferFull", Time since last: 145917355 ns, Reaching safepoint: 50913 ns, Cleanup: 189772 ns, At safepoint: 158219 ns, Total: 398904 ns
[2025-02-01T14:46:44.980+0000][80][info ][safepoint   ] Safepoint "ICBufferFull", Time since last: 533238241 ns, Reaching safepoint: 24257 ns, Cleanup: 94745 ns, At safepoint: 21203 ns, Total: 140205 ns
[2025-02-01T14:46:46.739+0000][80][info ][safepoint   ] Safepoint "Cleanup", Time since last: 1749993514 ns, Reaching safepoint: 8178172 ns, Cleanup: 217576 ns, At safepoint: 140771 ns, Total: 8536519 ns
[2025-02-01T14:46:46.744+0000][80][info ][safepoint   ] Safepoint "ICBufferFull", Time since last: 2897182 ns, Reaching safepoint: 1694761 ns, Cleanup: 17029 ns, At safepoint: 170337 ns, Total: 1882127 ns
[2025-02-01T14:46:46.748+0000][80][info ][safepoint   ] Safepoint "ICBufferFull", Time since last: 1066292 ns, Reaching safepoint: 3470472 ns, Cleanup: 5000 ns, At safepoint: 140221 ns, Total: 3615693 ns
[2025-02-01T14:46:46.750+0000][80][info ][safepoint   ] Safepoint "ICBufferFull", Time since last: 1097571 ns, Reaching safepoint: 132045 ns, Cleanup: 7589 ns, At safepoint: 82084 ns, Total: 221718 ns
[2025-02-01T14:46:46.750+0000][80][info ][safepoint   ] Safepoint "ICBufferFull", Time since last: 621729 ns, Reaching safepoint: 114083 ns, Cleanup: 7777 ns, At safepoint: 66281 ns, Total: 188141 ns
[2025-02-01T14:46:47.371+0000][80][info ][safepoint   ] Safepoint "ICBufferFull", Time since last: 620360522 ns, Reaching safepoint: 107445 ns, Cleanup: 101675 ns, At safepoint: 50946 ns, Total: 260066 ns
[2025-02-01T14:46:48.824+0000][80][info ][safepoint   ] Safepoint "Cleanup", Time since last: 1452361011 ns, Reaching safepoint: 55558 ns, Cleanup: 129491 ns, At safepoint: 12921 ns, Total: 197970 ns
[2025-02-01T14:46:49.825+0000][80][info ][safepoint   ] Safepoint "Cleanup", Time since last: 1001618358 ns, Reaching safepoint: 31282 ns, Cleanup: 19711 ns, At safepoint: 5087 ns, Total: 56080 ns
[2025-02-01T14:46:50.826+0000][80][info ][safepoint   ] Safepoint "Cleanup", Time since last: 1000627643 ns, Reaching safepoint: 179255 ns, Cleanup: 74279 ns, At safepoint: 95980 ns, Total: 349514 ns
[2025-02-01T14:46:51.882+0000][80][info ][safepoint   ] Safepoint "Cleanup", Time since last: 1055800480 ns, Reaching safepoint: 36796 ns, Cleanup: 40041 ns, At safepoint: 6190 ns, Total: 83027 ns
[2025-02-01T14:46:53.256+0000][80][info ][safepoint   ] Safepoint "Cleanup", Time since last: 1373465449 ns, Reaching safepoint: 11981 ns, Cleanup: 15556 ns, At safepoint: 17934 ns, Total: 45471 ns
[2025-02-01T14:46:54.848+0000][80][info ][safepoint   ] Safepoint "Cleanup", Time since last: 1592399288 ns, Reaching safepoint: 38917 ns, Cleanup: 53269 ns, At safepoint: 5543 ns, Total: 97729 ns
[2025-02-01T14:46:55.849+0000][80][info ][safepoint   ] Safepoint "Cleanup", Time since last: 1000645107 ns, Reaching safepoint: 49500 ns, Cleanup: 20275 ns, At safepoint: 12232 ns, Total: 82007 ns
[2025-02-01T14:46:56.859+0000][80][info ][safepoint   ] Safepoint "Cleanup", Time since last: 1010255354 ns, Reaching safepoint: 40811 ns, Cleanup: 40273 ns, At safepoint: 9598 ns, Total: 90682 ns
[2025-02-01T14:46:58.860+0000][80][info ][safepoint   ] Safepoint "Cleanup", Time since last: 2000910820 ns, Reaching safepoint: 28967 ns, Cleanup: 17806 ns, At safepoint: 5394 ns, Total: 52167 ns
[2025-02-01T14:46:59.866+0000][80][info ][safepoint   ] Safepoint "Cleanup", Time since last: 1005783334 ns, Reaching safepoint: 21868 ns, Cleanup: 50770 ns, At safepoint: 5087 ns, Total: 77725 ns
[2025-02-01T14:47:00.905+0000][80][info ][safepoint   ] Safepoint "Cleanup", Time since last: 1038826245 ns, Reaching safepoint: 16198 ns, Cleanup: 76209 ns, At safepoint: 8524 ns, Total: 100931 ns
[2025-02-01T14:47:01.918+0000][80][info ][safepoint   ] Safepoint "Cleanup", Time since last: 1013365129 ns, Reaching safepoint: 35963 ns, Cleanup: 19103 ns, At safepoint: 9081 ns, Total: 64147 ns
[2025-02-01T14:47:02.919+0000][80][info ][safepoint   ] Safepoint "Cleanup", Time since last: 1000836061 ns, Reaching safepoint: 26291 ns, Cleanup: 40374 ns, At safepoint: 5952 ns, Total: 72617 ns
[2025-02-01T14:47:03.920+0000][80][info ][safepoint   ] Safepoint "Cleanup", Time since last: 1000479424 ns, Reaching safepoint: 529446 ns, Cleanup: 69390 ns, At safepoint: 160664 ns, Total: 759500 ns
[2025-02-01T14:47:04.921+0000][80][info ][safepoint   ] Safepoint "Cleanup", Time since last: 1000561361 ns, Reaching safepoint: 47608 ns, Cleanup: 14736 ns, At safepoint: 6992 ns, Total: 69336 ns
[2025-02-01T14:47:05.934+0000][80][info ][safepoint   ] Safepoint "Cleanup", Time since last: 1012553637 ns, Reaching safepoint: 25360 ns, Cleanup: 110497 ns, At safepoint: 70635 ns, Total: 206492 ns
[2025-02-01T14:47:06.967+0000][80][info ][safepoint   ] Safepoint "Cleanup", Time since last: 1033232062 ns, Reaching safepoint: 30725 ns, Cleanup: 26471 ns, At safepoint: 6412 ns, Total: 63608 ns
[2025-02-01T14:47:08.953+0000][80][info ][safepoint   ] Safepoint "Cleanup", Time since last: 1985566170 ns, Reaching safepoint: 44263 ns, Cleanup: 93400 ns, At safepoint: 57355 ns, Total: 195018 ns
[2025-02-01T14:47:10.954+0000][80][info ][safepoint   ] Safepoint "Cleanup", Time since last: 2001255784 ns, Reaching safepoint: 56730 ns, Cleanup: 34637 ns, At safepoint: 105101 ns, Total: 196468 ns
[2025-02-01T14:47:11.984+0000][80][info ][safepoint   ] Safepoint "Cleanup", Time since last: 1030238561 ns, Reaching safepoint: 11423 ns, Cleanup: 28643 ns, At safepoint: 42807 ns, Total: 82873 ns
[2025-02-01T14:47:12.992+0000][80][info ][safepoint   ] Safepoint "Cleanup", Time since last: 1008138037 ns, Reaching safepoint: 44361 ns, Cleanup: 36609 ns, At safepoint: 10594 ns, Total: 91564 ns
[2025-02-01T14:47:14.994+0000][80][info ][safepoint   ] Safepoint "Cleanup", Time since last: 2001640816 ns, Reaching safepoint: 46265 ns, Cleanup: 42624 ns, At safepoint: 11533 ns, Total: 100422 ns
[2025-02-01T14:47:15.994+0000][80][info ][safepoint   ] Safepoint "Cleanup", Time since last: 1000860270 ns, Reaching safepoint: 34510 ns, Cleanup: 17440 ns, At safepoint: 7716 ns, Total: 59666 ns
[2025-02-01T14:47:16.995+0000][80][info ][safepoint   ] Safepoint "Cleanup", Time since last: 1000983665 ns, Reaching safepoint: 29918 ns, Cleanup: 13118 ns, At safepoint: 5431 ns, Total: 48467 ns
[2025-02-01T14:47:18.012+0000][80][info ][safepoint   ] Safepoint "Cleanup", Time since last: 1016796987 ns, Reaching safepoint: 19115 ns, Cleanup: 97511 ns, At safepoint: 10135 ns, Total: 126761 ns
[2025-02-01T14:47:19.030+0000][80][info ][safepoint   ] Safepoint "Cleanup", Time since last: 1017748764 ns, Reaching safepoint: 58819 ns, Cleanup: 60408 ns, At safepoint: 14288 ns, Total: 133515 ns
[2025-02-01T14:47:21.032+0000][80][info ][safepoint   ] Safepoint "Cleanup", Time since last: 2001897936 ns, Reaching safepoint: 77608 ns, Cleanup: 31594 ns, At safepoint: 10433 ns, Total: 119635 ns
[2025-02-01T14:47:22.038+0000][80][info ][safepoint   ] Safepoint "Cleanup", Time since last: 1005595525 ns, Reaching safepoint: 29741 ns, Cleanup: 16448 ns, At safepoint: 5834 ns, Total: 52023 ns
[2025-02-01T14:47:23.302+0000][80][info ][safepoint   ] Safepoint "Cleanup", Time since last: 1263848504 ns, Reaching safepoint: 9680 ns, Cleanup: 17254 ns, At safepoint: 4318 ns, Total: 31252 ns
[2025-02-01T14:47:25.069+0000][80][info ][safepoint   ] Safepoint "Cleanup", Time since last: 1767146923 ns, Reaching safepoint: 29903 ns, Cleanup: 33665 ns, At safepoint: 5776 ns, Total: 69344 ns
[2025-02-01T14:47:26.070+0000][80][info ][safepoint   ] Safepoint "Cleanup", Time since last: 1000706225 ns, Reaching safepoint: 30364 ns, Cleanup: 13737 ns, At safepoint: 5789 ns, Total: 49890 ns
[2025-02-01T14:47:27.071+0000][80][info ][safepoint   ] Safepoint "Cleanup", Time since last: 1000961527 ns, Reaching safepoint: 30916 ns, Cleanup: 25026 ns, At safepoint: 6105 ns, Total: 62047 ns
[2025-02-01T14:47:29.072+0000][80][info ][safepoint   ] Safepoint "Cleanup", Time since last: 2000786624 ns, Reaching safepoint: 177559 ns, Cleanup: 20711 ns, At safepoint: 12080 ns, Total: 210350 ns
[2025-02-01T14:47:30.086+0000][80][info ][safepoint   ] Safepoint "ICBufferFull", Time since last: 1014190484 ns, Reaching safepoint: 40780 ns, Cleanup: 214241 ns, At safepoint: 12035 ns, Total: 267056 ns
[2025-02-01T14:47:31.137+0000][80][info ][safepoint   ] Safepoint "Cleanup", Time since last: 1050610002 ns, Reaching safepoint: 29802 ns, Cleanup: 27663 ns, At safepoint: 6032 ns, Total: 63497 ns
[2025-02-01T14:47:32.138+0000][80][info ][safepoint   ] Safepoint "Cleanup", Time since last: 1000906651 ns, Reaching safepoint: 38575 ns, Cleanup: 18301 ns, At safepoint: 10840 ns, Total: 67716 ns
[2025-02-01T14:47:33.139+0000][80][info ][safepoint   ] Safepoint "Cleanup", Time since last: 1001058597 ns, Reaching safepoint: 39122 ns, Cleanup: 30987 ns, At safepoint: 10166 ns, Total: 80275 ns
[2025-02-01T14:47:34.140+0000][80][info ][safepoint   ] Safepoint "Cleanup", Time since last: 1001293570 ns, Reaching safepoint: 36202 ns, Cleanup: 27583 ns, At safepoint: 9416 ns, Total: 73201 ns
[2025-02-01T14:47:35.141+0000][80][info ][safepoint   ] Safepoint "Cleanup", Time since last: 1000949353 ns, Reaching safepoint: 26730 ns, Cleanup: 14702 ns, At safepoint: 5244 ns, Total: 46676 ns
[2025-02-01T14:47:35.370+0000][80][info ][gc,start    ] GC(12) Pause Young (Concurrent Start) (CodeCache GC Threshold)
[2025-02-01T14:47:35.371+0000][80][info ][gc,task     ] GC(12) Using 18 workers of 18 for evacuation
[2025-02-01T14:47:35.371+0000][80][debug][gc,age      ] GC(12) Desired survivor size 90177536 bytes, new threshold 15 (max threshold 15)
[2025-02-01T14:47:35.593+0000][80][info ][gc,mmu      ] GC(12) MMU target violated: 201.0ms (200.0ms/201.0ms)
[2025-02-01T14:47:35.594+0000][80][info ][gc,phases   ] GC(12)   Pre Evacuate Collection Set: 0.8ms
[2025-02-01T14:47:35.594+0000][80][info ][gc,phases   ] GC(12)   Merge Heap Roots: 0.3ms
[2025-02-01T14:47:35.595+0000][80][info ][gc,phases   ] GC(12)   Evacuate Collection Set: 211.0ms
[2025-02-01T14:47:35.595+0000][80][info ][gc,phases   ] GC(12)   Post Evacuate Collection Set: 9.3ms
[2025-02-01T14:47:35.595+0000][80][info ][gc,phases   ] GC(12)   Other: 2.0ms
[2025-02-01T14:47:35.595+0000][80][trace][gc,age      ] GC(12) Age table with threshold 15 (max threshold 15)
[2025-02-01T14:47:35.596+0000][80][trace][gc,age      ] GC(12) - age   1:   61166752 bytes,   61166752 total
[2025-02-01T14:47:35.596+0000][80][trace][gc,age      ] GC(12) - age   2:   20026296 bytes,   81193048 total
[2025-02-01T14:47:35.596+0000][80][trace][gc,age      ] GC(12) - age   3:   15045832 bytes,   96238880 total
[2025-02-01T14:47:35.596+0000][80][trace][gc,age      ] GC(12) - age   4:    2573320 bytes,   98812200 total
[2025-02-01T14:47:35.597+0000][80][trace][gc,age      ] GC(12) - age   5:    1383032 bytes,  100195232 total
[2025-02-01T14:47:35.597+0000][80][trace][gc,age      ] GC(12) - age   6:    5605168 bytes,  105800400 total
[2025-02-01T14:47:35.597+0000][80][trace][gc,age      ] GC(12) - age   7:    4720968 bytes,  110521368 total
[2025-02-01T14:47:35.597+0000][80][trace][gc,age      ] GC(12) - age   8:      16480 bytes,  110537848 total
[2025-02-01T14:47:35.598+0000][80][trace][gc,age      ] GC(12) - age   9:    8758064 bytes,  119295912 total
[2025-02-01T14:47:35.598+0000][80][info ][gc,heap     ] GC(12) Eden regions: 311->0(128)
[2025-02-01T14:47:35.598+0000][80][info ][gc,heap     ] GC(12) Survivor regions: 16->33(43)
[2025-02-01T14:47:35.598+0000][80][info ][gc,heap     ] GC(12) Old regions: 1->1
[2025-02-01T14:47:35.599+0000][80][info ][gc,heap     ] GC(12) Humongous regions: 4->4
[2025-02-01T14:47:35.599+0000][80][info ][gc,metaspace] GC(12) Metaspace: 145436K(149440K)->145436K(149440K) NonClass: 125614K(127744K)->125614K(127744K) Class: 19821K(21696K)->19821K(21696K)
[2025-02-01T14:47:35.599+0000][80][info ][gc          ] GC(12) Pause Young (Concurrent Start) (CodeCache GC Threshold) 1320M->148M(3392M) 229.579ms
[2025-02-01T14:47:35.599+0000][80][info ][gc          ] GC(13) Concurrent Mark Cycle
[2025-02-01T14:47:35.600+0000][80][info ][gc,marking  ] GC(13) Concurrent Scan Root Regions
[2025-02-01T14:47:35.599+0000][80][info ][gc,cpu      ] GC(12) User=3.43s Sys=0.00s Real=0.23s
[2025-02-01T14:47:35.600+0000][80][info ][safepoint   ] Safepoint "G1TryInitiateConcMark", Time since last: 228090825 ns, Reaching safepoint: 20866 ns, Cleanup: 34476 ns, At safepoint: 230694478 ns, Total: 230749820 ns
[2025-02-01T14:47:35.610+0000][80][info ][gc,marking  ] GC(13) Concurrent Scan Root Regions 9.869ms
[2025-02-01T14:47:35.610+0000][80][info ][gc,marking  ] GC(13) Concurrent Mark
[2025-02-01T14:47:35.610+0000][80][info ][gc,marking  ] GC(13) Concurrent Mark From Roots
[2025-02-01T14:47:35.610+0000][80][info ][gc,task     ] GC(13) Using 5 workers of 5 for marking
[2025-02-01T14:47:35.612+0000][80][info ][gc,marking  ] GC(13) Concurrent Mark From Roots 1.735ms
[2025-02-01T14:47:35.612+0000][80][info ][gc,marking  ] GC(13) Concurrent Preclean
[2025-02-01T14:47:35.612+0000][80][info ][gc,marking  ] GC(13) Concurrent Preclean 0.253ms
[2025-02-01T14:47:35.614+0000][80][info ][gc,start    ] GC(13) Pause Remark
[2025-02-01T14:47:35.624+0000][80][info ][gc          ] GC(13) Pause Remark 165M->165M(3392M) 10.621ms
[2025-02-01T14:47:35.625+0000][80][info ][gc,cpu      ] GC(13) User=0.06s Sys=0.00s Real=0.01s
[2025-02-01T14:47:35.625+0000][80][info ][safepoint   ] Safepoint "G1PauseRemark", Time since last: 12397743 ns, Reaching safepoint: 887896 ns, Cleanup: 13661 ns, At safepoint: 11578960 ns, Total: 12480517 ns
[2025-02-01T14:47:35.626+0000][80][info ][gc,marking  ] GC(13) Concurrent Mark 15.800ms
[2025-02-01T14:47:35.626+0000][80][info ][gc,marking  ] GC(13) Concurrent Rebuild Remembered Sets and Scrub Regions
[2025-02-01T14:47:35.627+0000][80][info ][gc,marking  ] GC(13) Concurrent Rebuild Remembered Sets and Scrub Regions 0.982ms
[2025-02-01T14:47:35.628+0000][80][info ][gc,start    ] GC(13) Pause Cleanup
[2025-02-01T14:47:35.629+0000][80][info ][gc          ] GC(13) Pause Cleanup 165M->165M(3392M) 0.861ms
[2025-02-01T14:47:35.629+0000][80][info ][gc,cpu      ] GC(13) User=0.00s Sys=0.00s Real=0.00s
[2025-02-01T14:47:35.630+0000][80][info ][safepoint   ] Safepoint "G1PauseCleanup", Time since last: 2334767 ns, Reaching safepoint: 253162 ns, Cleanup: 14793 ns, At safepoint: 1860753 ns, Total: 2128708 ns
[2025-02-01T14:47:35.630+0000][80][info ][gc,marking  ] GC(13) Concurrent Clear Claimed Marks
[2025-02-01T14:47:35.631+0000][80][info ][gc,marking  ] GC(13) Concurrent Clear Claimed Marks 0.783ms
[2025-02-01T14:47:35.631+0000][80][info ][gc,marking  ] GC(13) Concurrent Cleanup for Next Mark
[2025-02-01T14:47:35.661+0000][80][info ][gc,marking  ] GC(13) Concurrent Cleanup for Next Mark 29.921ms
[2025-02-01T14:47:35.662+0000][80][info ][gc          ] GC(13) Concurrent Mark Cycle 62.176ms
[2025-02-01T14:47:37.166+0000][80][info ][safepoint   ] Safepoint "Cleanup", Time since last: 1535985723 ns, Reaching safepoint: 13328 ns, Cleanup: 28449 ns, At safepoint: 6884 ns, Total: 48661 ns
[2025-02-01T14:47:38.170+0000][80][info ][safepoint   ] Safepoint "Cleanup", Time since last: 1004715600 ns, Reaching safepoint: 43779 ns, Cleanup: 18213 ns, At safepoint: 9801 ns, Total: 71793 ns
[2025-02-01T14:47:39.172+0000][80][info ][safepoint   ] Safepoint "Cleanup", Time since last: 1001181825 ns, Reaching safepoint: 39370 ns, Cleanup: 47201 ns, At safepoint: 57444 ns, Total: 144015 ns
[2025-02-01T14:47:40.173+0000][80][info ][safepoint   ] Safepoint "Cleanup", Time since last: 1000911176 ns, Reaching safepoint: 25512 ns, Cleanup: 14061 ns, At safepoint: 5569 ns, Total: 45142 ns
[2025-02-01T14:47:41.267+0000][80][info ][safepoint   ] Safepoint "Cleanup", Time since last: 1096746585 ns, Reaching safepoint: 274435 ns, Cleanup: 61941 ns, At safepoint: 164120 ns, Total: 500496 ns
[2025-02-01T14:47:43.193+0000][80][info ][safepoint   ] Safepoint "Cleanup", Time since last: 1925590783 ns, Reaching safepoint: 41260 ns, Cleanup: 66464 ns, At safepoint: 11342 ns, Total: 119066 ns
[2025-02-01T14:47:44.194+0000][80][info ][safepoint   ] Safepoint "Cleanup", Time since last: 1001195950 ns, Reaching safepoint: 38230 ns, Cleanup: 61977 ns, At safepoint: 7135 ns, Total: 107342 ns
[2025-02-01T14:47:45.195+0000][80][info ][safepoint   ] Safepoint "Cleanup", Time since last: 1000889396 ns, Reaching safepoint: 34233 ns, Cleanup: 31192 ns, At safepoint: 7396 ns, Total: 72821 ns
[2025-02-01T14:47:46.196+0000][80][info ][safepoint   ] Safepoint "Cleanup", Time since last: 1000883705 ns, Reaching safepoint: 42286 ns, Cleanup: 32499 ns, At safepoint: 9840 ns, Total: 84625 ns
[2025-02-01T14:47:47.198+0000][80][info ][safepoint   ] Safepoint "Cleanup", Time since last: 1001302094 ns, Reaching safepoint: 41911 ns, Cleanup: 22652 ns, At safepoint: 10619 ns, Total: 75182 ns
[2025-02-01T14:47:48.214+0000][80][info ][safepoint   ] Safepoint "Cleanup", Time since last: 1016662096 ns, Reaching safepoint: 18057 ns, Cleanup: 36316 ns, At safepoint: 10200 ns, Total: 64573 ns
[2025-02-01T14:47:49.228+0000][80][info ][safepoint   ] Safepoint "Cleanup", Time since last: 1013459723 ns, Reaching safepoint: 50859 ns, Cleanup: 16746 ns, At safepoint: 6260 ns, Total: 73865 ns
[2025-02-01T14:47:50.229+0000][80][info ][safepoint   ] Safepoint "Cleanup", Time since last: 1000666537 ns, Reaching safepoint: 28841 ns, Cleanup: 13392 ns, At safepoint: 5786 ns, Total: 48019 ns
[2025-02-01T14:47:51.230+0000][80][info ][safepoint   ] Safepoint "Cleanup", Time since last: 1000988126 ns, Reaching safepoint: 73968 ns, Cleanup: 20798 ns, At safepoint: 10763 ns, Total: 105529 ns
[2025-02-01T14:47:52.234+0000][80][info ][safepoint   ] Safepoint "Cleanup", Time since last: 1004083289 ns, Reaching safepoint: 36770 ns, Cleanup: 19313 ns, At safepoint: 10139 ns, Total: 66222 ns
[2025-02-01T14:47:53.275+0000][80][info ][safepoint   ] Safepoint "Cleanup", Time since last: 1040975628 ns, Reaching safepoint: 12351 ns, Cleanup: 34555 ns, At safepoint: 22267 ns, Total: 69173 ns
[2025-02-01T14:47:55.265+0000][80][info ][safepoint   ] Safepoint "Cleanup", Time since last: 1990160203 ns, Reaching safepoint: 45355 ns, Cleanup: 60296 ns, At safepoint: 12191 ns, Total: 117842 ns
[2025-02-01T14:47:56.271+0000][80][info ][safepoint   ] Safepoint "Cleanup", Time since last: 1005380142 ns, Reaching safepoint: 27160 ns, Cleanup: 9774 ns, At safepoint: 57887 ns, Total: 94821 ns
[2025-02-01T14:47:57.272+0000][80][info ][safepoint   ] Safepoint "Cleanup", Time since last: 1001472835 ns, Reaching safepoint: 44338 ns, Cleanup: 23078 ns, At safepoint: 11484 ns, Total: 78900 ns
[2025-02-01T14:47:59.262+0000][80][info ][safepoint   ] Safepoint "Cleanup", Time since last: 1990024863 ns, Reaching safepoint: 14677 ns, Cleanup: 11932 ns, At safepoint: 4641 ns, Total: 31250 ns
[2025-02-01T14:48:00.281+0000][80][info ][safepoint   ] Safepoint "Cleanup", Time since last: 1018299290 ns, Reaching safepoint: 131363 ns, Cleanup: 18815 ns, At safepoint: 64748 ns, Total: 214926 ns
[2025-02-01T14:48:01.295+0000][80][info ][safepoint   ] Safepoint "Cleanup", Time since last: 1014066815 ns, Reaching safepoint: 53904 ns, Cleanup: 27703 ns, At safepoint: 13374 ns, Total: 94981 ns
[2025-02-01T14:48:02.296+0000][80][info ][safepoint   ] Safepoint "Cleanup", Time since last: 1000920936 ns, Reaching safepoint: 25087 ns, Cleanup: 26636 ns, At safepoint: 5630 ns, Total: 57353 ns
[2025-02-01T14:48:04.297+0000][80][info ][safepoint   ] Safepoint "Cleanup", Time since last: 2000713267 ns, Reaching safepoint: 26484 ns, Cleanup: 18848 ns, At safepoint: 5953 ns, Total: 51285 ns
[2025-02-01T14:48:05.297+0000][80][info ][safepoint   ] Safepoint "Cleanup", Time since last: 1000225359 ns, Reaching safepoint: 9381 ns, Cleanup: 21570 ns, At safepoint: 17685 ns, Total: 48636 ns
[2025-02-01T14:48:06.298+0000][80][info ][safepoint   ] Safepoint "Cleanup", Time since last: 1000908919 ns, Reaching safepoint: 110610 ns, Cleanup: 98122 ns, At safepoint: 16828 ns, Total: 225560 ns
[2025-02-01T14:48:07.353+0000][80][info ][safepoint   ] Safepoint "Cleanup", Time since last: 1055229665 ns, Reaching safepoint: 15835 ns, Cleanup: 52470 ns, At safepoint: 35421 ns, Total: 103726 ns
[2025-02-01T14:48:10.998+0000][80][info ][safepoint   ] Safepoint "Cleanup", Time since last: 3644445411 ns, Reaching safepoint: 60252 ns, Cleanup: 30992 ns, At safepoint: 14792 ns, Total: 106036 ns
[2025-02-01T14:48:12.292+0000][80][info ][safepoint   ] Safepoint "Cleanup", Time since last: 1296400181 ns, Reaching safepoint: 45835 ns, Cleanup: 51270 ns, At safepoint: 11538 ns, Total: 108643 ns
[2025-02-01T14:48:16.382+0000][80][info ][safepoint   ] Safepoint "Cleanup", Time since last: 4089401559 ns, Reaching safepoint: 132532 ns, Cleanup: 49448 ns, At safepoint: 25028 ns, Total: 207008 ns
[2025-02-01T14:48:17.397+0000][80][info ][safepoint   ] Safepoint "Cleanup", Time since last: 1015610495 ns, Reaching safepoint: 10388 ns, Cleanup: 26153 ns, At safepoint: 17561 ns, Total: 54102 ns
[2025-02-01T14:48:18.439+0000][80][info ][safepoint   ] Safepoint "Cleanup", Time since last: 1041040053 ns, Reaching safepoint: 31528 ns, Cleanup: 16402 ns, At safepoint: 72720 ns, Total: 120650 ns
[2025-02-01T14:48:19.446+0000][80][info ][safepoint   ] Safepoint "Cleanup", Time since last: 1007594048 ns, Reaching safepoint: 45532 ns, Cleanup: 24393 ns, At safepoint: 11093 ns, Total: 81018 ns
[2025-02-01T14:48:20.447+0000][80][info ][safepoint   ] Safepoint "Cleanup", Time since last: 1000945556 ns, Reaching safepoint: 37444 ns, Cleanup: 26337 ns, At safepoint: 9436 ns, Total: 73217 ns
[2025-02-01T14:48:21.448+0000][80][info ][safepoint   ] Safepoint "Cleanup", Time since last: 1000636583 ns, Reaching safepoint: 28259 ns, Cleanup: 16709 ns, At safepoint: 5392 ns, Total: 50360 ns
[2025-02-01T14:48:23.283+0000][80][info ][safepoint   ] Safepoint "Cleanup", Time since last: 1834782762 ns, Reaching safepoint: 11552 ns, Cleanup: 25535 ns, At safepoint: 6033 ns, Total: 43120 ns
[2025-02-01T14:48:24.482+0000][80][info ][safepoint   ] Safepoint "Cleanup", Time since last: 1199388346 ns, Reaching safepoint: 72159 ns, Cleanup: 55772 ns, At safepoint: 10923 ns, Total: 138854 ns
[2025-02-01T14:48:26.485+0000][80][info ][safepoint   ] Safepoint "Cleanup", Time since last: 2002803846 ns, Reaching safepoint: 29120 ns, Cleanup: 20494 ns, At safepoint: 6080 ns, Total: 55694 ns
[2025-02-01T14:48:27.490+0000][80][info ][safepoint   ] Safepoint "Cleanup", Time since last: 1004772682 ns, Reaching safepoint: 83416 ns, Cleanup: 50384 ns, At safepoint: 37821 ns, Total: 171621 ns
[2025-02-01T14:48:29.279+0000][80][info ][safepoint   ] Safepoint "Cleanup", Time since last: 1789334416 ns, Reaching safepoint: 18527 ns, Cleanup: 33180 ns, At safepoint: 9518 ns, Total: 61225 ns
[2025-02-01T14:48:30.547+0000][80][info ][safepoint   ] Safepoint "Cleanup", Time since last: 1267213989 ns, Reaching safepoint: 12006 ns, Cleanup: 36811 ns, At safepoint: 21000 ns, Total: 69817 ns
[2025-02-01T14:48:31.555+0000][80][info ][safepoint   ] Safepoint "Cleanup", Time since last: 1008185824 ns, Reaching safepoint: 30159 ns, Cleanup: 16909 ns, At safepoint: 6313 ns, Total: 53381 ns
[2025-02-01T14:48:32.556+0000][80][info ][safepoint   ] Safepoint "Cleanup", Time since last: 1001009665 ns, Reaching safepoint: 40977 ns, Cleanup: 56266 ns, At safepoint: 11395 ns, Total: 108638 ns
[2025-02-01T14:48:34.558+0000][80][info ][safepoint   ] Safepoint "Cleanup", Time since last: 2001390377 ns, Reaching safepoint: 47766 ns, Cleanup: 27776 ns, At safepoint: 12168 ns, Total: 87710 ns
[2025-02-01T14:48:35.563+0000][80][info ][safepoint   ] Safepoint "Cleanup", Time since last: 1005610145 ns, Reaching safepoint: 12380 ns, Cleanup: 51217 ns, At safepoint: 19874 ns, Total: 83471 ns
[2025-02-01T14:48:36.567+0000][80][info ][safepoint   ] Safepoint "Cleanup", Time since last: 1003629309 ns, Reaching safepoint: 56502 ns, Cleanup: 31538 ns, At safepoint: 14029 ns, Total: 102069 ns
[2025-02-01T14:48:38.570+0000][80][info ][safepoint   ] Safepoint "Cleanup", Time since last: 2002058481 ns, Reaching safepoint: 357930 ns, Cleanup: 33762 ns, At safepoint: 108072 ns, Total: 499764 ns
[2025-02-01T14:48:41.276+0000][80][info ][safepoint   ] Safepoint "Cleanup", Time since last: 2708223528 ns, Reaching safepoint: 16223 ns, Cleanup: 11736 ns, At safepoint: 25345 ns, Total: 53304 ns
[2025-02-01T14:48:42.589+0000][80][info ][safepoint   ] Safepoint "Cleanup", Time since last: 1313356421 ns, Reaching safepoint: 51902 ns, Cleanup: 113947 ns, At safepoint: 13906 ns, Total: 179755 ns
[2025-02-01T14:48:44.591+0000][80][info ][safepoint   ] Safepoint "Cleanup", Time since last: 2001341176 ns, Reaching safepoint: 30438 ns, Cleanup: 40966 ns, At safepoint: 6445 ns, Total: 77849 ns
[2025-02-01T14:48:46.592+0000][80][info ][safepoint   ] Safepoint "Cleanup", Time since last: 2000821387 ns, Reaching safepoint: 45064 ns, Cleanup: 24114 ns, At safepoint: 11236 ns, Total: 80414 ns
[2025-02-01T14:48:47.603+0000][80][info ][safepoint   ] Safepoint "Cleanup", Time since last: 1011283593 ns, Reaching safepoint: 17596 ns, Cleanup: 56442 ns, At safepoint: 37572 ns, Total: 111610 ns
[2025-02-01T14:48:49.680+0000][80][info ][safepoint   ] Safepoint "Cleanup", Time since last: 2077239626 ns, Reaching safepoint: 63039 ns, Cleanup: 27137 ns, At safepoint: 15675 ns, Total: 105851 ns
[2025-02-01T14:48:50.683+0000][80][info ][safepoint   ] Safepoint "Cleanup", Time since last: 1002143342 ns, Reaching safepoint: 40757 ns, Cleanup: 19771 ns, At safepoint: 9484 ns, Total: 70012 ns
[2025-02-01T14:48:51.684+0000][80][info ][safepoint   ] Safepoint "Cleanup", Time since last: 1001000435 ns, Reaching safepoint: 56650 ns, Cleanup: 35210 ns, At safepoint: 15435 ns, Total: 107295 ns
[2025-02-01T14:48:52.685+0000][80][info ][safepoint   ] Safepoint "Cleanup", Time since last: 1001120248 ns, Reaching safepoint: 55757 ns, Cleanup: 47766 ns, At safepoint: 10980 ns, Total: 114503 ns
[2025-02-01T14:48:53.699+0000][80][info ][safepoint   ] Safepoint "Cleanup", Time since last: 1013549366 ns, Reaching safepoint: 16448 ns, Cleanup: 33498 ns, At safepoint: 37404 ns, Total: 87350 ns
[2025-02-01T14:48:54.713+0000][80][info ][safepoint   ] Safepoint "Cleanup", Time since last: 1014732644 ns, Reaching safepoint: 58119 ns, Cleanup: 57533 ns, At safepoint: 13104 ns, Total: 128756 ns
[2025-02-01T14:48:55.715+0000][80][info ][safepoint   ] Safepoint "Cleanup", Time since last: 1001688848 ns, Reaching safepoint: 28861 ns, Cleanup: 16365 ns, At safepoint: 5620 ns, Total: 50846 ns
[2025-02-01T14:48:59.731+0000][80][info ][safepoint   ] Safepoint "Cleanup", Time since last: 4015847570 ns, Reaching safepoint: 11338 ns, Cleanup: 14291 ns, At safepoint: 17345 ns, Total: 42974 ns
[2025-02-01T14:49:00.736+0000][80][info ][safepoint   ] Safepoint "Cleanup", Time since last: 1004826560 ns, Reaching safepoint: 43878 ns, Cleanup: 18439 ns, At safepoint: 10480 ns, Total: 72797 ns
[2025-02-01T14:49:02.296+0000][80][info ][safepoint   ] Safepoint "Cleanup", Time since last: 1560149972 ns, Reaching safepoint: 10686 ns, Cleanup: 14979 ns, At safepoint: 17692 ns, Total: 43357 ns
[2025-02-01T14:49:03.797+0000][80][info ][safepoint   ] Safepoint "Cleanup", Time since last: 1500514184 ns, Reaching safepoint: 36354 ns, Cleanup: 81863 ns, At safepoint: 13037 ns, Total: 131254 ns
[2025-02-01T14:49:04.798+0000][80][info ][safepoint   ] Safepoint "Cleanup", Time since last: 1000690694 ns, Reaching safepoint: 43055 ns, Cleanup: 19243 ns, At safepoint: 9509 ns, Total: 71807 ns
[2025-02-01T14:49:05.810+0000][80][info ][safepoint   ] Safepoint "Cleanup", Time since last: 1011962504 ns, Reaching safepoint: 15066 ns, Cleanup: 60020 ns, At safepoint: 7511 ns, Total: 82597 ns
[2025-02-01T14:49:06.837+0000][80][info ][safepoint   ] Safepoint "Cleanup", Time since last: 1026919149 ns, Reaching safepoint: 17476 ns, Cleanup: 50399 ns, At safepoint: 10170 ns, Total: 78045 ns
[2025-02-01T14:49:09.045+0000][80][info ][safepoint   ] Safepoint "Cleanup", Time since last: 2208485384 ns, Reaching safepoint: 40274 ns, Cleanup: 31934 ns, At safepoint: 10379 ns, Total: 82587 ns
[2025-02-01T14:49:10.046+0000][80][info ][safepoint   ] Safepoint "Cleanup", Time since last: 1000990518 ns, Reaching safepoint: 52199 ns, Cleanup: 26145 ns, At safepoint: 12217 ns, Total: 90561 ns
[2025-02-01T14:49:11.274+0000][80][info ][safepoint   ] Safepoint "Cleanup", Time since last: 1231065794 ns, Reaching safepoint: 12564 ns, Cleanup: 60837 ns, At safepoint: 20922 ns, Total: 94323 ns
[2025-02-01T14:49:12.888+0000][80][info ][safepoint   ] Safepoint "Cleanup", Time since last: 1613804787 ns, Reaching safepoint: 51855 ns, Cleanup: 91022 ns, At safepoint: 10132 ns, Total: 153009 ns
[2025-02-01T14:49:13.890+0000][80][info ][safepoint   ] Safepoint "Cleanup", Time since last: 1001141921 ns, Reaching safepoint: 40336 ns, Cleanup: 24915 ns, At safepoint: 11094 ns, Total: 76345 ns
[2025-02-01T14:49:14.891+0000][80][info ][safepoint   ] Safepoint "Cleanup", Time since last: 1001384086 ns, Reaching safepoint: 59132 ns, Cleanup: 35745 ns, At safepoint: 15646 ns, Total: 110523 ns
[2025-02-01T14:49:15.893+0000][80][info ][safepoint   ] Safepoint "Cleanup", Time since last: 1001688928 ns, Reaching safepoint: 43864 ns, Cleanup: 18394 ns, At safepoint: 11124 ns, Total: 73382 ns
[2025-02-01T14:49:17.266+0000][80][info ][safepoint   ] Safepoint "Cleanup", Time since last: 1373681640 ns, Reaching safepoint: 12753 ns, Cleanup: 12895 ns, At safepoint: 17372 ns, Total: 43020 ns
[2025-02-01T14:49:18.921+0000][80][info ][safepoint   ] Safepoint "Cleanup", Time since last: 1654100065 ns, Reaching safepoint: 55858 ns, Cleanup: 29611 ns, At safepoint: 15698 ns, Total: 101167 ns
[2025-02-01T14:49:21.923+0000][80][info ][safepoint   ] Safepoint "Cleanup", Time since last: 3001877927 ns, Reaching safepoint: 40752 ns, Cleanup: 16952 ns, At safepoint: 6100 ns, Total: 63804 ns
[2025-02-01T14:49:23.273+0000][80][info ][safepoint   ] Safepoint "Cleanup", Time since last: 1350543797 ns, Reaching safepoint: 29388 ns, Cleanup: 17110 ns, At safepoint: 27515 ns, Total: 74013 ns
[2025-02-01T14:49:24.967+0000][80][info ][safepoint   ] Safepoint "Cleanup", Time since last: 1693452601 ns, Reaching safepoint: 30145 ns, Cleanup: 39463 ns, At safepoint: 10677 ns, Total: 80285 ns
[2025-02-01T14:49:26.968+0000][80][info ][safepoint   ] Safepoint "Cleanup", Time since last: 2001175910 ns, Reaching safepoint: 53175 ns, Cleanup: 35133 ns, At safepoint: 12034 ns, Total: 100342 ns
[2025-02-01T14:49:28.971+0000][80][info ][safepoint   ] Safepoint "Cleanup", Time since last: 2003366624 ns, Reaching safepoint: 32538 ns, Cleanup: 11918 ns, At safepoint: 5428 ns, Total: 49884 ns
[2025-02-01T14:49:29.976+0000][80][info ][safepoint   ] Safepoint "Cleanup", Time since last: 1004242426 ns, Reaching safepoint: 12608 ns, Cleanup: 16942 ns, At safepoint: 5332 ns, Total: 34882 ns
[2025-02-01T14:49:31.986+0000][80][info ][safepoint   ] Safepoint "Cleanup", Time since last: 2009817153 ns, Reaching safepoint: 25723 ns, Cleanup: 10549 ns, At safepoint: 5827 ns, Total: 42099 ns
[2025-02-01T14:49:32.986+0000][80][info ][safepoint   ] Safepoint "Cleanup", Time since last: 1000393939 ns, Reaching safepoint: 39389 ns, Cleanup: 21870 ns, At safepoint: 9502 ns, Total: 70761 ns
[2025-02-01T14:49:33.988+0000][80][info ][safepoint   ] Safepoint "Cleanup", Time since last: 1001338703 ns, Reaching safepoint: 60332 ns, Cleanup: 42651 ns, At safepoint: 15516 ns, Total: 118499 ns
[2025-02-01T14:49:35.270+0000][80][info ][safepoint   ] Safepoint "Cleanup", Time since last: 1282470559 ns, Reaching safepoint: 10205 ns, Cleanup: 13575 ns, At safepoint: 4978 ns, Total: 28758 ns
[2025-02-01T14:49:37.011+0000][80][info ][safepoint   ] Safepoint "Cleanup", Time since last: 1741137644 ns, Reaching safepoint: 27513 ns, Cleanup: 36543 ns, At safepoint: 5332 ns, Total: 69388 ns
[2025-02-01T14:49:39.012+0000][80][info ][safepoint   ] Safepoint "Cleanup", Time since last: 2000761303 ns, Reaching safepoint: 102994 ns, Cleanup: 23640 ns, At safepoint: 13346 ns, Total: 139980 ns
[2025-02-01T14:49:41.280+0000][80][info ][safepoint   ] Safepoint "Cleanup", Time since last: 2269322288 ns, Reaching safepoint: 11036 ns, Cleanup: 10619 ns, At safepoint: 20890 ns, Total: 42545 ns
[2025-02-01T14:49:43.047+0000][80][info ][safepoint   ] Safepoint "Cleanup", Time since last: 1766869884 ns, Reaching safepoint: 47775 ns, Cleanup: 76228 ns, At safepoint: 12330 ns, Total: 136333 ns
[2025-02-01T14:49:44.048+0000][80][info ][safepoint   ] Safepoint "Cleanup", Time since last: 1001307988 ns, Reaching safepoint: 54418 ns, Cleanup: 70564 ns, At safepoint: 12704 ns, Total: 137686 ns
[2025-02-01T14:49:45.050+0000][80][info ][safepoint   ] Safepoint "Cleanup", Time since last: 1001682698 ns, Reaching safepoint: 48191 ns, Cleanup: 42354 ns, At safepoint: 12140 ns, Total: 102685 ns
[2025-02-01T14:49:47.292+0000][80][info ][safepoint   ] Safepoint "Cleanup", Time since last: 2241841266 ns, Reaching safepoint: 19526 ns, Cleanup: 47264 ns, At safepoint: 38644 ns, Total: 105434 ns
[2025-02-01T14:49:49.087+0000][80][info ][safepoint   ] Safepoint "Cleanup", Time since last: 1794958728 ns, Reaching safepoint: 30744 ns, Cleanup: 18887 ns, At safepoint: 5693 ns, Total: 55324 ns
[2025-02-01T14:49:50.088+0000][80][info ][safepoint   ] Safepoint "Cleanup", Time since last: 1000954993 ns, Reaching safepoint: 46460 ns, Cleanup: 19741 ns, At safepoint: 12520 ns, Total: 78721 ns
[2025-02-01T14:49:51.091+0000][80][info ][safepoint   ] Safepoint "Cleanup", Time since last: 1002686262 ns, Reaching safepoint: 50800 ns, Cleanup: 22233 ns, At safepoint: 13152 ns, Total: 86185 ns
[2025-02-01T14:49:52.094+0000][80][info ][safepoint   ] Safepoint "Cleanup", Time since last: 1003237703 ns, Reaching safepoint: 45455 ns, Cleanup: 67186 ns, At safepoint: 13146 ns, Total: 125787 ns
[2025-02-01T14:49:53.265+0000][80][info ][safepoint   ] Safepoint "Cleanup", Time since last: 1170631980 ns, Reaching safepoint: 10214 ns, Cleanup: 8575 ns, At safepoint: 4292 ns, Total: 23081 ns
[2025-02-01T14:49:55.107+0000][80][info ][safepoint   ] Safepoint "Cleanup", Time since last: 1841837254 ns, Reaching safepoint: 104599 ns, Cleanup: 52362 ns, At safepoint: 17431 ns, Total: 174392 ns
[2025-02-01T14:49:56.110+0000][80][info ][safepoint   ] Safepoint "Cleanup", Time since last: 1002701801 ns, Reaching safepoint: 31815 ns, Cleanup: 18796 ns, At safepoint: 6925 ns, Total: 57536 ns
[2025-02-01T14:49:57.112+0000][80][info ][safepoint   ] Safepoint "Cleanup", Time since last: 1002092736 ns, Reaching safepoint: 54205 ns, Cleanup: 32290 ns, At safepoint: 14016 ns, Total: 100511 ns
[2025-02-01T14:49:59.113+0000][80][info ][safepoint   ] Safepoint "Cleanup", Time since last: 2001221041 ns, Reaching safepoint: 43894 ns, Cleanup: 26066 ns, At safepoint: 10525 ns, Total: 80485 ns
[2025-02-01T14:50:00.121+0000][80][info ][safepoint   ] Safepoint "Cleanup", Time since last: 1007186015 ns, Reaching safepoint: 114930 ns, Cleanup: 14726 ns, At safepoint: 33321 ns, Total: 162977 ns
[2025-02-01T14:50:03.130+0000][80][info ][safepoint   ] Safepoint "Cleanup", Time since last: 3008825442 ns, Reaching safepoint: 62812 ns, Cleanup: 45165 ns, At safepoint: 16937 ns, Total: 124914 ns
[2025-02-01T14:50:04.131+0000][80][info ][safepoint   ] Safepoint "Cleanup", Time since last: 1001123563 ns, Reaching safepoint: 87444 ns, Cleanup: 22119 ns, At safepoint: 11135 ns, Total: 120698 ns
[2025-02-01T14:50:05.280+0000][80][info ][safepoint   ] Safepoint "Cleanup", Time since last: 1148698504 ns, Reaching safepoint: 11601 ns, Cleanup: 14421 ns, At safepoint: 23091 ns, Total: 49113 ns
[2025-02-01T14:50:07.178+0000][80][info ][safepoint   ] Safepoint "Cleanup", Time since last: 1898233211 ns, Reaching safepoint: 12824 ns, Cleanup: 48102 ns, At safepoint: 34794 ns, Total: 95720 ns
[2025-02-01T14:50:09.092+0000][80][info ][safepoint   ] Safepoint "Cleanup", Time since last: 1913971368 ns, Reaching safepoint: 63993 ns, Cleanup: 30794 ns, At safepoint: 10022 ns, Total: 104809 ns
[2025-02-01T14:50:12.198+0000][80][info ][safepoint   ] Safepoint "Cleanup", Time since last: 3107898359 ns, Reaching safepoint: 138358 ns, Cleanup: 32720 ns, At safepoint: 84733 ns, Total: 255811 ns
[2025-02-01T14:50:13.212+0000][80][info ][safepoint   ] Safepoint "Cleanup", Time since last: 1014553316 ns, Reaching safepoint: 28984 ns, Cleanup: 13240 ns, At safepoint: 5649 ns, Total: 47873 ns
[2025-02-01T14:50:14.213+0000][80][info ][safepoint   ] Safepoint "Cleanup", Time since last: 1000667364 ns, Reaching safepoint: 45034 ns, Cleanup: 21874 ns, At safepoint: 11233 ns, Total: 78141 ns
[2025-02-01T14:50:15.214+0000][80][info ][safepoint   ] Safepoint "Cleanup", Time since last: 1001239236 ns, Reaching safepoint: 54679 ns, Cleanup: 34599 ns, At safepoint: 14259 ns, Total: 103537 ns
[2025-02-01T14:50:17.279+0000][80][info ][safepoint   ] Safepoint "Cleanup", Time since last: 2064217300 ns, Reaching safepoint: 10421 ns, Cleanup: 11303 ns, At safepoint: 16570 ns, Total: 38294 ns
[2025-02-01T14:50:19.246+0000][80][info ][safepoint   ] Safepoint "Cleanup", Time since last: 1967397220 ns, Reaching safepoint: 43750 ns, Cleanup: 28607 ns, At safepoint: 10793 ns, Total: 83150 ns
[2025-02-01T14:50:21.247+0000][80][info ][safepoint   ] Safepoint "Cleanup", Time since last: 2001082231 ns, Reaching safepoint: 29524 ns, Cleanup: 17305 ns, At safepoint: 5613 ns, Total: 52442 ns
[2025-02-01T14:50:23.276+0000][80][info ][safepoint   ] Safepoint "Cleanup", Time since last: 2028243606 ns, Reaching safepoint: 10364 ns, Cleanup: 8721 ns, At safepoint: 5019 ns, Total: 24104 ns
[2025-02-01T14:50:25.273+0000][80][info ][safepoint   ] Safepoint "Cleanup", Time since last: 1996972731 ns, Reaching safepoint: 51252 ns, Cleanup: 21227 ns, At safepoint: 5749 ns, Total: 78228 ns
[2025-02-01T14:50:29.290+0000][80][info ][safepoint   ] Safepoint "Cleanup", Time since last: 4017116312 ns, Reaching safepoint: 10805 ns, Cleanup: 8852 ns, At safepoint: 17327 ns, Total: 36984 ns
[2025-02-01T14:50:30.290+0000][80][info ][safepoint   ] Safepoint "Cleanup", Time since last: 1000517895 ns, Reaching safepoint: 36811 ns, Cleanup: 15558 ns, At safepoint: 56116 ns, Total: 108485 ns
[2025-02-01T14:50:31.308+0000][80][info ][safepoint   ] Safepoint "Cleanup", Time since last: 1017330439 ns, Reaching safepoint: 39025 ns, Cleanup: 35591 ns, At safepoint: 9845 ns, Total: 84461 ns
[2025-02-01T14:50:32.309+0000][80][info ][safepoint   ] Safepoint "Cleanup", Time since last: 1001029325 ns, Reaching safepoint: 32872 ns, Cleanup: 13983 ns, At safepoint: 7085 ns, Total: 53940 ns
[2025-02-01T14:50:34.310+0000][80][info ][safepoint   ] Safepoint "Cleanup", Time since last: 2001240718 ns, Reaching safepoint: 27737 ns, Cleanup: 13831 ns, At safepoint: 7380 ns, Total: 48948 ns
[2025-02-01T14:50:35.315+0000][80][info ][safepoint   ] Safepoint "Cleanup", Time since last: 1004999050 ns, Reaching safepoint: 10969 ns, Cleanup: 15518 ns, At safepoint: 33310 ns, Total: 59797 ns
[2025-02-01T14:50:36.330+0000][80][info ][safepoint   ] Safepoint "Cleanup", Time since last: 1015157752 ns, Reaching safepoint: 28912 ns, Cleanup: 20171 ns, At safepoint: 6398 ns, Total: 55481 ns
[2025-02-01T14:50:38.341+0000][80][info ][safepoint   ] Safepoint "Cleanup", Time since last: 2010916716 ns, Reaching safepoint: 52048 ns, Cleanup: 24759 ns, At safepoint: 14710 ns, Total: 91517 ns
[2025-02-01T14:50:39.343+0000][80][info ][safepoint   ] Safepoint "Cleanup", Time since last: 1001337656 ns, Reaching safepoint: 82666 ns, Cleanup: 27642 ns, At safepoint: 14340 ns, Total: 124648 ns
[2025-02-01T14:50:41.282+0000][80][info ][safepoint   ] Safepoint "Cleanup", Time since last: 1940786985 ns, Reaching safepoint: 121139 ns, Cleanup: 11276 ns, At safepoint: 72406 ns, Total: 204821 ns
[2025-02-01T14:50:42.305+0000][80][info ][safepoint   ] Safepoint "Cleanup", Time since last: 1022890180 ns, Reaching safepoint: 51261 ns, Cleanup: 33290 ns, At safepoint: 13667 ns, Total: 98218 ns
[2025-02-01T14:50:43.389+0000][80][info ][safepoint   ] Safepoint "Cleanup", Time since last: 1084000825 ns, Reaching safepoint: 17532 ns, Cleanup: 19183 ns, At safepoint: 9231 ns, Total: 45946 ns
[2025-02-01T14:50:44.397+0000][80][info ][safepoint   ] Safepoint "Cleanup", Time since last: 1007821927 ns, Reaching safepoint: 33404 ns, Cleanup: 40977 ns, At safepoint: 6358 ns, Total: 80739 ns
[2025-02-01T14:50:47.269+0000][80][info ][safepoint   ] Safepoint "Cleanup", Time since last: 2871883066 ns, Reaching safepoint: 11291 ns, Cleanup: 14142 ns, At safepoint: 7206 ns, Total: 32639 ns
[2025-02-01T14:50:47.278+0000][80][info ][gc,start    ] GC(14) Pause Young (Normal) (G1 Evacuation Pause)
[2025-02-01T14:50:47.279+0000][80][info ][gc,task     ] GC(14) Using 18 workers of 18 for evacuation
[2025-02-01T14:50:47.280+0000][80][debug][gc,age      ] GC(14) Desired survivor size 44040192 bytes, new threshold 1 (max threshold 15)
[2025-02-01T14:50:47.400+0000][80][info ][gc,phases   ] GC(14)   Pre Evacuate Collection Set: 0.7ms
[2025-02-01T14:50:47.716+0000][80][info ][gc,phases   ] GC(14)   Merge Heap Roots: 0.3ms
[2025-02-01T14:50:47.717+0000][80][info ][gc,phases   ] GC(14)   Evacuate Collection Set: 113.7ms
[2025-02-01T14:50:47.717+0000][80][info ][gc,phases   ] GC(14)   Post Evacuate Collection Set: 4.8ms
[2025-02-01T14:50:47.718+0000][80][info ][gc,phases   ] GC(14)   Other: 1.0ms
[2025-02-01T14:50:47.719+0000][80][trace][gc,age      ] GC(14) Age table with threshold 1 (max threshold 15)
[2025-02-01T14:50:47.719+0000][80][trace][gc,age      ] GC(14) - age   1:    1392840 bytes,    1392840 total
[2025-02-01T14:50:47.720+0000][80][info ][gc,heap     ] GC(14) Eden regions: 128->0(505)
[2025-02-01T14:50:47.721+0000][80][info ][gc,heap     ] GC(14) Survivor regions: 33->3(21)
[2025-02-01T14:50:47.721+0000][80][info ][gc,heap     ] GC(14) Old regions: 1->32
[2025-02-01T14:50:47.721+0000][80][info ][gc,heap     ] GC(14) Humongous regions: 4->4
[2025-02-01T14:50:47.723+0000][80][info ][gc,metaspace] GC(14) Metaspace: 147434K(151424K)->147434K(151424K) NonClass: 127587K(129728K)->127587K(129728K) Class: 19847K(21696K)->19847K(21696K)
[2025-02-01T14:50:47.724+0000][80][info ][gc          ] GC(14) Pause Young (Normal) (G1 Evacuation Pause) 660M->156M(3392M) 445.122ms
[2025-02-01T14:50:47.724+0000][80][info ][gc,cpu      ] GC(14) User=1.23s Sys=0.00s Real=0.44s
[2025-02-01T14:50:47.724+0000][80][info ][safepoint   ] Safepoint "G1CollectForAllocation", Time since last: 9475970 ns, Reaching safepoint: 13543 ns, Cleanup: 2672 ns, At safepoint: 445842939 ns, Total: 445859154 ns
[2025-02-01T14:50:48.725+0000][80][info ][safepoint   ] Safepoint "Cleanup", Time since last: 1000457352 ns, Reaching safepoint: 29814 ns, Cleanup: 17393 ns, At safepoint: 5426 ns, Total: 52633 ns
[2025-02-01T14:50:49.738+0000][80][info ][safepoint   ] Safepoint "Cleanup", Time since last: 1012802125 ns, Reaching safepoint: 33246 ns, Cleanup: 15142 ns, At safepoint: 7481 ns, Total: 55869 ns
[2025-02-01T14:50:50.739+0000][80][info ][safepoint   ] Safepoint "Cleanup", Time since last: 1000950374 ns, Reaching safepoint: 29912 ns, Cleanup: 12300 ns, At safepoint: 5792 ns, Total: 48004 ns
[2025-02-01T14:50:53.266+0000][80][info ][safepoint   ] Safepoint "Cleanup", Time since last: 2527728803 ns, Reaching safepoint: 18306 ns, Cleanup: 12173 ns, At safepoint: 5020 ns, Total: 35499 ns
[2025-02-01T14:50:54.754+0000][80][info ][safepoint   ] Safepoint "Cleanup", Time since last: 1487932437 ns, Reaching safepoint: 28837 ns, Cleanup: 20497 ns, At safepoint: 5684 ns, Total: 55018 ns
[2025-02-01T14:50:55.760+0000][80][info ][safepoint   ] Safepoint "Cleanup", Time since last: 1005487546 ns, Reaching safepoint: 49328 ns, Cleanup: 9798 ns, At safepoint: 5538 ns, Total: 64664 ns
[2025-02-01T14:50:56.761+0000][80][info ][safepoint   ] Safepoint "Cleanup", Time since last: 1000756582 ns, Reaching safepoint: 31544 ns, Cleanup: 10938 ns, At safepoint: 7461 ns, Total: 49943 ns
[2025-02-01T14:50:58.762+0000][80][info ][safepoint   ] Safepoint "Cleanup", Time since last: 2001400276 ns, Reaching safepoint: 28345 ns, Cleanup: 11494 ns, At safepoint: 5126 ns, Total: 44965 ns
[2025-02-01T14:50:59.774+0000][80][info ][safepoint   ] Safepoint "Cleanup", Time since last: 1011521380 ns, Reaching safepoint: 98807 ns, Cleanup: 22251 ns, At safepoint: 50957 ns, Total: 172015 ns
[2025-02-01T14:51:01.781+0000][80][info ][safepoint   ] Safepoint "Cleanup", Time since last: 2007423798 ns, Reaching safepoint: 51169 ns, Cleanup: 32487 ns, At safepoint: 12997 ns, Total: 96653 ns
[2025-02-01T14:51:02.782+0000][80][info ][safepoint   ] Safepoint "Cleanup", Time since last: 1001027297 ns, Reaching safepoint: 49684 ns, Cleanup: 30707 ns, At safepoint: 12006 ns, Total: 92397 ns
[2025-02-01T14:51:03.784+0000][80][info ][safepoint   ] Safepoint "Cleanup", Time since last: 1001158293 ns, Reaching safepoint: 40931 ns, Cleanup: 18024 ns, At safepoint: 9511 ns, Total: 68466 ns
[2025-02-01T14:51:05.276+0000][80][info ][safepoint   ] Safepoint "Cleanup", Time since last: 1491743059 ns, Reaching safepoint: 12887 ns, Cleanup: 14918 ns, At safepoint: 23558 ns, Total: 51363 ns
[2025-02-01T14:51:06.809+0000][80][info ][safepoint   ] Safepoint "Cleanup", Time since last: 1533075187 ns, Reaching safepoint: 45905 ns, Cleanup: 34163 ns, At safepoint: 12154 ns, Total: 92222 ns
[2025-02-01T14:51:10.136+0000][80][info ][safepoint   ] Safepoint "Cleanup", Time since last: 3327454151 ns, Reaching safepoint: 42797 ns, Cleanup: 20749 ns, At safepoint: 9969 ns, Total: 73515 ns
[2025-02-01T14:51:11.817+0000][80][info ][safepoint   ] Safepoint "Cleanup", Time since last: 1683020519 ns, Reaching safepoint: 25341 ns, Cleanup: 12956 ns, At safepoint: 26612 ns, Total: 64909 ns
[2025-02-01T14:51:12.830+0000][80][info ][safepoint   ] Safepoint "Cleanup", Time since last: 1013090488 ns, Reaching safepoint: 18462 ns, Cleanup: 31072 ns, At safepoint: 38711 ns, Total: 88245 ns
[2025-02-01T14:51:14.844+0000][80][info ][safepoint   ] Safepoint "Cleanup", Time since last: 2014495440 ns, Reaching safepoint: 44416 ns, Cleanup: 23349 ns, At safepoint: 9414 ns, Total: 77179 ns
[2025-02-01T14:51:17.855+0000][80][info ][safepoint   ] Safepoint "Cleanup", Time since last: 3010489337 ns, Reaching safepoint: 18090 ns, Cleanup: 12757 ns, At safepoint: 38658 ns, Total: 69505 ns
[2025-02-01T14:51:20.870+0000][80][info ][safepoint   ] Safepoint "Cleanup", Time since last: 3014768320 ns, Reaching safepoint: 26851 ns, Cleanup: 11003 ns, At safepoint: 5504 ns, Total: 43358 ns
[2025-02-01T14:51:21.870+0000][80][info ][safepoint   ] Safepoint "Cleanup", Time since last: 1000602206 ns, Reaching safepoint: 43718 ns, Cleanup: 19969 ns, At safepoint: 12305 ns, Total: 75992 ns
[2025-02-01T14:51:23.287+0000][80][info ][safepoint   ] Safepoint "Cleanup", Time since last: 1416622486 ns, Reaching safepoint: 14139 ns, Cleanup: 15023 ns, At safepoint: 27642 ns, Total: 56804 ns
[2025-02-01T14:51:24.902+0000][80][info ][safepoint   ] Safepoint "Cleanup", Time since last: 1615307568 ns, Reaching safepoint: 29206 ns, Cleanup: 29647 ns, At safepoint: 6373 ns, Total: 65226 ns
[2025-02-01T14:51:28.905+0000][80][info ][safepoint   ] Safepoint "Cleanup", Time since last: 4002849304 ns, Reaching safepoint: 39832 ns, Cleanup: 22098 ns, At safepoint: 9404 ns, Total: 71334 ns
[2025-02-01T14:51:29.912+0000][80][info ][safepoint   ] Safepoint "Cleanup", Time since last: 1006756949 ns, Reaching safepoint: 12316 ns, Cleanup: 22633 ns, At safepoint: 17402 ns, Total: 52351 ns
[2025-02-01T14:51:32.932+0000][80][info ][safepoint   ] Safepoint "Cleanup", Time since last: 3019818228 ns, Reaching safepoint: 34853 ns, Cleanup: 31550 ns, At safepoint: 9002 ns, Total: 75405 ns
[2025-02-01T14:51:33.933+0000][80][info ][safepoint   ] Safepoint "Cleanup", Time since last: 1000840522 ns, Reaching safepoint: 26038 ns, Cleanup: 18945 ns, At safepoint: 5180 ns, Total: 50163 ns
[2025-02-01T14:51:35.288+0000][80][info ][safepoint   ] Safepoint "Cleanup", Time since last: 1354989933 ns, Reaching safepoint: 10751 ns, Cleanup: 13886 ns, At safepoint: 20173 ns, Total: 44810 ns
[2025-02-01T14:51:36.959+0000][80][info ][safepoint   ] Safepoint "Cleanup", Time since last: 1670743629 ns, Reaching safepoint: 43640 ns, Cleanup: 30293 ns, At safepoint: 9548 ns, Total: 83481 ns
[2025-02-01T14:51:38.961+0000][80][info ][safepoint   ] Safepoint "Cleanup", Time since last: 2002244128 ns, Reaching safepoint: 53192 ns, Cleanup: 134281 ns, At safepoint: 13241 ns, Total: 200714 ns
[2025-02-01T14:51:41.284+0000][80][info ][safepoint   ] Safepoint "Cleanup", Time since last: 2325357756 ns, Reaching safepoint: 28743 ns, Cleanup: 13277 ns, At safepoint: 23934 ns, Total: 65954 ns
[2025-02-01T14:51:41.884+0000][80][info ][safepoint   ] Safepoint "ICBufferFull", Time since last: 599020434 ns, Reaching safepoint: 110709 ns, Cleanup: 76462 ns, At safepoint: 52674 ns, Total: 239845 ns
[2025-02-01T14:51:41.884+0000][80][info ][safepoint   ] Safepoint "ICBufferFull", Time since last: 478410 ns, Reaching safepoint: 88831 ns, Cleanup: 28363 ns, At safepoint: 79768 ns, Total: 196962 ns
[2025-02-01T14:51:41.885+0000][80][info ][safepoint   ] Safepoint "ICBufferFull", Time since last: 353183 ns, Reaching safepoint: 85980 ns, Cleanup: 22409 ns, At safepoint: 82767 ns, Total: 191156 ns
[2025-02-01T14:51:41.885+0000][80][info ][safepoint   ] Safepoint "ICBufferFull", Time since last: 362879 ns, Reaching safepoint: 81507 ns, Cleanup: 18076 ns, At safepoint: 71106 ns, Total: 170689 ns
[2025-02-01T14:51:41.886+0000][80][info ][safepoint   ] Safepoint "ICBufferFull", Time since last: 334720 ns, Reaching safepoint: 84757 ns, Cleanup: 1484 ns, At safepoint: 59859 ns, Total: 146100 ns
[2025-02-01T14:51:41.886+0000][80][info ][safepoint   ] Safepoint "ICBufferFull", Time since last: 368432 ns, Reaching safepoint: 81814 ns, Cleanup: 1012 ns, At safepoint: 48300 ns, Total: 131126 ns
[2025-02-01T14:51:41.887+0000][80][info ][safepoint   ] Safepoint "ICBufferFull", Time since last: 353244 ns, Reaching safepoint: 8449 ns, Cleanup: 1112 ns, At safepoint: 28767 ns, Total: 38328 ns
[2025-02-01T14:51:41.887+0000][80][info ][safepoint   ] Safepoint "ICBufferFull", Time since last: 279210 ns, Reaching safepoint: 10932 ns, Cleanup: 1705 ns, At safepoint: 16455 ns, Total: 29092 ns
[2025-02-01T14:51:42.974+0000][80][info ][safepoint   ] Safepoint "Cleanup", Time since last: 1087170327 ns, Reaching safepoint: 56544 ns, Cleanup: 31100 ns, At safepoint: 15550 ns, Total: 103194 ns
[2025-02-01T14:51:43.976+0000][80][info ][safepoint   ] Safepoint "Cleanup", Time since last: 1001370847 ns, Reaching safepoint: 35308 ns, Cleanup: 38516 ns, At safepoint: 8703 ns, Total: 82527 ns
[2025-02-01T14:51:44.981+0000][80][info ][safepoint   ] Safepoint "Cleanup", Time since last: 1005185191 ns, Reaching safepoint: 16588 ns, Cleanup: 43894 ns, At safepoint: 39217 ns, Total: 99699 ns
[2025-02-01T14:51:46.001+0000][80][info ][safepoint   ] Safepoint "Cleanup", Time since last: 1019696804 ns, Reaching safepoint: 10447 ns, Cleanup: 18428 ns, At safepoint: 4369 ns, Total: 33244 ns
[2025-02-01T14:51:47.010+0000][80][info ][safepoint   ] Safepoint "Cleanup", Time since last: 1008929492 ns, Reaching safepoint: 53311 ns, Cleanup: 223327 ns, At safepoint: 14140 ns, Total: 290778 ns
[2025-02-01T14:51:48.014+0000][80][info ][safepoint   ] Safepoint "Cleanup", Time since last: 1003955846 ns, Reaching safepoint: 16647 ns, Cleanup: 33703 ns, At safepoint: 9357 ns, Total: 59707 ns
[2025-02-01T14:51:49.026+0000][80][info ][safepoint   ] Safepoint "Cleanup", Time since last: 1011798358 ns, Reaching safepoint: 45975 ns, Cleanup: 37389 ns, At safepoint: 12195 ns, Total: 95559 ns
[2025-02-01T14:51:50.027+0000][80][info ][safepoint   ] Safepoint "Cleanup", Time since last: 1001346818 ns, Reaching safepoint: 27568 ns, Cleanup: 12357 ns, At safepoint: 4912 ns, Total: 44837 ns
[2025-02-01T14:51:53.277+0000][80][info ][safepoint   ] Safepoint "Cleanup", Time since last: 3249780711 ns, Reaching safepoint: 10664 ns, Cleanup: 9124 ns, At safepoint: 4452 ns, Total: 24240 ns
[2025-02-01T14:51:55.059+0000][80][info ][safepoint   ] Safepoint "Cleanup", Time since last: 1781681381 ns, Reaching safepoint: 54915 ns, Cleanup: 42255 ns, At safepoint: 13393 ns, Total: 110563 ns
[2025-02-01T14:51:57.061+0000][80][info ][safepoint   ] Safepoint "Cleanup", Time since last: 2001977446 ns, Reaching safepoint: 45679 ns, Cleanup: 20322 ns, At safepoint: 11101 ns, Total: 77102 ns
[2025-02-01T14:51:59.063+0000][80][info ][safepoint   ] Safepoint "Cleanup", Time since last: 2001484004 ns, Reaching safepoint: 44837 ns, Cleanup: 19168 ns, At safepoint: 11237 ns, Total: 75242 ns
[2025-02-01T14:52:00.069+0000][80][info ][safepoint   ] Safepoint "Cleanup", Time since last: 1006270534 ns, Reaching safepoint: 106499 ns, Cleanup: 21646 ns, At safepoint: 28755 ns, Total: 156900 ns
[2025-02-01T14:52:01.083+0000][80][info ][safepoint   ] Safepoint "Cleanup", Time since last: 1013986700 ns, Reaching safepoint: 14967 ns, Cleanup: 9815 ns, At safepoint: 29767 ns, Total: 54549 ns
[2025-02-01T14:52:04.091+0000][80][info ][safepoint   ] Safepoint "Cleanup", Time since last: 3007732206 ns, Reaching safepoint: 48766 ns, Cleanup: 27546 ns, At safepoint: 11686 ns, Total: 87998 ns
[2025-02-01T14:52:05.276+0000][80][info ][safepoint   ] Safepoint "Cleanup", Time since last: 1185471409 ns, Reaching safepoint: 9636 ns, Cleanup: 8804 ns, At safepoint: 4167 ns, Total: 22607 ns
[2025-02-01T14:52:07.102+0000][80][info ][safepoint   ] Safepoint "Cleanup", Time since last: 1825752407 ns, Reaching safepoint: 52343 ns, Cleanup: 73374 ns, At safepoint: 12804 ns, Total: 138521 ns
[2025-02-01T14:52:09.180+0000][80][info ][safepoint   ] Safepoint "Cleanup", Time since last: 2077851307 ns, Reaching safepoint: 47984 ns, Cleanup: 22868 ns, At safepoint: 11196 ns, Total: 82048 ns
[2025-02-01T14:52:11.283+0000][80][info ][safepoint   ] Safepoint "Cleanup", Time since last: 2104952240 ns, Reaching safepoint: 23078 ns, Cleanup: 16878 ns, At safepoint: 45341 ns, Total: 85297 ns
[2025-02-01T14:52:13.116+0000][80][info ][safepoint   ] Safepoint "Cleanup", Time since last: 1832974156 ns, Reaching safepoint: 143070 ns, Cleanup: 51254 ns, At safepoint: 15106 ns, Total: 209430 ns
[2025-02-01T14:52:14.117+0000][80][info ][safepoint   ] Safepoint "Cleanup", Time since last: 1001314531 ns, Reaching safepoint: 43044 ns, Cleanup: 17112 ns, At safepoint: 6251 ns, Total: 66407 ns
[2025-02-01T14:52:15.118+0000][80][info ][safepoint   ] Safepoint "Cleanup", Time since last: 1000926627 ns, Reaching safepoint: 33573 ns, Cleanup: 21419 ns, At safepoint: 5490 ns, Total: 60482 ns
[2025-02-01T14:52:17.280+0000][80][info ][safepoint   ] Safepoint "Cleanup", Time since last: 2161797937 ns, Reaching safepoint: 22408 ns, Cleanup: 19547 ns, At safepoint: 45086 ns, Total: 87041 ns
[2025-02-01T14:52:19.140+0000][80][info ][safepoint   ] Safepoint "Cleanup", Time since last: 1859216046 ns, Reaching safepoint: 28980 ns, Cleanup: 13883 ns, At safepoint: 5893 ns, Total: 48756 ns
[2025-02-01T14:52:21.140+0000][80][info ][safepoint   ] Safepoint "Cleanup", Time since last: 2000835485 ns, Reaching safepoint: 48252 ns, Cleanup: 20835 ns, At safepoint: 11200 ns, Total: 80287 ns
[2025-02-01T14:52:23.283+0000][80][info ][safepoint   ] Safepoint "Cleanup", Time since last: 2142953066 ns, Reaching safepoint: 10814 ns, Cleanup: 8450 ns, At safepoint: 4689 ns, Total: 23953 ns
[2025-02-01T14:52:25.160+0000][80][info ][safepoint   ] Safepoint "Cleanup", Time since last: 1876080152 ns, Reaching safepoint: 25041 ns, Cleanup: 14806 ns, At safepoint: 5345 ns, Total: 45192 ns
[2025-02-01T14:52:29.290+0000][80][info ][safepoint   ] Safepoint "Cleanup", Time since last: 4130857254 ns, Reaching safepoint: 8630 ns, Cleanup: 5855 ns, At safepoint: 4476 ns, Total: 18961 ns
[2025-02-01T14:52:31.187+0000][80][info ][safepoint   ] Safepoint "Cleanup", Time since last: 1896047974 ns, Reaching safepoint: 37715 ns, Cleanup: 33152 ns, At safepoint: 8714 ns, Total: 79581 ns
[2025-02-01T14:52:33.188+0000][80][info ][safepoint   ] Safepoint "Cleanup", Time since last: 2001608589 ns, Reaching safepoint: 27620 ns, Cleanup: 12452 ns, At safepoint: 5906 ns, Total: 45978 ns
[2025-02-01T14:52:35.279+0000][80][info ][safepoint   ] Safepoint "Cleanup", Time since last: 2090713253 ns, Reaching safepoint: 12427 ns, Cleanup: 8110 ns, At safepoint: 5963 ns, Total: 26500 ns
[2025-02-01T14:52:37.198+0000][80][info ][safepoint   ] Safepoint "Cleanup", Time since last: 1919214510 ns, Reaching safepoint: 34876 ns, Cleanup: 18580 ns, At safepoint: 6276 ns, Total: 59732 ns
[2025-02-01T14:52:39.199+0000][80][info ][safepoint   ] Safepoint "Cleanup", Time since last: 2000805922 ns, Reaching safepoint: 50990 ns, Cleanup: 22501 ns, At safepoint: 40469 ns, Total: 113960 ns
[2025-02-01T14:52:41.270+0000][80][info ][safepoint   ] Safepoint "Cleanup", Time since last: 2072497988 ns, Reaching safepoint: 16837 ns, Cleanup: 16655 ns, At safepoint: 9207 ns, Total: 42699 ns
[2025-02-01T14:52:43.212+0000][80][info ][safepoint   ] Safepoint "Cleanup", Time since last: 1941953629 ns, Reaching safepoint: 68930 ns, Cleanup: 33197 ns, At safepoint: 37521 ns, Total: 139648 ns
[2025-02-01T14:52:44.213+0000][80][info ][safepoint   ] Safepoint "Cleanup", Time since last: 1000940651 ns, Reaching safepoint: 46285 ns, Cleanup: 37477 ns, At safepoint: 12169 ns, Total: 95931 ns
[2025-02-01T14:52:45.214+0000][80][info ][safepoint   ] Safepoint "Cleanup", Time since last: 1001023986 ns, Reaching safepoint: 24578 ns, Cleanup: 12271 ns, At safepoint: 5108 ns, Total: 41957 ns
[2025-02-01T14:52:48.218+0000][80][info ][safepoint   ] Safepoint "Cleanup", Time since last: 3004035238 ns, Reaching safepoint: 17939 ns, Cleanup: 22163 ns, At safepoint: 9610 ns, Total: 49712 ns
[2025-02-01T14:52:49.231+0000][80][info ][safepoint   ] Safepoint "Cleanup", Time since last: 1013154773 ns, Reaching safepoint: 28148 ns, Cleanup: 15625 ns, At safepoint: 5062 ns, Total: 48835 ns
[2025-02-01T14:52:51.232+0000][80][info ][safepoint   ] Safepoint "Cleanup", Time since last: 2000812228 ns, Reaching safepoint: 41706 ns, Cleanup: 30106 ns, At safepoint: 10785 ns, Total: 82597 ns
[2025-02-01T14:52:52.233+0000][80][info ][safepoint   ] Safepoint "Cleanup", Time since last: 1001350251 ns, Reaching safepoint: 50217 ns, Cleanup: 29241 ns, At safepoint: 13306 ns, Total: 92764 ns
[2025-02-01T14:52:53.235+0000][80][info ][safepoint   ] Safepoint "Cleanup", Time since last: 1001289211 ns, Reaching safepoint: 27066 ns, Cleanup: 12130 ns, At safepoint: 4814 ns, Total: 44010 ns
[2025-02-01T14:52:54.243+0000][80][info ][safepoint   ] Safepoint "Cleanup", Time since last: 1007679044 ns, Reaching safepoint: 17790 ns, Cleanup: 29204 ns, At safepoint: 9900 ns, Total: 56894 ns
[2025-02-01T14:52:55.255+0000][80][info ][safepoint   ] Safepoint "Cleanup", Time since last: 1012144998 ns, Reaching safepoint: 55790 ns, Cleanup: 25766 ns, At safepoint: 15327 ns, Total: 96883 ns
[2025-02-01T14:52:59.290+0000][80][info ][safepoint   ] Safepoint "Cleanup", Time since last: 4035449617 ns, Reaching safepoint: 41849 ns, Cleanup: 10154 ns, At safepoint: 36459 ns, Total: 88462 ns
[2025-02-01T14:53:01.278+0000][80][info ][safepoint   ] Safepoint "Cleanup", Time since last: 1987746229 ns, Reaching safepoint: 28451 ns, Cleanup: 15322 ns, At safepoint: 5314 ns, Total: 49087 ns
[2025-02-01T14:53:02.279+0000][80][info ][safepoint   ] Safepoint "Cleanup", Time since last: 1000574938 ns, Reaching safepoint: 22616 ns, Cleanup: 8312 ns, At safepoint: 34442 ns, Total: 65370 ns
[2025-02-01T14:53:04.280+0000][80][info ][safepoint   ] Safepoint "Cleanup", Time since last: 2001095475 ns, Reaching safepoint: 46692 ns, Cleanup: 22720 ns, At safepoint: 10759 ns, Total: 80171 ns
[2025-02-01T14:53:05.283+0000][80][info ][safepoint   ] Safepoint "Cleanup", Time since last: 1000873927 ns, Reaching safepoint: 2106041 ns, Cleanup: 9984 ns, At safepoint: 75661 ns, Total: 2191686 ns
[2025-02-01T14:53:06.292+0000][80][info ][safepoint   ] Safepoint "Cleanup", Time since last: 1009222488 ns, Reaching safepoint: 10711 ns, Cleanup: 13789 ns, At safepoint: 17120 ns, Total: 41620 ns
[2025-02-01T14:53:08.229+0000][80][info ][safepoint   ] Safepoint "Cleanup", Time since last: 1936743954 ns, Reaching safepoint: 23521 ns, Cleanup: 24213 ns, At safepoint: 14024 ns, Total: 61758 ns
[2025-02-01T14:53:11.282+0000][80][info ][safepoint   ] Safepoint "Cleanup", Time since last: 3054630460 ns, Reaching safepoint: 10979 ns, Cleanup: 5959 ns, At safepoint: 4614 ns, Total: 21552 ns
[2025-02-01T14:53:12.290+0000][80][info ][safepoint   ] Safepoint "Cleanup", Time since last: 1008612051 ns, Reaching safepoint: 42597 ns, Cleanup: 26666 ns, At safepoint: 10174 ns, Total: 79437 ns
[2025-02-01T14:53:13.330+0000][80][info ][safepoint   ] Safepoint "Cleanup", Time since last: 1038747297 ns, Reaching safepoint: 155766 ns, Cleanup: 46066 ns, At safepoint: 153697 ns, Total: 355529 ns
[2025-02-01T14:53:14.344+0000][80][info ][safepoint   ] Safepoint "Cleanup", Time since last: 1014365774 ns, Reaching safepoint: 30023 ns, Cleanup: 17014 ns, At safepoint: 5551 ns, Total: 52588 ns
[2025-02-01T14:53:17.289+0000][80][info ][safepoint   ] Safepoint "Cleanup", Time since last: 2945072024 ns, Reaching safepoint: 19646 ns, Cleanup: 11906 ns, At safepoint: 10512 ns, Total: 42064 ns
[2025-02-01T14:53:18.301+0000][80][info ][safepoint   ] Safepoint "Cleanup", Time since last: 1012081005 ns, Reaching safepoint: 28612 ns, Cleanup: 13073 ns, At safepoint: 5987 ns, Total: 47672 ns
[2025-02-01T14:53:19.360+0000][80][info ][safepoint   ] Safepoint "Cleanup", Time since last: 1058695365 ns, Reaching safepoint: 51179 ns, Cleanup: 22429 ns, At safepoint: 11878 ns, Total: 85486 ns
[2025-02-01T14:53:20.361+0000][80][info ][safepoint   ] Safepoint "Cleanup", Time since last: 1001021904 ns, Reaching safepoint: 52018 ns, Cleanup: 28695 ns, At safepoint: 14070 ns, Total: 94783 ns
[2025-02-01T14:53:29.401+0000][80][info ][safepoint   ] Safepoint "Cleanup", Time since last: 9040191665 ns, Reaching safepoint: 33245 ns, Cleanup: 11319 ns, At safepoint: 26332 ns, Total: 70896 ns
[2025-02-01T14:53:32.421+0000][80][info ][safepoint   ] Safepoint "Cleanup", Time since last: 3019091502 ns, Reaching safepoint: 44301 ns, Cleanup: 34207 ns, At safepoint: 11625 ns, Total: 90133 ns
[2025-02-01T14:53:35.276+0000][80][info ][safepoint   ] Safepoint "Cleanup", Time since last: 2854925231 ns, Reaching safepoint: 9985 ns, Cleanup: 6880 ns, At safepoint: 17324 ns, Total: 34189 ns
[2025-02-01T14:53:36.443+0000][80][info ][safepoint   ] Safepoint "Cleanup", Time since last: 1167430744 ns, Reaching safepoint: 85129 ns, Cleanup: 44430 ns, At safepoint: 12806 ns, Total: 142365 ns
[2025-02-01T14:53:41.281+0000][80][info ][safepoint   ] Safepoint "Cleanup", Time since last: 4841233030 ns, Reaching safepoint: 29720 ns, Cleanup: 8127 ns, At safepoint: 25325 ns, Total: 63172 ns
[2025-02-01T14:53:42.456+0000][80][info ][safepoint   ] Safepoint "Cleanup", Time since last: 1174821367 ns, Reaching safepoint: 44378 ns, Cleanup: 36250 ns, At safepoint: 11674 ns, Total: 92302 ns
[2025-02-01T14:53:44.458+0000][80][info ][safepoint   ] Safepoint "Cleanup", Time since last: 2001319079 ns, Reaching safepoint: 65291 ns, Cleanup: 41734 ns, At safepoint: 11289 ns, Total: 118314 ns
[2025-02-01T14:53:47.284+0000][80][info ][safepoint   ] Safepoint "Cleanup", Time since last: 2826096091 ns, Reaching safepoint: 12197 ns, Cleanup: 7464 ns, At safepoint: 5397 ns, Total: 25058 ns
[2025-02-01T14:53:48.505+0000][80][info ][safepoint   ] Safepoint "Cleanup", Time since last: 1221144987 ns, Reaching safepoint: 32965 ns, Cleanup: 30063 ns, At safepoint: 7446 ns, Total: 70474 ns
[2025-02-01T14:53:49.506+0000][80][info ][safepoint   ] Safepoint "Cleanup", Time since last: 1000906406 ns, Reaching safepoint: 25421 ns, Cleanup: 12569 ns, At safepoint: 5025 ns, Total: 43015 ns
[2025-02-01T14:53:50.507+0000][80][info ][safepoint   ] Safepoint "Cleanup", Time since last: 1000725411 ns, Reaching safepoint: 25088 ns, Cleanup: 11953 ns, At safepoint: 5128 ns, Total: 42169 ns
[2025-02-01T14:53:53.511+0000][80][info ][safepoint   ] Safepoint "Cleanup", Time since last: 3004005332 ns, Reaching safepoint: 17655 ns, Cleanup: 11151 ns, At safepoint: 7992 ns, Total: 36798 ns
[2025-02-01T14:53:54.521+0000][80][info ][safepoint   ] Safepoint "Cleanup", Time since last: 1010156163 ns, Reaching safepoint: 29608 ns, Cleanup: 13307 ns, At safepoint: 5580 ns, Total: 48495 ns
[2025-02-01T14:53:59.278+0000][80][info ][safepoint   ] Safepoint "Cleanup", Time since last: 4756560474 ns, Reaching safepoint: 10408 ns, Cleanup: 7587 ns, At safepoint: 4700 ns, Total: 22695 ns
[2025-02-01T14:54:00.535+0000][80][info ][safepoint   ] Safepoint "Cleanup", Time since last: 1257260819 ns, Reaching safepoint: 106302 ns, Cleanup: 41143 ns, At safepoint: 12736 ns, Total: 160181 ns
[2025-02-01T14:54:02.536+0000][80][info ][safepoint   ] Safepoint "Cleanup", Time since last: 2001330536 ns, Reaching safepoint: 35775 ns, Cleanup: 25990 ns, At safepoint: 7155 ns, Total: 68920 ns
[2025-02-01T14:54:05.299+0000][80][info ][safepoint   ] Safepoint "Cleanup", Time since last: 2762405342 ns, Reaching safepoint: 20804 ns, Cleanup: 17793 ns, At safepoint: 40662 ns, Total: 79259 ns
[2025-02-01T14:54:06.557+0000][80][info ][safepoint   ] Safepoint "Cleanup", Time since last: 1258131375 ns, Reaching safepoint: 79571 ns, Cleanup: 61195 ns, At safepoint: 13777 ns, Total: 154543 ns
[2025-02-01T14:54:08.275+0000][80][info ][safepoint   ] Safepoint "Cleanup", Time since last: 1717405740 ns, Reaching safepoint: 14046 ns, Cleanup: 11449 ns, At safepoint: 30493 ns, Total: 55988 ns
[2025-02-01T14:54:10.276+0000][80][info ][safepoint   ] Safepoint "Cleanup", Time since last: 2001096546 ns, Reaching safepoint: 56609 ns, Cleanup: 21160 ns, At safepoint: 10417 ns, Total: 88186 ns
[2025-02-01T14:54:11.278+0000][80][info ][safepoint   ] Safepoint "Cleanup", Time since last: 1003395063 ns, Reaching safepoint: 10697 ns, Cleanup: 6162 ns, At safepoint: 4158 ns, Total: 21017 ns
[2025-02-01T14:54:12.577+0000][80][info ][safepoint   ] Safepoint "Cleanup", Time since last: 1298639296 ns, Reaching safepoint: 53594 ns, Cleanup: 28153 ns, At safepoint: 15596 ns, Total: 97343 ns
[2025-02-01T14:54:13.578+0000][80][info ][safepoint   ] Safepoint "Cleanup", Time since last: 1001526549 ns, Reaching safepoint: 51251 ns, Cleanup: 22032 ns, At safepoint: 12820 ns, Total: 86103 ns
[2025-02-01T14:54:17.311+0000][80][info ][safepoint   ] Safepoint "Cleanup", Time since last: 3733096525 ns, Reaching safepoint: 11688 ns, Cleanup: 17110 ns, At safepoint: 62978 ns, Total: 91776 ns
[2025-02-01T14:54:18.602+0000][80][info ][safepoint   ] Safepoint "Cleanup", Time since last: 1290431798 ns, Reaching safepoint: 38633 ns, Cleanup: 31155 ns, At safepoint: 8140 ns, Total: 77928 ns
[2025-02-01T14:54:19.603+0000][80][info ][safepoint   ] Safepoint "Cleanup", Time since last: 1000779563 ns, Reaching safepoint: 40991 ns, Cleanup: 18657 ns, At safepoint: 9611 ns, Total: 69259 ns
[2025-02-01T14:54:20.604+0000][80][info ][safepoint   ] Safepoint "Cleanup", Time since last: 1000775532 ns, Reaching safepoint: 30746 ns, Cleanup: 20087 ns, At safepoint: 6651 ns, Total: 57484 ns
[2025-02-01T14:54:23.306+0000][80][info ][safepoint   ] Safepoint "Cleanup", Time since last: 2701867392 ns, Reaching safepoint: 24671 ns, Cleanup: 6234 ns, At safepoint: 17876 ns, Total: 48781 ns
[2025-02-01T14:54:24.616+0000][80][info ][safepoint   ] Safepoint "Cleanup", Time since last: 1310635373 ns, Reaching safepoint: 27783 ns, Cleanup: 15841 ns, At safepoint: 5992 ns, Total: 49616 ns
[2025-02-01T14:54:26.617+0000][80][info ][safepoint   ] Safepoint "Cleanup", Time since last: 2000933027 ns, Reaching safepoint: 59859 ns, Cleanup: 31914 ns, At safepoint: 14554 ns, Total: 106327 ns
[2025-02-01T14:54:29.630+0000][80][info ][safepoint   ] Safepoint "Cleanup", Time since last: 3012977746 ns, Reaching safepoint: 11792 ns, Cleanup: 8381 ns, At safepoint: 5315 ns, Total: 25488 ns
[2025-02-01T14:54:32.637+0000][80][info ][safepoint   ] Safepoint "Cleanup", Time since last: 3007010190 ns, Reaching safepoint: 119356 ns, Cleanup: 29159 ns, At safepoint: 13280 ns, Total: 161795 ns
[2025-02-01T14:54:34.639+0000][80][info ][safepoint   ] Safepoint "Cleanup", Time since last: 2001373110 ns, Reaching safepoint: 140750 ns, Cleanup: 36521 ns, At safepoint: 11810 ns, Total: 189081 ns
[2025-02-01T14:54:35.650+0000][80][info ][safepoint   ] Safepoint "Cleanup", Time since last: 1010637546 ns, Reaching safepoint: 12173 ns, Cleanup: 24236 ns, At safepoint: 20789 ns, Total: 57198 ns
[2025-02-01T14:54:36.659+0000][80][info ][safepoint   ] Safepoint "Cleanup", Time since last: 1009533492 ns, Reaching safepoint: 54296 ns, Cleanup: 25537 ns, At safepoint: 13184 ns, Total: 93017 ns
[2025-02-01T14:54:41.286+0000][80][info ][safepoint   ] Safepoint "Cleanup", Time since last: 4629633499 ns, Reaching safepoint: 16929 ns, Cleanup: 6951 ns, At safepoint: 18132 ns, Total: 42012 ns
[2025-02-01T14:54:42.693+0000][80][info ][safepoint   ] Safepoint "Cleanup", Time since last: 1407083006 ns, Reaching safepoint: 9118 ns, Cleanup: 23938 ns, At safepoint: 28670 ns, Total: 61726 ns
[2025-02-01T14:54:43.699+0000][80][info ][safepoint   ] Safepoint "Cleanup", Time since last: 1005176338 ns, Reaching safepoint: 53393 ns, Cleanup: 26531 ns, At safepoint: 12591 ns, Total: 92515 ns
[2025-02-01T14:54:44.700+0000][80][info ][safepoint   ] Safepoint "Cleanup", Time since last: 1001052847 ns, Reaching safepoint: 49950 ns, Cleanup: 48837 ns, At safepoint: 13188 ns, Total: 111975 ns
[2025-02-01T14:54:47.315+0000][80][info ][safepoint   ] Safepoint "Cleanup", Time since last: 2614803317 ns, Reaching safepoint: 16583 ns, Cleanup: 12897 ns, At safepoint: 36583 ns, Total: 66063 ns
[2025-02-01T14:54:48.750+0000][80][info ][safepoint   ] Safepoint "Cleanup", Time since last: 1435026335 ns, Reaching safepoint: 21872 ns, Cleanup: 65518 ns, At safepoint: 11648 ns, Total: 99038 ns
[2025-02-01T14:54:50.756+0000][80][info ][safepoint   ] Safepoint "Cleanup", Time since last: 2006546102 ns, Reaching safepoint: 27507 ns, Cleanup: 12480 ns, At safepoint: 5396 ns, Total: 45383 ns
[2025-02-01T14:54:53.301+0000][80][info ][safepoint   ] Safepoint "Cleanup", Time since last: 2544665551 ns, Reaching safepoint: 10369 ns, Cleanup: 6870 ns, At safepoint: 4990 ns, Total: 22229 ns
[2025-02-01T14:54:54.770+0000][80][info ][safepoint   ] Safepoint "Cleanup", Time since last: 1468883205 ns, Reaching safepoint: 36129 ns, Cleanup: 14487 ns, At safepoint: 5209 ns, Total: 55825 ns
[2025-02-01T14:54:59.286+0000][80][info ][safepoint   ] Safepoint "Cleanup", Time since last: 4515935163 ns, Reaching safepoint: 12130 ns, Cleanup: 12926 ns, At safepoint: 4706 ns, Total: 29762 ns
[2025-02-01T14:55:00.797+0000][80][info ][safepoint   ] Safepoint "Cleanup", Time since last: 1511144503 ns, Reaching safepoint: 60631 ns, Cleanup: 34051 ns, At safepoint: 52310 ns, Total: 146992 ns
[2025-02-01T14:55:01.799+0000][80][info ][safepoint   ] Safepoint "Cleanup", Time since last: 1001271253 ns, Reaching safepoint: 100287 ns, Cleanup: 31145 ns, At safepoint: 17007 ns, Total: 148439 ns
[2025-02-01T14:55:02.800+0000][80][info ][safepoint   ] Safepoint "Cleanup", Time since last: 1001192378 ns, Reaching safepoint: 50827 ns, Cleanup: 25339 ns, At safepoint: 13136 ns, Total: 89302 ns
[2025-02-01T14:55:03.801+0000][80][info ][safepoint   ] Safepoint "Cleanup", Time since last: 1000954466 ns, Reaching safepoint: 28346 ns, Cleanup: 13236 ns, At safepoint: 5680 ns, Total: 47262 ns
[2025-02-01T14:55:05.310+0000][80][info ][safepoint   ] Safepoint "Cleanup", Time since last: 1508675220 ns, Reaching safepoint: 13824 ns, Cleanup: 12543 ns, At safepoint: 26861 ns, Total: 53228 ns
[2025-02-01T14:55:06.824+0000][80][info ][safepoint   ] Safepoint "Cleanup", Time since last: 1514414808 ns, Reaching safepoint: 44602 ns, Cleanup: 49068 ns, At safepoint: 10537 ns, Total: 104207 ns
[2025-02-01T14:55:11.300+0000][80][info ][safepoint   ] Safepoint "Cleanup", Time since last: 4477630142 ns, Reaching safepoint: 10318 ns, Cleanup: 9820 ns, At safepoint: 4364 ns, Total: 24502 ns
[2025-02-01T14:55:12.861+0000][80][info ][safepoint   ] Safepoint "Cleanup", Time since last: 1560776837 ns, Reaching safepoint: 31618 ns, Cleanup: 13113 ns, At safepoint: 4865 ns, Total: 49596 ns
[2025-02-01T14:55:14.862+0000][80][info ][safepoint   ] Safepoint "Cleanup", Time since last: 2000786399 ns, Reaching safepoint: 29096 ns, Cleanup: 22922 ns, At safepoint: 6031 ns, Total: 58049 ns
[2025-02-01T14:55:17.291+0000][80][info ][safepoint   ] Safepoint "Cleanup", Time since last: 2429015477 ns, Reaching safepoint: 29241 ns, Cleanup: 9445 ns, At safepoint: 23268 ns, Total: 61954 ns
[2025-02-01T14:55:18.882+0000][80][info ][safepoint   ] Safepoint "Cleanup", Time since last: 1591755653 ns, Reaching safepoint: 10009 ns, Cleanup: 18812 ns, At safepoint: 4187 ns, Total: 33008 ns
[2025-02-01T14:55:20.891+0000][80][info ][safepoint   ] Safepoint "Cleanup", Time since last: 2008276867 ns, Reaching safepoint: 28741 ns, Cleanup: 12642 ns, At safepoint: 5767 ns, Total: 47150 ns
[2025-02-01T14:55:23.288+0000][80][info ][safepoint   ] Safepoint "Cleanup", Time since last: 2396903705 ns, Reaching safepoint: 10805 ns, Cleanup: 10935 ns, At safepoint: 18063 ns, Total: 39803 ns
[2025-02-01T14:55:29.286+0000][80][info ][safepoint   ] Safepoint "Cleanup", Time since last: 5998721124 ns, Reaching safepoint: 12055 ns, Cleanup: 6108 ns, At safepoint: 19927 ns, Total: 38090 ns
[2025-02-01T14:55:30.929+0000][80][info ][safepoint   ] Safepoint "Cleanup", Time since last: 1642139631 ns, Reaching safepoint: 66103 ns, Cleanup: 24335 ns, At safepoint: 7525 ns, Total: 97963 ns
[2025-02-01T14:55:31.930+0000][80][info ][safepoint   ] Safepoint "Cleanup", Time since last: 1000897136 ns, Reaching safepoint: 59896 ns, Cleanup: 16558 ns, At safepoint: 6510 ns, Total: 82964 ns
[2025-02-01T14:55:32.931+0000][80][info ][safepoint   ] Safepoint "Cleanup", Time since last: 1000892082 ns, Reaching safepoint: 27049 ns, Cleanup: 20714 ns, At safepoint: 5130 ns, Total: 52893 ns
[2025-02-01T14:55:35.289+0000][80][info ][safepoint   ] Safepoint "Cleanup", Time since last: 2358353457 ns, Reaching safepoint: 9547 ns, Cleanup: 5744 ns, At safepoint: 4160 ns, Total: 19451 ns
[2025-02-01T14:55:36.951+0000][80][info ][safepoint   ] Safepoint "Cleanup", Time since last: 1661746118 ns, Reaching safepoint: 125782 ns, Cleanup: 36397 ns, At safepoint: 6949 ns, Total: 169128 ns
[2025-02-01T14:55:38.952+0000][80][info ][safepoint   ] Safepoint "Cleanup", Time since last: 2000789423 ns, Reaching safepoint: 35686 ns, Cleanup: 15845 ns, At safepoint: 6376 ns, Total: 57907 ns
[2025-02-01T14:55:41.291+0000][80][info ][safepoint   ] Safepoint "Cleanup", Time since last: 2341547032 ns, Reaching safepoint: 12435 ns, Cleanup: 10835 ns, At safepoint: 24281 ns, Total: 47551 ns
[2025-02-01T14:55:42.964+0000][80][info ][safepoint   ] Safepoint "Cleanup", Time since last: 1672655238 ns, Reaching safepoint: 36750 ns, Cleanup: 16218 ns, At safepoint: 8865 ns, Total: 61833 ns
[2025-02-01T14:55:43.964+0000][80][info ][safepoint   ] Safepoint "Cleanup", Time since last: 1000573342 ns, Reaching safepoint: 29665 ns, Cleanup: 29782 ns, At safepoint: 5537 ns, Total: 64984 ns
[2025-02-01T14:55:47.303+0000][80][info ][safepoint   ] Safepoint "Cleanup", Time since last: 3339031210 ns, Reaching safepoint: 41279 ns, Cleanup: 13673 ns, At safepoint: 37833 ns, Total: 92785 ns
[2025-02-01T14:55:48.996+0000][80][info ][safepoint   ] Safepoint "Cleanup", Time since last: 1692793148 ns, Reaching safepoint: 49689 ns, Cleanup: 85416 ns, At safepoint: 14004 ns, Total: 149109 ns
[2025-02-01T14:55:50.998+0000][80][info ][safepoint   ] Safepoint "Cleanup", Time since last: 2001574542 ns, Reaching safepoint: 48483 ns, Cleanup: 21120 ns, At safepoint: 11612 ns, Total: 81215 ns
[2025-02-01T14:55:55.009+0000][80][info ][safepoint   ] Safepoint "Cleanup", Time since last: 4010728648 ns, Reaching safepoint: 26811 ns, Cleanup: 11852 ns, At safepoint: 5379 ns, Total: 44042 ns
[2025-02-01T14:55:59.010+0000][80][info ][safepoint   ] Safepoint "Cleanup", Time since last: 4001708383 ns, Reaching safepoint: 27088 ns, Cleanup: 16263 ns, At safepoint: 5167 ns, Total: 48518 ns
[2025-02-01T14:56:00.016+0000][80][info ][safepoint   ] Safepoint "Cleanup", Time since last: 1005359845 ns, Reaching safepoint: 10218 ns, Cleanup: 7696 ns, At safepoint: 3930 ns, Total: 21844 ns
[2025-02-01T14:56:03.028+0000][80][info ][safepoint   ] Safepoint "Cleanup", Time since last: 3012390553 ns, Reaching safepoint: 50982 ns, Cleanup: 12082 ns, At safepoint: 5254 ns, Total: 68318 ns
[2025-02-01T14:56:05.300+0000][80][info ][safepoint   ] Safepoint "Cleanup", Time since last: 2271976199 ns, Reaching safepoint: 15878 ns, Cleanup: 14380 ns, At safepoint: 34920 ns, Total: 65178 ns
[2025-02-01T14:56:07.062+0000][80][info ][safepoint   ] Safepoint "Cleanup", Time since last: 1761529184 ns, Reaching safepoint: 26826 ns, Cleanup: 21672 ns, At safepoint: 5176 ns, Total: 53674 ns
[2025-02-01T14:56:08.361+0000][80][info ][safepoint   ] Safepoint "Cleanup", Time since last: 1299419774 ns, Reaching safepoint: 9828 ns, Cleanup: 10738 ns, At safepoint: 17730 ns, Total: 38296 ns
[2025-02-01T14:56:15.073+0000][80][info ][safepoint   ] Safepoint "Cleanup", Time since last: 6713475913 ns, Reaching safepoint: 25244 ns, Cleanup: 35625 ns, At safepoint: 6534 ns, Total: 67403 ns
[2025-02-01T14:56:22.092+0000][80][info ][safepoint   ] Safepoint "Cleanup", Time since last: 7019216506 ns, Reaching safepoint: 186969 ns, Cleanup: 26838 ns, At safepoint: 15930 ns, Total: 229737 ns
[2025-02-01T14:56:23.304+0000][80][info ][safepoint   ] Safepoint "Cleanup", Time since last: 1212096389 ns, Reaching safepoint: 14543 ns, Cleanup: 21228 ns, At safepoint: 30885 ns, Total: 66656 ns
[2025-02-01T14:56:25.121+0000][80][info ][safepoint   ] Safepoint "Cleanup", Time since last: 1816788052 ns, Reaching safepoint: 69815 ns, Cleanup: 36126 ns, At safepoint: 11033 ns, Total: 116974 ns
[2025-02-01T14:56:27.123+0000][80][info ][safepoint   ] Safepoint "Cleanup", Time since last: 2001128428 ns, Reaching safepoint: 69977 ns, Cleanup: 23262 ns, At safepoint: 12207 ns, Total: 105446 ns
[2025-02-01T14:56:29.300+0000][80][info ][safepoint   ] Safepoint "Cleanup", Time since last: 2177597208 ns, Reaching safepoint: 17157 ns, Cleanup: 10791 ns, At safepoint: 8165 ns, Total: 36113 ns
[2025-02-01T14:56:31.150+0000][80][info ][safepoint   ] Safepoint "Cleanup", Time since last: 1849878223 ns, Reaching safepoint: 30119 ns, Cleanup: 19973 ns, At safepoint: 6585 ns, Total: 56677 ns
[2025-02-01T14:56:33.151+0000][80][info ][safepoint   ] Safepoint "Cleanup", Time since last: 2001131384 ns, Reaching safepoint: 53609 ns, Cleanup: 23889 ns, At safepoint: 7393 ns, Total: 84891 ns
[2025-02-01T14:56:34.152+0000][80][info ][safepoint   ] Safepoint "Cleanup", Time since last: 1000738854 ns, Reaching safepoint: 38466 ns, Cleanup: 20642 ns, At safepoint: 10561 ns, Total: 69669 ns
[2025-02-01T14:56:35.318+0000][80][info ][safepoint   ] Safepoint "Cleanup", Time since last: 1165635932 ns, Reaching safepoint: 11484 ns, Cleanup: 9709 ns, At safepoint: 5075 ns, Total: 26268 ns
[2025-02-01T14:56:37.190+0000][80][info ][safepoint   ] Safepoint "Cleanup", Time since last: 1871865634 ns, Reaching safepoint: 28901 ns, Cleanup: 17098 ns, At safepoint: 5251 ns, Total: 51250 ns
[2025-02-01T14:56:39.191+0000][80][info ][safepoint   ] Safepoint "Cleanup", Time since last: 2000926835 ns, Reaching safepoint: 47978 ns, Cleanup: 27745 ns, At safepoint: 11423 ns, Total: 87146 ns
[2025-02-01T14:56:40.192+0000][80][info ][safepoint   ] Safepoint "Cleanup", Time since last: 1001062632 ns, Reaching safepoint: 47093 ns, Cleanup: 21991 ns, At safepoint: 11933 ns, Total: 81017 ns
[2025-02-01T14:56:42.198+0000][80][info ][safepoint   ] Safepoint "Cleanup", Time since last: 2007646439 ns, Reaching safepoint: 18297 ns, Cleanup: 21557 ns, At safepoint: 47049 ns, Total: 86903 ns
[2025-02-01T14:56:44.220+0000][80][info ][safepoint   ] Safepoint "Cleanup", Time since last: 2021631542 ns, Reaching safepoint: 38330 ns, Cleanup: 25863 ns, At safepoint: 5458 ns, Total: 69651 ns
[2025-02-01T14:56:47.311+0000][80][info ][safepoint   ] Safepoint "Cleanup", Time since last: 3090823022 ns, Reaching safepoint: 17676 ns, Cleanup: 24248 ns, At safepoint: 39027 ns, Total: 80951 ns
[2025-02-01T14:56:49.170+0000][80][info ][safepoint   ] Safepoint "Cleanup", Time since last: 1859026931 ns, Reaching safepoint: 97363 ns, Cleanup: 61647 ns, At safepoint: 26144 ns, Total: 185154 ns
[2025-02-01T14:56:51.179+0000][80][info ][safepoint   ] Safepoint "Cleanup", Time since last: 2009428274 ns, Reaching safepoint: 17732 ns, Cleanup: 17572 ns, At safepoint: 9066 ns, Total: 44370 ns
[2025-02-01T14:56:52.210+0000][80][info ][safepoint   ] Safepoint "Cleanup", Time since last: 1030696018 ns, Reaching safepoint: 43175 ns, Cleanup: 20170 ns, At safepoint: 10444 ns, Total: 73789 ns
[2025-02-01T14:56:54.253+0000][80][info ][safepoint   ] Safepoint "Cleanup", Time since last: 2042619821 ns, Reaching safepoint: 9087 ns, Cleanup: 6336 ns, At safepoint: 16774 ns, Total: 32197 ns
[2025-02-01T14:56:59.291+0000][80][info ][safepoint   ] Safepoint "Cleanup", Time since last: 5038615902 ns, Reaching safepoint: 10833 ns, Cleanup: 6099 ns, At safepoint: 17409 ns, Total: 34341 ns
[2025-02-01T14:57:03.274+0000][80][info ][safepoint   ] Safepoint "Cleanup", Time since last: 3982021999 ns, Reaching safepoint: 44162 ns, Cleanup: 26745 ns, At safepoint: 12088 ns, Total: 82995 ns
[2025-02-01T14:57:04.275+0000][80][info ][safepoint   ] Safepoint "Cleanup", Time since last: 1001261746 ns, Reaching safepoint: 49825 ns, Cleanup: 13636 ns, At safepoint: 5183 ns, Total: 68644 ns
[2025-02-01T14:57:06.300+0000][80][info ][safepoint   ] Safepoint "Cleanup", Time since last: 2025079540 ns, Reaching safepoint: 10016 ns, Cleanup: 6290 ns, At safepoint: 20575 ns, Total: 36881 ns
[2025-02-01T14:57:10.413+0000][80][info ][safepoint   ] Safepoint "Cleanup", Time since last: 4112722294 ns, Reaching safepoint: 24893 ns, Cleanup: 13360 ns, At safepoint: 5281 ns, Total: 43534 ns
[2025-02-01T14:57:12.303+0000][80][info ][safepoint   ] Safepoint "Cleanup", Time since last: 1893107796 ns, Reaching safepoint: 48132 ns, Cleanup: 26293 ns, At safepoint: 13306 ns, Total: 87731 ns
[2025-02-01T14:57:19.339+0000][80][info ][safepoint   ] Safepoint "Cleanup", Time since last: 7035394987 ns, Reaching safepoint: 64662 ns, Cleanup: 17552 ns, At safepoint: 7633 ns, Total: 89847 ns
[2025-02-01T14:57:23.295+0000][80][info ][safepoint   ] Safepoint "Cleanup", Time since last: 3956495948 ns, Reaching safepoint: 13363 ns, Cleanup: 10086 ns, At safepoint: 26552 ns, Total: 50001 ns
[2025-02-01T14:57:24.310+0000][80][info ][safepoint   ] Safepoint "Cleanup", Time since last: 1014832356 ns, Reaching safepoint: 49408 ns, Cleanup: 16632 ns, At safepoint: 8705 ns, Total: 74745 ns
[2025-02-01T14:57:29.309+0000][80][info ][safepoint   ] Safepoint "Cleanup", Time since last: 4998499965 ns, Reaching safepoint: 10447 ns, Cleanup: 6468 ns, At safepoint: 5336 ns, Total: 22251 ns
[2025-02-01T14:57:32.378+0000][80][info ][safepoint   ] Safepoint "Cleanup", Time since last: 3069060839 ns, Reaching safepoint: 25230 ns, Cleanup: 14728 ns, At safepoint: 5060 ns, Total: 45018 ns
[2025-02-01T14:57:35.305+0000][80][info ][safepoint   ] Safepoint "Cleanup", Time since last: 2926916966 ns, Reaching safepoint: 9595 ns, Cleanup: 5326 ns, At safepoint: 16579 ns, Total: 31500 ns
[2025-02-01T14:57:36.407+0000][80][info ][safepoint   ] Safepoint "Cleanup", Time since last: 1101628855 ns, Reaching safepoint: 39775 ns, Cleanup: 32293 ns, At safepoint: 10211 ns, Total: 82279 ns
[2025-02-01T14:57:41.305+0000][80][info ][safepoint   ] Safepoint "Cleanup", Time since last: 4900770326 ns, Reaching safepoint: 223134 ns, Cleanup: 13470 ns, At safepoint: 130092 ns, Total: 366696 ns
[2025-02-01T14:57:42.471+0000][80][info ][safepoint   ] Safepoint "Cleanup", Time since last: 1166128195 ns, Reaching safepoint: 46404 ns, Cleanup: 26130 ns, At safepoint: 10412 ns, Total: 82946 ns
[2025-02-01T14:57:44.504+0000][80][info ][safepoint   ] Safepoint "Cleanup", Time since last: 2032083790 ns, Reaching safepoint: 112751 ns, Cleanup: 66260 ns, At safepoint: 16487 ns, Total: 195498 ns
[2025-02-01T14:57:47.305+0000][80][info ][safepoint   ] Safepoint "Cleanup", Time since last: 2801671304 ns, Reaching safepoint: 17378 ns, Cleanup: 14493 ns, At safepoint: 8998 ns, Total: 40869 ns
[2025-02-01T14:57:48.520+0000][80][info ][safepoint   ] Safepoint "Cleanup", Time since last: 1214212498 ns, Reaching safepoint: 30942 ns, Cleanup: 19675 ns, At safepoint: 6696 ns, Total: 57313 ns
[2025-02-01T14:57:50.521+0000][80][info ][safepoint   ] Safepoint "Cleanup", Time since last: 2001146057 ns, Reaching safepoint: 79964 ns, Cleanup: 26531 ns, At safepoint: 10211 ns, Total: 116706 ns
[2025-02-01T14:57:52.522+0000][80][info ][safepoint   ] Safepoint "Cleanup", Time since last: 2001168740 ns, Reaching safepoint: 37719 ns, Cleanup: 20039 ns, At safepoint: 5513 ns, Total: 63271 ns
[2025-02-01T14:57:53.530+0000][80][info ][safepoint   ] Safepoint "Cleanup", Time since last: 1007376005 ns, Reaching safepoint: 18570 ns, Cleanup: 15453 ns, At safepoint: 9001 ns, Total: 43024 ns
[2025-02-01T14:57:54.556+0000][80][info ][safepoint   ] Safepoint "Cleanup", Time since last: 1026041294 ns, Reaching safepoint: 17641 ns, Cleanup: 19206 ns, At safepoint: 9742 ns, Total: 46589 ns
[2025-02-01T14:57:56.570+0000][80][info ][safepoint   ] Safepoint "Cleanup", Time since last: 2014501791 ns, Reaching safepoint: 27925 ns, Cleanup: 12436 ns, At safepoint: 5304 ns, Total: 45665 ns
[2025-02-01T14:57:59.316+0000][80][info ][safepoint   ] Safepoint "Cleanup", Time since last: 2745863665 ns, Reaching safepoint: 18075 ns, Cleanup: 13471 ns, At safepoint: 9022 ns, Total: 40568 ns
[2025-02-01T14:58:00.584+0000][80][info ][safepoint   ] Safepoint "Cleanup", Time since last: 1267853266 ns, Reaching safepoint: 27703 ns, Cleanup: 23918 ns, At safepoint: 5343 ns, Total: 56964 ns
[2025-02-01T14:58:02.585+0000][80][info ][safepoint   ] Safepoint "Cleanup", Time since last: 2000830380 ns, Reaching safepoint: 25482 ns, Cleanup: 15320 ns, At safepoint: 5375 ns, Total: 46177 ns
[2025-02-01T14:58:04.586+0000][80][info ][safepoint   ] Safepoint "Cleanup", Time since last: 2000796708 ns, Reaching safepoint: 28205 ns, Cleanup: 12589 ns, At safepoint: 5608 ns, Total: 46402 ns
[2025-02-01T14:58:05.592+0000][80][info ][safepoint   ] Safepoint "Cleanup", Time since last: 1006155318 ns, Reaching safepoint: 17292 ns, Cleanup: 15363 ns, At safepoint: 40478 ns, Total: 73133 ns
[2025-02-01T14:58:11.618+0000][80][info ][safepoint   ] Safepoint "Cleanup", Time since last: 6028341266 ns, Reaching safepoint: 15382 ns, Cleanup: 15765 ns, At safepoint: 7900 ns, Total: 39047 ns
[2025-02-01T14:58:12.630+0000][80][info ][safepoint   ] Safepoint "Cleanup", Time since last: 1011290438 ns, Reaching safepoint: 28965 ns, Cleanup: 15521 ns, At safepoint: 6387 ns, Total: 50873 ns
[2025-02-01T14:58:17.641+0000][80][info ][safepoint   ] Safepoint "Cleanup", Time since last: 5011629728 ns, Reaching safepoint: 9558 ns, Cleanup: 9690 ns, At safepoint: 17878 ns, Total: 37126 ns
[2025-02-01T14:58:20.647+0000][80][info ][safepoint   ] Safepoint "Cleanup", Time since last: 3005698659 ns, Reaching safepoint: 74536 ns, Cleanup: 18175 ns, At safepoint: 12916 ns, Total: 105627 ns
[2025-02-01T14:58:23.317+0000][80][info ][safepoint   ] Safepoint "Cleanup", Time since last: 2669655447 ns, Reaching safepoint: 17325 ns, Cleanup: 11248 ns, At safepoint: 8589 ns, Total: 37162 ns
[2025-02-01T14:58:24.666+0000][80][info ][safepoint   ] Safepoint "Cleanup", Time since last: 1348712459 ns, Reaching safepoint: 42544 ns, Cleanup: 19627 ns, At safepoint: 9761 ns, Total: 71932 ns
[2025-02-01T14:58:35.323+0000][80][info ][safepoint   ] Safepoint "Cleanup", Time since last: 10656988150 ns, Reaching safepoint: 13844 ns, Cleanup: 12364 ns, At safepoint: 6568 ns, Total: 32776 ns
[2025-02-01T14:58:36.728+0000][80][info ][safepoint   ] Safepoint "Cleanup", Time since last: 1404949428 ns, Reaching safepoint: 73863 ns, Cleanup: 29944 ns, At safepoint: 9367 ns, Total: 113174 ns
[2025-02-01T14:58:39.729+0000][80][info ][safepoint   ] Safepoint "Cleanup", Time since last: 3001595613 ns, Reaching safepoint: 42342 ns, Cleanup: 22253 ns, At safepoint: 8885 ns, Total: 73480 ns
[2025-02-01T14:58:40.731+0000][80][info ][safepoint   ] Safepoint "Cleanup", Time since last: 1001200603 ns, Reaching safepoint: 44598 ns, Cleanup: 22178 ns, At safepoint: 10646 ns, Total: 77422 ns
[2025-02-01T14:58:44.743+0000][80][info ][safepoint   ] Safepoint "Cleanup", Time since last: 4014354085 ns, Reaching safepoint: 41603 ns, Cleanup: 42530 ns, At safepoint: 10016 ns, Total: 94149 ns
[2025-02-01T14:58:47.315+0000][80][info ][safepoint   ] Safepoint "Cleanup", Time since last: 2572277591 ns, Reaching safepoint: 9906 ns, Cleanup: 6889 ns, At safepoint: 18087 ns, Total: 34882 ns
[2025-02-01T14:58:50.769+0000][80][info ][safepoint   ] Safepoint "Cleanup", Time since last: 3454123818 ns, Reaching safepoint: 27443 ns, Cleanup: 15923 ns, At safepoint: 5363 ns, Total: 48729 ns
[2025-02-01T14:58:53.328+0000][80][info ][safepoint   ] Safepoint "Cleanup", Time since last: 2559029023 ns, Reaching safepoint: 19293 ns, Cleanup: 11588 ns, At safepoint: 4606 ns, Total: 35487 ns
[2025-02-01T14:58:54.796+0000][80][info ][safepoint   ] Safepoint "Cleanup", Time since last: 1468119666 ns, Reaching safepoint: 32939 ns, Cleanup: 19375 ns, At safepoint: 6676 ns, Total: 58990 ns
[2025-02-01T14:58:59.804+0000][80][info ][safepoint   ] Safepoint "Cleanup", Time since last: 5007395166 ns, Reaching safepoint: 15926 ns, Cleanup: 11302 ns, At safepoint: 8326 ns, Total: 35554 ns
[2025-02-01T14:59:00.817+0000][80][info ][safepoint   ] Safepoint "Cleanup", Time since last: 1013437119 ns, Reaching safepoint: 51548 ns, Cleanup: 25835 ns, At safepoint: 12742 ns, Total: 90125 ns
[2025-02-01T14:59:04.819+0000][80][info ][safepoint   ] Safepoint "Cleanup", Time since last: 4001887278 ns, Reaching safepoint: 31084 ns, Cleanup: 12836 ns, At safepoint: 6336 ns, Total: 50256 ns
[2025-02-01T14:59:05.835+0000][80][info ][safepoint   ] Safepoint "Cleanup", Time since last: 1016206945 ns, Reaching safepoint: 19199 ns, Cleanup: 17158 ns, At safepoint: 8385 ns, Total: 44742 ns
[2025-02-01T14:59:11.310+0000][80][info ][safepoint   ] Safepoint "Cleanup", Time since last: 5476458208 ns, Reaching safepoint: 10423 ns, Cleanup: 6750 ns, At safepoint: 16511 ns, Total: 33684 ns
[2025-02-01T14:59:17.901+0000][80][info ][safepoint   ] Safepoint "Cleanup", Time since last: 6590453744 ns, Reaching safepoint: 17767 ns, Cleanup: 22210 ns, At safepoint: 10104 ns, Total: 50081 ns
[2025-02-01T14:59:20.919+0000][80][info ][safepoint   ] Safepoint "Cleanup", Time since last: 3017875551 ns, Reaching safepoint: 53442 ns, Cleanup: 28662 ns, At safepoint: 13078 ns, Total: 95182 ns
[2025-02-01T14:59:23.320+0000][80][info ][safepoint   ] Safepoint "Cleanup", Time since last: 2401162503 ns, Reaching safepoint: 27504 ns, Cleanup: 5668 ns, At safepoint: 4664 ns, Total: 37836 ns
[2025-02-01T14:59:24.944+0000][80][info ][safepoint   ] Safepoint "Cleanup", Time since last: 1624257620 ns, Reaching safepoint: 43960 ns, Cleanup: 37190 ns, At safepoint: 10995 ns, Total: 92145 ns
[2025-02-01T14:59:26.947+0000][80][info ][safepoint   ] Safepoint "Cleanup", Time since last: 2002211542 ns, Reaching safepoint: 60012 ns, Cleanup: 26522 ns, At safepoint: 16069 ns, Total: 102603 ns
[2025-02-01T14:59:29.341+0000][80][info ][safepoint   ] Safepoint "Cleanup", Time since last: 2394052661 ns, Reaching safepoint: 17840 ns, Cleanup: 15210 ns, At safepoint: 8558 ns, Total: 41608 ns
[2025-02-01T14:59:30.976+0000][80][info ][safepoint   ] Safepoint "Cleanup", Time since last: 1635120482 ns, Reaching safepoint: 50386 ns, Cleanup: 26693 ns, At safepoint: 13028 ns, Total: 90107 ns
[2025-02-01T14:59:31.977+0000][80][info ][safepoint   ] Safepoint "Cleanup", Time since last: 1000880627 ns, Reaching safepoint: 29234 ns, Cleanup: 14242 ns, At safepoint: 5673 ns, Total: 49149 ns
[2025-02-01T14:59:32.977+0000][80][info ][safepoint   ] Safepoint "Cleanup", Time since last: 1000580262 ns, Reaching safepoint: 38592 ns, Cleanup: 21523 ns, At safepoint: 9506 ns, Total: 69621 ns
[2025-02-01T14:59:33.978+0000][80][info ][safepoint   ] Safepoint "Cleanup", Time since last: 1001025763 ns, Reaching safepoint: 45562 ns, Cleanup: 26104 ns, At safepoint: 11876 ns, Total: 83542 ns
[2025-02-01T14:59:35.324+0000][80][info ][safepoint   ] Safepoint "Cleanup", Time since last: 1345180561 ns, Reaching safepoint: 12454 ns, Cleanup: 6532 ns, At safepoint: 16235 ns, Total: 35221 ns
[2025-02-01T14:59:37.015+0000][80][info ][safepoint   ] Safepoint "Cleanup", Time since last: 1691038093 ns, Reaching safepoint: 52787 ns, Cleanup: 25471 ns, At safepoint: 14541 ns, Total: 92799 ns
[2025-02-01T14:59:42.023+0000][80][info ][safepoint   ] Safepoint "Cleanup", Time since last: 5010290971 ns, Reaching safepoint: 31588 ns, Cleanup: 12541 ns, At safepoint: 5549 ns, Total: 49678 ns
[2025-02-01T14:59:44.032+0000][80][info ][safepoint   ] Safepoint "Cleanup", Time since last: 2009084739 ns, Reaching safepoint: 38674 ns, Cleanup: 25409 ns, At safepoint: 10009 ns, Total: 74092 ns
[2025-02-01T14:59:45.038+0000][80][info ][safepoint   ] Safepoint "Cleanup", Time since last: 1005567315 ns, Reaching safepoint: 25336 ns, Cleanup: 12026 ns, At safepoint: 4750 ns, Total: 42112 ns
[2025-02-01T14:59:47.316+0000][80][info ][safepoint   ] Safepoint "Cleanup", Time since last: 2277889085 ns, Reaching safepoint: 10291 ns, Cleanup: 9225 ns, At safepoint: 4736 ns, Total: 24252 ns
[2025-02-01T14:59:51.051+0000][80][info ][safepoint   ] Safepoint "Cleanup", Time since last: 3735328830 ns, Reaching safepoint: 30296 ns, Cleanup: 14527 ns, At safepoint: 7500 ns, Total: 52323 ns
[2025-02-01T14:59:53.328+0000][80][info ][safepoint   ] Safepoint "Cleanup", Time since last: 2276762086 ns, Reaching safepoint: 24492 ns, Cleanup: 8455 ns, At safepoint: 4311 ns, Total: 37258 ns
[2025-02-01T14:59:55.065+0000][80][info ][safepoint   ] Safepoint "Cleanup", Time since last: 1736788002 ns, Reaching safepoint: 27240 ns, Cleanup: 19902 ns, At safepoint: 5485 ns, Total: 52627 ns
[2025-02-01T14:59:57.066+0000][80][info ][safepoint   ] Safepoint "Cleanup", Time since last: 2001006953 ns, Reaching safepoint: 51245 ns, Cleanup: 23147 ns, At safepoint: 12259 ns, Total: 86651 ns
[2025-02-01T15:00:00.072+0000][80][info ][safepoint   ] Safepoint "Cleanup", Time since last: 3006337264 ns, Reaching safepoint: 17896 ns, Cleanup: 15943 ns, At safepoint: 8581 ns, Total: 42420 ns
[2025-02-01T15:00:01.089+0000][80][info ][safepoint   ] Safepoint "Cleanup", Time since last: 1017205401 ns, Reaching safepoint: 47378 ns, Cleanup: 23207 ns, At safepoint: 11098 ns, Total: 81683 ns
[2025-02-01T15:00:05.341+0000][80][info ][safepoint   ] Safepoint "Cleanup", Time since last: 4251468048 ns, Reaching safepoint: 17455 ns, Cleanup: 12052 ns, At safepoint: 7642 ns, Total: 37149 ns
[2025-02-01T15:00:07.144+0000][80][info ][safepoint   ] Safepoint "Cleanup", Time since last: 1803111214 ns, Reaching safepoint: 27033 ns, Cleanup: 21287 ns, At safepoint: 5124 ns, Total: 53444 ns
[2025-02-01T15:00:08.549+0000][80][info ][safepoint   ] Safepoint "Cleanup", Time since last: 1404471567 ns, Reaching safepoint: 27566 ns, Cleanup: 23157 ns, At safepoint: 13756 ns, Total: 64479 ns
[2025-02-01T15:00:09.551+0000][80][info ][safepoint   ] Safepoint "Cleanup", Time since last: 1001961172 ns, Reaching safepoint: 43817 ns, Cleanup: 19368 ns, At safepoint: 10342 ns, Total: 73527 ns
[2025-02-01T15:00:11.315+0000][80][info ][safepoint   ] Safepoint "Cleanup", Time since last: 1766025317 ns, Reaching safepoint: 9051 ns, Cleanup: 6070 ns, At safepoint: 4675 ns, Total: 19796 ns
[2025-02-01T15:00:13.169+0000][80][info ][safepoint   ] Safepoint "Cleanup", Time since last: 1854696671 ns, Reaching safepoint: 26772 ns, Cleanup: 13396 ns, At safepoint: 5608 ns, Total: 45776 ns
[2025-02-01T15:00:18.192+0000][80][info ][safepoint   ] Safepoint "Cleanup", Time since last: 5022545760 ns, Reaching safepoint: 14518 ns, Cleanup: 10944 ns, At safepoint: 6740 ns, Total: 32202 ns
[2025-02-01T15:00:27.239+0000][80][info ][safepoint   ] Safepoint "Cleanup", Time since last: 9046488268 ns, Reaching safepoint: 76039 ns, Cleanup: 19708 ns, At safepoint: 8504 ns, Total: 104251 ns
[2025-02-01T15:00:29.240+0000][80][info ][safepoint   ] Safepoint "Cleanup", Time since last: 2000825653 ns, Reaching safepoint: 53441 ns, Cleanup: 21961 ns, At safepoint: 11956 ns, Total: 87358 ns
[2025-02-01T15:00:30.256+0000][80][info ][safepoint   ] Safepoint "Cleanup", Time since last: 1016061409 ns, Reaching safepoint: 15152 ns, Cleanup: 21618 ns, At safepoint: 8358 ns, Total: 45128 ns
[2025-02-01T15:00:33.272+0000][80][info ][safepoint   ] Safepoint "Cleanup", Time since last: 3016589266 ns, Reaching safepoint: 33427 ns, Cleanup: 25369 ns, At safepoint: 7739 ns, Total: 66535 ns
[2025-02-01T15:00:35.351+0000][80][info ][safepoint   ] Safepoint "Cleanup", Time since last: 2078387304 ns, Reaching safepoint: 15531 ns, Cleanup: 10071 ns, At safepoint: 8083 ns, Total: 33685 ns
[2025-02-01T15:00:37.311+0000][80][info ][safepoint   ] Safepoint "Cleanup", Time since last: 1959887662 ns, Reaching safepoint: 41057 ns, Cleanup: 33292 ns, At safepoint: 10867 ns, Total: 85216 ns
[2025-02-01T15:00:39.313+0000][80][info ][safepoint   ] Safepoint "Cleanup", Time since last: 2001943019 ns, Reaching safepoint: 79842 ns, Cleanup: 18395 ns, At safepoint: 13719 ns, Total: 111956 ns
[2025-02-01T15:00:41.312+0000][80][info ][safepoint   ] Safepoint "Cleanup", Time since last: 2001195346 ns, Reaching safepoint: 256042 ns, Cleanup: 38838 ns, At safepoint: 42295 ns, Total: 337175 ns
[2025-02-01T15:00:42.341+0000][80][info ][safepoint   ] Safepoint "Cleanup", Time since last: 1029036534 ns, Reaching safepoint: 495624 ns, Cleanup: 31781 ns, At safepoint: 100826 ns, Total: 628231 ns
[2025-02-01T15:00:44.363+0000][80][info ][safepoint   ] Safepoint "Cleanup", Time since last: 2021219350 ns, Reaching safepoint: 24718 ns, Cleanup: 21691 ns, At safepoint: 5133 ns, Total: 51542 ns
[2025-02-01T15:00:47.323+0000][80][info ][safepoint   ] Safepoint "Cleanup", Time since last: 2960290103 ns, Reaching safepoint: 10708 ns, Cleanup: 7831 ns, At safepoint: 4567 ns, Total: 23106 ns
[2025-02-01T15:00:54.335+0000][80][info ][safepoint   ] Safepoint "Cleanup", Time since last: 7011943284 ns, Reaching safepoint: 84648 ns, Cleanup: 20026 ns, At safepoint: 15186 ns, Total: 119860 ns
[2025-02-01T15:00:59.348+0000][80][info ][safepoint   ] Safepoint "Cleanup", Time since last: 5012770574 ns, Reaching safepoint: 13555 ns, Cleanup: 8601 ns, At safepoint: 6351 ns, Total: 28507 ns
[2025-02-01T15:01:00.425+0000][80][info ][safepoint   ] Safepoint "Cleanup", Time since last: 1077331817 ns, Reaching safepoint: 10450 ns, Cleanup: 8020 ns, At safepoint: 29768 ns, Total: 48238 ns
[2025-02-01T15:01:02.448+0000][80][info ][safepoint   ] Safepoint "Cleanup", Time since last: 2022337462 ns, Reaching safepoint: 29433 ns, Cleanup: 23662 ns, At safepoint: 6637 ns, Total: 59732 ns
[2025-02-01T15:01:04.448+0000][80][info ][safepoint   ] Safepoint "Cleanup", Time since last: 2000658436 ns, Reaching safepoint: 31011 ns, Cleanup: 17196 ns, At safepoint: 6225 ns, Total: 54432 ns
[2025-02-01T15:01:05.453+0000][80][info ][safepoint   ] Safepoint "Cleanup", Time since last: 1004165725 ns, Reaching safepoint: 11988 ns, Cleanup: 10498 ns, At safepoint: 4578 ns, Total: 27064 ns
[2025-02-01T15:01:06.469+0000][80][info ][safepoint   ] Safepoint "Cleanup", Time since last: 1016701093 ns, Reaching safepoint: 27129 ns, Cleanup: 15746 ns, At safepoint: 5677 ns, Total: 48552 ns
[2025-02-01T15:01:11.327+0000][80][info ][safepoint   ] Safepoint "Cleanup", Time since last: 4859338141 ns, Reaching safepoint: 44304 ns, Cleanup: 10860 ns, At safepoint: 35001 ns, Total: 90165 ns
[2025-02-01T15:01:12.505+0000][80][info ][safepoint   ] Safepoint "Cleanup", Time since last: 1178270108 ns, Reaching safepoint: 35293 ns, Cleanup: 19005 ns, At safepoint: 6630 ns, Total: 60928 ns
[2025-02-01T15:01:13.519+0000][80][info ][safepoint   ] Safepoint "Cleanup", Time since last: 1013731227 ns, Reaching safepoint: 42275 ns, Cleanup: 22857 ns, At safepoint: 9956 ns, Total: 75088 ns
[2025-02-01T15:01:17.531+0000][80][info ][safepoint   ] Safepoint "Cleanup", Time since last: 4012476885 ns, Reaching safepoint: 18812 ns, Cleanup: 11684 ns, At safepoint: 7889 ns, Total: 38385 ns
[2025-02-01T15:01:20.548+0000][80][info ][safepoint   ] Safepoint "Cleanup", Time since last: 3016354374 ns, Reaching safepoint: 62952 ns, Cleanup: 33457 ns, At safepoint: 16314 ns, Total: 112723 ns
[2025-02-01T15:01:23.570+0000][80][info ][safepoint   ] Safepoint "Cleanup", Time since last: 3021721037 ns, Reaching safepoint: 12854 ns, Cleanup: 15043 ns, At safepoint: 21726 ns, Total: 49623 ns
[2025-02-01T15:01:26.582+0000][80][info ][safepoint   ] Safepoint "Cleanup", Time since last: 3012052491 ns, Reaching safepoint: 110646 ns, Cleanup: 28450 ns, At safepoint: 13579 ns, Total: 152675 ns
[2025-02-01T15:01:29.331+0000][80][info ][safepoint   ] Safepoint "Cleanup", Time since last: 2749035329 ns, Reaching safepoint: 13602 ns, Cleanup: 10429 ns, At safepoint: 6668 ns, Total: 30699 ns
[2025-02-01T15:01:30.616+0000][80][info ][safepoint   ] Safepoint "Cleanup", Time since last: 1284714455 ns, Reaching safepoint: 33448 ns, Cleanup: 47170 ns, At safepoint: 7447 ns, Total: 88065 ns
[2025-02-01T15:01:32.617+0000][80][info ][safepoint   ] Safepoint "Cleanup", Time since last: 2001166910 ns, Reaching safepoint: 47283 ns, Cleanup: 38527 ns, At safepoint: 12582 ns, Total: 98392 ns
[2025-02-01T15:01:35.347+0000][80][info ][safepoint   ] Safepoint "Cleanup", Time since last: 2730420531 ns, Reaching safepoint: 9733 ns, Cleanup: 6323 ns, At safepoint: 20817 ns, Total: 36873 ns
[2025-02-01T15:01:36.637+0000][80][info ][safepoint   ] Safepoint "Cleanup", Time since last: 1289235331 ns, Reaching safepoint: 46947 ns, Cleanup: 28389 ns, At safepoint: 11174 ns, Total: 86510 ns
[2025-02-01T15:01:41.351+0000][80][info ][safepoint   ] Safepoint "Cleanup", Time since last: 4716724674 ns, Reaching safepoint: 34078 ns, Cleanup: 8775 ns, At safepoint: 29902 ns, Total: 72755 ns
[2025-02-01T15:01:44.340+0000][80][info ][safepoint   ] Safepoint "Cleanup", Time since last: 2988367168 ns, Reaching safepoint: 10382 ns, Cleanup: 22949 ns, At safepoint: 17818 ns, Total: 51149 ns
[2025-02-01T15:01:45.706+0000][80][info ][safepoint   ] Safepoint "Cleanup", Time since last: 1366089498 ns, Reaching safepoint: 37470 ns, Cleanup: 25309 ns, At safepoint: 8656 ns, Total: 71435 ns
[2025-02-01T15:01:47.354+0000][80][info ][safepoint   ] Safepoint "Cleanup", Time since last: 1647675325 ns, Reaching safepoint: 24206 ns, Cleanup: 22130 ns, At safepoint: 77662 ns, Total: 123998 ns
[2025-02-01T15:01:48.762+0000][80][info ][safepoint   ] Safepoint "Cleanup", Time since last: 1408183240 ns, Reaching safepoint: 16657 ns, Cleanup: 30788 ns, At safepoint: 9293 ns, Total: 56738 ns
[2025-02-01T15:01:50.336+0000][80][info ][safepoint   ] Safepoint "Cleanup", Time since last: 1573701766 ns, Reaching safepoint: 10430 ns, Cleanup: 5565 ns, At safepoint: 17573 ns, Total: 33568 ns
[2025-02-01T15:01:51.793+0000][80][info ][safepoint   ] Safepoint "Cleanup", Time since last: 1457434479 ns, Reaching safepoint: 44205 ns, Cleanup: 41039 ns, At safepoint: 11423 ns, Total: 96667 ns
[2025-02-01T15:01:55.852+0000][80][info ][safepoint   ] Safepoint "Cleanup", Time since last: 4058332082 ns, Reaching safepoint: 63164 ns, Cleanup: 38129 ns, At safepoint: 16175 ns, Total: 117468 ns
[2025-02-01T15:01:57.357+0000][80][info ][safepoint   ] Safepoint "Cleanup", Time since last: 1505609582 ns, Reaching safepoint: 41542 ns, Cleanup: 19357 ns, At safepoint: 10004 ns, Total: 70903 ns
[2025-02-01T15:01:59.586+0000][80][info ][safepoint   ] Safepoint "Cleanup", Time since last: 2228123991 ns, Reaching safepoint: 15038 ns, Cleanup: 8163 ns, At safepoint: 35983 ns, Total: 59184 ns
[2025-02-01T15:02:00.876+0000][80][info ][safepoint   ] Safepoint "Cleanup", Time since last: 1290041416 ns, Reaching safepoint: 57419 ns, Cleanup: 25711 ns, At safepoint: 11507 ns, Total: 94637 ns
[2025-02-01T15:02:02.877+0000][80][info ][safepoint   ] Safepoint "Cleanup", Time since last: 2001187046 ns, Reaching safepoint: 26934 ns, Cleanup: 12097 ns, At safepoint: 5164 ns, Total: 44195 ns
[2025-02-01T15:02:05.350+0000][80][info ][safepoint   ] Safepoint "Cleanup", Time since last: 2473237768 ns, Reaching safepoint: 14249 ns, Cleanup: 11533 ns, At safepoint: 7715 ns, Total: 33497 ns
[2025-02-01T15:02:06.912+0000][80][info ][safepoint   ] Safepoint "Cleanup", Time since last: 1561172787 ns, Reaching safepoint: 26954 ns, Cleanup: 36764 ns, At safepoint: 5474 ns, Total: 69192 ns
[2025-02-01T15:02:11.920+0000][80][info ][safepoint   ] Safepoint "Cleanup", Time since last: 5010420178 ns, Reaching safepoint: 48346 ns, Cleanup: 19151 ns, At safepoint: 42590 ns, Total: 110087 ns
[2025-02-01T15:02:13.947+0000][80][info ][safepoint   ] Safepoint "Cleanup", Time since last: 2027485589 ns, Reaching safepoint: 54677 ns, Cleanup: 23450 ns, At safepoint: 12007 ns, Total: 90134 ns
[2025-02-01T15:02:23.332+0000][80][info ][safepoint   ] Safepoint "Cleanup", Time since last: 9384092997 ns, Reaching safepoint: 12600 ns, Cleanup: 7227 ns, At safepoint: 18182 ns, Total: 38009 ns
[2025-02-01T15:02:26.006+0000][80][info ][safepoint   ] Safepoint "Cleanup", Time since last: 2674244935 ns, Reaching safepoint: 41459 ns, Cleanup: 16279 ns, At safepoint: 4914 ns, Total: 62652 ns
[2025-02-01T15:02:31.033+0000][80][info ][safepoint   ] Safepoint "Cleanup", Time since last: 5027316961 ns, Reaching safepoint: 71832 ns, Cleanup: 12109 ns, At safepoint: 8191 ns, Total: 92132 ns
[2025-02-01T15:02:35.348+0000][80][info ][safepoint   ] Safepoint "Cleanup", Time since last: 4314428537 ns, Reaching safepoint: 17607 ns, Cleanup: 13144 ns, At safepoint: 8607 ns, Total: 39358 ns
[2025-02-01T15:02:37.063+0000][80][info ][safepoint   ] Safepoint "Cleanup", Time since last: 1715160024 ns, Reaching safepoint: 54249 ns, Cleanup: 28736 ns, At safepoint: 15273 ns, Total: 98258 ns
[2025-02-01T15:02:42.071+0000][80][info ][safepoint   ] Safepoint "Cleanup", Time since last: 5010586454 ns, Reaching safepoint: 16285 ns, Cleanup: 10694 ns, At safepoint: 6092 ns, Total: 33071 ns
[2025-02-01T15:02:44.080+0000][80][info ][safepoint   ] Safepoint "Cleanup", Time since last: 2008314850 ns, Reaching safepoint: 30904 ns, Cleanup: 16315 ns, At safepoint: 5411 ns, Total: 52630 ns
[2025-02-01T15:02:49.107+0000][80][info ][safepoint   ] Safepoint "Cleanup", Time since last: 5026993561 ns, Reaching safepoint: 26905 ns, Cleanup: 13184 ns, At safepoint: 5934 ns, Total: 46023 ns
[2025-02-01T15:02:56.127+0000][80][info ][safepoint   ] Safepoint "Cleanup", Time since last: 7019904111 ns, Reaching safepoint: 43150 ns, Cleanup: 20941 ns, At safepoint: 10479 ns, Total: 74570 ns
[2025-02-01T15:02:59.695+0000][80][info ][safepoint   ] Safepoint "Cleanup", Time since last: 3568337226 ns, Reaching safepoint: 10440 ns, Cleanup: 5613 ns, At safepoint: 4327 ns, Total: 20380 ns
[2025-02-01T15:03:07.177+0000][80][info ][safepoint   ] Safepoint "Cleanup", Time since last: 7481505415 ns, Reaching safepoint: 44396 ns, Cleanup: 27716 ns, At safepoint: 11219 ns, Total: 83331 ns
[2025-02-01T15:03:11.342+0000][80][info ][safepoint   ] Safepoint "Cleanup", Time since last: 4167434242 ns, Reaching safepoint: 14260 ns, Cleanup: 16117 ns, At safepoint: 27758 ns, Total: 58135 ns
[2025-02-01T15:03:13.205+0000][80][info ][safepoint   ] Safepoint "Cleanup", Time since last: 1863422675 ns, Reaching safepoint: 50549 ns, Cleanup: 12104 ns, At safepoint: 6874 ns, Total: 69527 ns
[2025-02-01T15:03:14.206+0000][80][info ][safepoint   ] Safepoint "Cleanup", Time since last: 1000553212 ns, Reaching safepoint: 51537 ns, Cleanup: 50795 ns, At safepoint: 14993 ns, Total: 117325 ns
[2025-02-01T15:03:15.207+0000][80][info ][safepoint   ] Safepoint "Cleanup", Time since last: 1001146979 ns, Reaching safepoint: 33571 ns, Cleanup: 13314 ns, At safepoint: 9471 ns, Total: 56356 ns
[2025-02-01T15:03:30.328+0000][80][info ][safepoint   ] Safepoint "Cleanup", Time since last: 15121204824 ns, Reaching safepoint: 9952 ns, Cleanup: 8003 ns, At safepoint: 4267 ns, Total: 22222 ns
[2025-02-01T15:03:33.316+0000][80][info ][safepoint   ] Safepoint "Cleanup", Time since last: 2987747098 ns, Reaching safepoint: 27451 ns, Cleanup: 12171 ns, At safepoint: 5980 ns, Total: 45602 ns
[2025-02-01T15:03:42.342+0000][80][info ][safepoint   ] Safepoint "Cleanup", Time since last: 9027001265 ns, Reaching safepoint: 118520 ns, Cleanup: 8590 ns, At safepoint: 59795 ns, Total: 186905 ns
[2025-02-01T15:03:44.349+0000][80][info ][safepoint   ] Safepoint "Cleanup", Time since last: 2007223639 ns, Reaching safepoint: 52924 ns, Cleanup: 17978 ns, At safepoint: 6694 ns, Total: 77596 ns
[2025-02-01T15:03:46.350+0000][80][info ][safepoint   ] Safepoint "Cleanup", Time since last: 2000971924 ns, Reaching safepoint: 45573 ns, Cleanup: 20639 ns, At safepoint: 10989 ns, Total: 77201 ns
[2025-02-01T15:03:54.370+0000][80][info ][safepoint   ] Safepoint "Cleanup", Time since last: 8020282083 ns, Reaching safepoint: 25702 ns, Cleanup: 13255 ns, At safepoint: 5434 ns, Total: 44391 ns
[2025-02-01T15:03:56.407+0000][80][info ][safepoint   ] Safepoint "Cleanup", Time since last: 2036136091 ns, Reaching safepoint: 43312 ns, Cleanup: 19770 ns, At safepoint: 10245 ns, Total: 73327 ns
[2025-02-01T15:03:59.359+0000][80][info ][safepoint   ] Safepoint "Cleanup", Time since last: 2952221048 ns, Reaching safepoint: 99961 ns, Cleanup: 7286 ns, At safepoint: 55156 ns, Total: 162403 ns
[2025-02-01T15:04:00.423+0000][80][info ][safepoint   ] Safepoint "Cleanup", Time since last: 1063926793 ns, Reaching safepoint: 40143 ns, Cleanup: 20341 ns, At safepoint: 8509 ns, Total: 68993 ns
[2025-02-01T15:04:02.441+0000][80][info ][safepoint   ] Safepoint "Cleanup", Time since last: 2017681199 ns, Reaching safepoint: 51693 ns, Cleanup: 23833 ns, At safepoint: 13551 ns, Total: 89077 ns
[2025-02-01T15:04:03.442+0000][80][info ][safepoint   ] Safepoint "Cleanup", Time since last: 1001460090 ns, Reaching safepoint: 30251 ns, Cleanup: 12291 ns, At safepoint: 5715 ns, Total: 48257 ns
[2025-02-01T15:04:05.359+0000][80][info ][safepoint   ] Safepoint "Cleanup", Time since last: 1916565853 ns, Reaching safepoint: 10316 ns, Cleanup: 7885 ns, At safepoint: 17771 ns, Total: 35972 ns
[2025-02-01T15:04:06.455+0000][80][info ][safepoint   ] Safepoint "Cleanup", Time since last: 1095913966 ns, Reaching safepoint: 56083 ns, Cleanup: 38669 ns, At safepoint: 113998 ns, Total: 208750 ns
[2025-02-01T15:04:11.504+0000][80][info ][safepoint   ] Safepoint "Cleanup", Time since last: 5051692819 ns, Reaching safepoint: 212063 ns, Cleanup: 11293 ns, At safepoint: 60288 ns, Total: 283644 ns
[2025-02-01T15:04:17.548+0000][80][info ][safepoint   ] Safepoint "Cleanup", Time since last: 6043783878 ns, Reaching safepoint: 208107 ns, Cleanup: 15004 ns, At safepoint: 37159 ns, Total: 260270 ns
[2025-02-01T15:04:18.555+0000][80][info ][safepoint   ] Safepoint "Cleanup", Time since last: 1006951438 ns, Reaching safepoint: 27550 ns, Cleanup: 13454 ns, At safepoint: 5494 ns, Total: 46498 ns
[2025-02-01T15:04:20.556+0000][80][info ][safepoint   ] Safepoint "Cleanup", Time since last: 2000773602 ns, Reaching safepoint: 28203 ns, Cleanup: 16230 ns, At safepoint: 5448 ns, Total: 49881 ns
[2025-02-01T15:04:24.579+0000][80][info ][safepoint   ] Safepoint "Cleanup", Time since last: 4023520037 ns, Reaching safepoint: 28727 ns, Cleanup: 13750 ns, At safepoint: 5319 ns, Total: 47796 ns
[2025-02-01T15:04:29.610+0000][80][info ][safepoint   ] Safepoint "Cleanup", Time since last: 5030612516 ns, Reaching safepoint: 9475 ns, Cleanup: 6008 ns, At safepoint: 4672 ns, Total: 20155 ns
[2025-02-01T15:04:32.614+0000][80][info ][safepoint   ] Safepoint "Cleanup", Time since last: 3004059954 ns, Reaching safepoint: 39053 ns, Cleanup: 17892 ns, At safepoint: 8582 ns, Total: 65527 ns
[2025-02-01T15:04:44.673+0000][80][info ][safepoint   ] Safepoint "Cleanup", Time since last: 12060665401 ns, Reaching safepoint: 97424 ns, Cleanup: 25817 ns, At safepoint: 15885 ns, Total: 139126 ns
[2025-02-01T15:04:51.699+0000][80][info ][safepoint   ] Safepoint "Cleanup", Time since last: 7025146242 ns, Reaching safepoint: 58489 ns, Cleanup: 29712 ns, At safepoint: 15324 ns, Total: 103525 ns
[2025-02-01T15:04:59.362+0000][80][info ][safepoint   ] Safepoint "Cleanup", Time since last: 7663551114 ns, Reaching safepoint: 99828 ns, Cleanup: 7432 ns, At safepoint: 51011 ns, Total: 158271 ns
[2025-02-01T15:05:05.347+0000][80][info ][safepoint   ] Safepoint "Cleanup", Time since last: 5984483491 ns, Reaching safepoint: 27189 ns, Cleanup: 9437 ns, At safepoint: 6117 ns, Total: 42743 ns
[2025-02-01T15:05:06.776+0000][80][info ][safepoint   ] Safepoint "Cleanup", Time since last: 1428832779 ns, Reaching safepoint: 30000 ns, Cleanup: 22633 ns, At safepoint: 6038 ns, Total: 58671 ns
[2025-02-01T15:05:11.779+0000][80][info ][safepoint   ] Safepoint "Cleanup", Time since last: 5005007455 ns, Reaching safepoint: 10364 ns, Cleanup: 7520 ns, At safepoint: 17509 ns, Total: 35393 ns
[2025-02-01T15:05:17.799+0000][80][info ][safepoint   ] Safepoint "Cleanup", Time since last: 6019646140 ns, Reaching safepoint: 40181 ns, Cleanup: 11705 ns, At safepoint: 7970 ns, Total: 59856 ns
[2025-02-01T15:05:18.817+0000][80][info ][safepoint   ] Safepoint "Cleanup", Time since last: 1018659730 ns, Reaching safepoint: 53687 ns, Cleanup: 43935 ns, At safepoint: 12471 ns, Total: 110093 ns
[2025-02-01T15:05:29.887+0000][80][info ][safepoint   ] Safepoint "Cleanup", Time since last: 11069725385 ns, Reaching safepoint: 16156 ns, Cleanup: 16383 ns, At safepoint: 8053 ns, Total: 40592 ns
[2025-02-01T15:05:32.903+0000][80][info ][safepoint   ] Safepoint "Cleanup", Time since last: 3015625307 ns, Reaching safepoint: 85292 ns, Cleanup: 22305 ns, At safepoint: 10970 ns, Total: 118567 ns
[2025-02-01T15:05:33.904+0000][80][info ][safepoint   ] Safepoint "Cleanup", Time since last: 1001044372 ns, Reaching safepoint: 46528 ns, Cleanup: 17996 ns, At safepoint: 9009 ns, Total: 73533 ns
[2025-02-01T15:05:34.905+0000][80][info ][safepoint   ] Safepoint "Cleanup", Time since last: 1001038042 ns, Reaching safepoint: 56000 ns, Cleanup: 33871 ns, At safepoint: 14034 ns, Total: 103905 ns
[2025-02-01T15:05:35.924+0000][80][info ][safepoint   ] Safepoint "Cleanup", Time since last: 1019043153 ns, Reaching safepoint: 14930 ns, Cleanup: 17174 ns, At safepoint: 7998 ns, Total: 40102 ns
[2025-02-01T15:05:43.979+0000][80][info ][safepoint   ] Safepoint "Cleanup", Time since last: 8056643764 ns, Reaching safepoint: 28633 ns, Cleanup: 21291 ns, At safepoint: 5568 ns, Total: 55492 ns
[2025-02-01T15:05:54.035+0000][80][info ][safepoint   ] Safepoint "Cleanup", Time since last: 10056667556 ns, Reaching safepoint: 50350 ns, Cleanup: 17005 ns, At safepoint: 10115 ns, Total: 77470 ns
[2025-02-01T15:05:59.340+0000][80][info ][safepoint   ] Safepoint "Cleanup", Time since last: 5304758136 ns, Reaching safepoint: 10541 ns, Cleanup: 8101 ns, At safepoint: 4906 ns, Total: 23548 ns
[2025-02-01T15:06:01.102+0000][80][info ][safepoint   ] Safepoint "Cleanup", Time since last: 1761636207 ns, Reaching safepoint: 202380 ns, Cleanup: 21440 ns, At safepoint: 120299 ns, Total: 344119 ns
[2025-02-01T15:06:04.117+0000][80][info ][safepoint   ] Safepoint "Cleanup", Time since last: 3014376534 ns, Reaching safepoint: 96112 ns, Cleanup: 21737 ns, At safepoint: 13926 ns, Total: 131775 ns
[2025-02-01T15:06:05.350+0000][80][info ][safepoint   ] Safepoint "Cleanup", Time since last: 1232774118 ns, Reaching safepoint: 99378 ns, Cleanup: 8172 ns, At safepoint: 29568 ns, Total: 137118 ns
[2025-02-01T15:06:12.138+0000][80][info ][safepoint   ] Safepoint "Cleanup", Time since last: 6790024951 ns, Reaching safepoint: 145890 ns, Cleanup: 16576 ns, At safepoint: 93340 ns, Total: 255806 ns
[2025-02-01T15:06:15.154+0000][80][info ][safepoint   ] Safepoint "Cleanup", Time since last: 3016702491 ns, Reaching safepoint: 28911 ns, Cleanup: 13404 ns, At safepoint: 6072 ns, Total: 48387 ns
[2025-02-01T15:06:17.346+0000][80][info ][safepoint   ] Safepoint "Cleanup", Time since last: 2191936033 ns, Reaching safepoint: 19345 ns, Cleanup: 7768 ns, At safepoint: 4619 ns, Total: 31732 ns
[2025-02-01T15:06:31.246+0000][80][info ][safepoint   ] Safepoint "Cleanup", Time since last: 13900023921 ns, Reaching safepoint: 50158 ns, Cleanup: 32807 ns, At safepoint: 12757 ns, Total: 95722 ns
[2025-02-01T15:06:33.247+0000][80][info ][safepoint   ] Safepoint "Cleanup", Time since last: 2001092766 ns, Reaching safepoint: 27373 ns, Cleanup: 17527 ns, At safepoint: 5188 ns, Total: 50088 ns
[2025-02-01T15:06:36.299+0000][80][info ][safepoint   ] Safepoint "Cleanup", Time since last: 3051452287 ns, Reaching safepoint: 10267 ns, Cleanup: 10881 ns, At safepoint: 5120 ns, Total: 26268 ns
[2025-02-01T15:06:42.322+0000][80][info ][safepoint   ] Safepoint "Cleanup", Time since last: 6025548267 ns, Reaching safepoint: 15385 ns, Cleanup: 16802 ns, At safepoint: 8530 ns, Total: 40717 ns
[2025-02-01T15:06:44.342+0000][80][info ][safepoint   ] Safepoint "Cleanup", Time since last: 2019983263 ns, Reaching safepoint: 23860 ns, Cleanup: 17209 ns, At safepoint: 5366 ns, Total: 46435 ns
[2025-02-01T15:06:53.345+0000][80][info ][safepoint   ] Safepoint "Cleanup", Time since last: 9002130854 ns, Reaching safepoint: 22987 ns, Cleanup: 7244 ns, At safepoint: 4599 ns, Total: 34830 ns
[2025-02-01T15:06:54.360+0000][80][info ][safepoint   ] Safepoint "Cleanup", Time since last: 1015442587 ns, Reaching safepoint: 50777 ns, Cleanup: 27198 ns, At safepoint: 14028 ns, Total: 92003 ns
[2025-02-01T15:06:55.435+0000][80][info ][gc,start    ] GC(15) Pause Young (Normal) (G1 Evacuation Pause)
[2025-02-01T15:06:55.436+0000][80][info ][gc,task     ] GC(15) Using 18 workers of 18 for evacuation
[2025-02-01T15:06:55.437+0000][80][debug][gc,age      ] GC(15) Desired survivor size 134217728 bytes, new threshold 15 (max threshold 15)
[2025-02-01T15:06:55.487+0000][80][info ][gc,phases   ] GC(15)   Pre Evacuate Collection Set: 5.1ms
[2025-02-01T15:06:55.488+0000][80][info ][gc,phases   ] GC(15)   Merge Heap Roots: 2.0ms
[2025-02-01T15:06:55.489+0000][80][info ][gc,phases   ] GC(15)   Evacuate Collection Set: 27.5ms
[2025-02-01T15:06:55.490+0000][80][info ][gc,phases   ] GC(15)   Post Evacuate Collection Set: 3.3ms
[2025-02-01T15:06:55.490+0000][80][info ][gc,phases   ] GC(15)   Other: 13.8ms
[2025-02-01T15:06:55.491+0000][80][trace][gc,age      ] GC(15) Age table with threshold 15 (max threshold 15)
[2025-02-01T15:06:55.491+0000][80][trace][gc,age      ] GC(15) - age   1:    2265520 bytes,    2265520 total
[2025-02-01T15:06:55.492+0000][80][trace][gc,age      ] GC(15) - age   2:     590184 bytes,    2855704 total
[2025-02-01T15:06:55.493+0000][80][info ][gc,heap     ] GC(15) Eden regions: 505->0(506)
[2025-02-01T15:06:55.493+0000][80][info ][gc,heap     ] GC(15) Survivor regions: 3->2(64)
[2025-02-01T15:06:55.494+0000][80][info ][gc,heap     ] GC(15) Old regions: 32->32
[2025-02-01T15:06:55.494+0000][80][info ][gc,heap     ] GC(15) Humongous regions: 4->4
[2025-02-01T15:06:55.495+0000][80][info ][gc,metaspace] GC(15) Metaspace: 149637K(153600K)->149637K(153600K) NonClass: 129733K(131840K)->129733K(131840K) Class: 19903K(21760K)->19903K(21760K)
[2025-02-01T15:06:55.496+0000][80][info ][gc          ] GC(15) Pause Young (Normal) (G1 Evacuation Pause) 2176M->149M(3392M) 60.928ms
[2025-02-01T15:06:55.496+0000][80][info ][gc,cpu      ] GC(15) User=0.36s Sys=0.00s Real=0.07s
[2025-02-01T15:06:55.497+0000][80][info ][safepoint   ] Safepoint "G1CollectForAllocation", Time since last: 1072217682 ns, Reaching safepoint: 24105 ns, Cleanup: 4885 ns, At safepoint: 64397506 ns, Total: 64426496 ns
[2025-02-01T15:06:56.636+0000][80][info ][safepoint   ] Safepoint "Cleanup", Time since last: 1139665279 ns, Reaching safepoint: 28353 ns, Cleanup: 17563 ns, At safepoint: 5299 ns, Total: 51215 ns
[2025-02-01T15:06:59.566+0000][80][info ][safepoint   ] Safepoint "Cleanup", Time since last: 2929500165 ns, Reaching safepoint: 10094 ns, Cleanup: 8689 ns, At safepoint: 4081 ns, Total: 22864 ns
[2025-02-01T15:07:05.356+0000][80][info ][safepoint   ] Safepoint "Cleanup", Time since last: 5790050580 ns, Reaching safepoint: 28992 ns, Cleanup: 6065 ns, At safepoint: 19387 ns, Total: 54444 ns
[2025-02-01T15:07:06.571+0000][80][info ][safepoint   ] Safepoint "Cleanup", Time since last: 1214978682 ns, Reaching safepoint: 55034 ns, Cleanup: 34675 ns, At safepoint: 14127 ns, Total: 103836 ns
[2025-02-01T15:07:10.879+0000][80][info ][safepoint   ] Safepoint "Cleanup", Time since last: 4307974815 ns, Reaching safepoint: 52854 ns, Cleanup: 23626 ns, At safepoint: 12583 ns, Total: 89063 ns
[2025-02-01T15:07:12.603+0000][80][info ][safepoint   ] Safepoint "Cleanup", Time since last: 1725805637 ns, Reaching safepoint: 54444 ns, Cleanup: 29980 ns, At safepoint: 14829 ns, Total: 99253 ns
[2025-02-01T15:07:13.604+0000][80][info ][safepoint   ] Safepoint "Cleanup", Time since last: 1000995178 ns, Reaching safepoint: 35771 ns, Cleanup: 13022 ns, At safepoint: 5695 ns, Total: 54488 ns
[2025-02-01T15:07:17.614+0000][80][info ][safepoint   ] Safepoint "Cleanup", Time since last: 4009874221 ns, Reaching safepoint: 18000 ns, Cleanup: 12471 ns, At safepoint: 8343 ns, Total: 38814 ns
[2025-02-01T15:07:23.360+0000][80][info ][safepoint   ] Safepoint "Cleanup", Time since last: 5745449007 ns, Reaching safepoint: 110140 ns, Cleanup: 8133 ns, At safepoint: 54341 ns, Total: 172614 ns
[2025-02-01T15:07:31.708+0000][80][info ][safepoint   ] Safepoint "Cleanup", Time since last: 8347900767 ns, Reaching safepoint: 41120 ns, Cleanup: 19751 ns, At safepoint: 9934 ns, Total: 70805 ns
[2025-02-01T15:07:35.371+0000][80][info ][safepoint   ] Safepoint "Cleanup", Time since last: 3663560468 ns, Reaching safepoint: 15655 ns, Cleanup: 13276 ns, At safepoint: 24602 ns, Total: 53533 ns
[2025-02-01T15:07:43.784+0000][80][info ][safepoint   ] Safepoint "Cleanup", Time since last: 8415328005 ns, Reaching safepoint: 91393 ns, Cleanup: 16452 ns, At safepoint: 5980 ns, Total: 113825 ns
[2025-02-01T15:07:47.797+0000][80][info ][safepoint   ] Safepoint "Cleanup", Time since last: 4012609592 ns, Reaching safepoint: 31402 ns, Cleanup: 10925 ns, At safepoint: 24383 ns, Total: 66710 ns
[2025-02-01T15:07:50.807+0000][80][info ][safepoint   ] Safepoint "Cleanup", Time since last: 3009379170 ns, Reaching safepoint: 77477 ns, Cleanup: 18854 ns, At safepoint: 11349 ns, Total: 107680 ns
[2025-02-01T15:07:53.357+0000][80][info ][safepoint   ] Safepoint "Cleanup", Time since last: 2550747528 ns, Reaching safepoint: 16286 ns, Cleanup: 10799 ns, At safepoint: 8160 ns, Total: 35245 ns
[2025-02-01T15:08:04.865+0000][80][info ][safepoint   ] Safepoint "Cleanup", Time since last: 11508020040 ns, Reaching safepoint: 52959 ns, Cleanup: 17992 ns, At safepoint: 6688 ns, Total: 77639 ns
[2025-02-01T15:08:05.882+0000][80][info ][safepoint   ] Safepoint "Cleanup", Time since last: 1016204501 ns, Reaching safepoint: 16638 ns, Cleanup: 19051 ns, At safepoint: 26341 ns, Total: 62030 ns
[2025-02-01T15:08:06.905+0000][80][info ][safepoint   ] Safepoint "Cleanup", Time since last: 1023260678 ns, Reaching safepoint: 17729 ns, Cleanup: 14476 ns, At safepoint: 8781 ns, Total: 40986 ns
[2025-02-01T15:08:11.364+0000][80][info ][safepoint   ] Safepoint "Cleanup", Time since last: 4460834954 ns, Reaching safepoint: 10756 ns, Cleanup: 6335 ns, At safepoint: 18932 ns, Total: 36023 ns
[2025-02-01T15:08:12.933+0000][80][info ][safepoint   ] Safepoint "Cleanup", Time since last: 1568437777 ns, Reaching safepoint: 32049 ns, Cleanup: 20345 ns, At safepoint: 6183 ns, Total: 58577 ns
[2025-02-01T15:08:17.942+0000][80][info ][safepoint   ] Safepoint "Cleanup", Time since last: 5009774544 ns, Reaching safepoint: 17325 ns, Cleanup: 13425 ns, At safepoint: 9143 ns, Total: 39893 ns
[2025-02-01T15:08:18.957+0000][80][info ][safepoint   ] Safepoint "Cleanup", Time since last: 1014456186 ns, Reaching safepoint: 47737 ns, Cleanup: 24463 ns, At safepoint: 11473 ns, Total: 83673 ns
[2025-02-01T15:08:20.959+0000][80][info ][safepoint   ] Safepoint "Cleanup", Time since last: 2001548488 ns, Reaching safepoint: 59979 ns, Cleanup: 14919 ns, At safepoint: 6434 ns, Total: 81332 ns
[2025-02-01T15:08:36.054+0000][80][info ][safepoint   ] Safepoint "Cleanup", Time since last: 15094910831 ns, Reaching safepoint: 32464 ns, Cleanup: 9352 ns, At safepoint: 22088 ns, Total: 63904 ns
[2025-02-01T15:08:44.113+0000][80][info ][safepoint   ] Safepoint "Cleanup", Time since last: 8062039502 ns, Reaching safepoint: 50368 ns, Cleanup: 43510 ns, At safepoint: 13099 ns, Total: 106977 ns
[2025-02-01T15:08:56.159+0000][80][info ][safepoint   ] Safepoint "Cleanup", Time since last: 12045808084 ns, Reaching safepoint: 98102 ns, Cleanup: 21211 ns, At safepoint: 9732 ns, Total: 129045 ns
[2025-02-01T15:09:01.183+0000][80][info ][safepoint   ] Safepoint "Cleanup", Time since last: 5024114480 ns, Reaching safepoint: 48419 ns, Cleanup: 15563 ns, At safepoint: 6661 ns, Total: 70643 ns
[2025-02-01T15:09:07.208+0000][80][info ][safepoint   ] Safepoint "Cleanup", Time since last: 6024687946 ns, Reaching safepoint: 9733 ns, Cleanup: 5743 ns, At safepoint: 16718 ns, Total: 32194 ns
[2025-02-01T15:09:08.964+0000][80][info ][safepoint   ] Safepoint "Cleanup", Time since last: 1755762808 ns, Reaching safepoint: 19098 ns, Cleanup: 18909 ns, At safepoint: 40812 ns, Total: 78819 ns
[2025-02-01T15:09:11.355+0000][80][info ][safepoint   ] Safepoint "Cleanup", Time since last: 2391025183 ns, Reaching safepoint: 10562 ns, Cleanup: 7007 ns, At safepoint: 17248 ns, Total: 34817 ns
[2025-02-01T15:09:13.225+0000][80][info ][safepoint   ] Safepoint "Cleanup", Time since last: 1871664310 ns, Reaching safepoint: 29500 ns, Cleanup: 17272 ns, At safepoint: 6020 ns, Total: 52792 ns
[2025-02-01T15:09:24.283+0000][80][info ][safepoint   ] Safepoint "Cleanup", Time since last: 11057886826 ns, Reaching safepoint: 43919 ns, Cleanup: 11486 ns, At safepoint: 7726 ns, Total: 63131 ns
[2025-02-01T15:09:30.328+0000][80][info ][safepoint   ] Safepoint "Cleanup", Time since last: 6044639302 ns, Reaching safepoint: 23780 ns, Cleanup: 11642 ns, At safepoint: 8851 ns, Total: 44273 ns
[2025-02-01T15:09:36.369+0000][80][info ][safepoint   ] Safepoint "Cleanup", Time since last: 6041151950 ns, Reaching safepoint: 22866 ns, Cleanup: 17814 ns, At safepoint: 10320 ns, Total: 51000 ns
[2025-02-01T15:09:41.397+0000][80][info ][safepoint   ] Safepoint "Cleanup", Time since last: 5030878589 ns, Reaching safepoint: 7669 ns, Cleanup: 5182 ns, At safepoint: 17613 ns, Total: 30464 ns
[2025-02-01T15:09:42.398+0000][80][info ][safepoint   ] Safepoint "Cleanup", Time since last: 1000801688 ns, Reaching safepoint: 44950 ns, Cleanup: 20733 ns, At safepoint: 49738 ns, Total: 115421 ns
[2025-02-01T15:09:43.444+0000][80][info ][safepoint   ] Safepoint "Cleanup", Time since last: 1045948968 ns, Reaching safepoint: 19568 ns, Cleanup: 15628 ns, At safepoint: 10076 ns, Total: 45272 ns
[2025-02-01T15:09:44.459+0000][80][info ][safepoint   ] Safepoint "Cleanup", Time since last: 1014635940 ns, Reaching safepoint: 52525 ns, Cleanup: 22218 ns, At safepoint: 5552 ns, Total: 80295 ns
[2025-02-01T15:09:50.475+0000][80][info ][safepoint   ] Safepoint "Cleanup", Time since last: 6016404428 ns, Reaching safepoint: 28555 ns, Cleanup: 12198 ns, At safepoint: 5463 ns, Total: 46216 ns
[2025-02-01T15:09:53.498+0000][80][info ][safepoint   ] Safepoint "Cleanup", Time since last: 3023021270 ns, Reaching safepoint: 31710 ns, Cleanup: 9845 ns, At safepoint: 6182 ns, Total: 47737 ns
[2025-02-01T15:09:59.577+0000][80][info ][safepoint   ] Safepoint "Cleanup", Time since last: 6078614585 ns, Reaching safepoint: 9954 ns, Cleanup: 7443 ns, At safepoint: 4427 ns, Total: 21824 ns
[2025-02-01T15:10:00.585+0000][80][info ][safepoint   ] Safepoint "Cleanup", Time since last: 1008133819 ns, Reaching safepoint: 29227 ns, Cleanup: 17272 ns, At safepoint: 5712 ns, Total: 52211 ns
[2025-02-01T15:10:01.586+0000][80][info ][safepoint   ] Safepoint "Cleanup", Time since last: 1000522316 ns, Reaching safepoint: 125023 ns, Cleanup: 18721 ns, At safepoint: 6493 ns, Total: 150237 ns
[2025-02-01T15:10:06.620+0000][80][info ][safepoint   ] Safepoint "Cleanup", Time since last: 5034430370 ns, Reaching safepoint: 23548 ns, Cleanup: 18030 ns, At safepoint: 11370 ns, Total: 52948 ns
[2025-02-01T15:10:12.600+0000][80][info ][safepoint   ] Safepoint "Cleanup", Time since last: 5981291385 ns, Reaching safepoint: 52640 ns, Cleanup: 23676 ns, At safepoint: 13733 ns, Total: 90049 ns
[2025-02-01T15:10:15.602+0000][80][info ][safepoint   ] Safepoint "Cleanup", Time since last: 3001718803 ns, Reaching safepoint: 53283 ns, Cleanup: 27586 ns, At safepoint: 12925 ns, Total: 93794 ns
[2025-02-01T15:10:17.422+0000][80][info ][safepoint   ] Safepoint "Cleanup", Time since last: 1819759948 ns, Reaching safepoint: 379332 ns, Cleanup: 7265 ns, At safepoint: 69366 ns, Total: 455963 ns
[2025-02-01T15:10:35.388+0000][80][info ][safepoint   ] Safepoint "Cleanup", Time since last: 17966567710 ns, Reaching safepoint: 45213 ns, Cleanup: 12235 ns, At safepoint: 7728 ns, Total: 65176 ns
[2025-02-01T15:10:38.769+0000][80][info ][safepoint   ] Safepoint "Cleanup", Time since last: 3380338221 ns, Reaching safepoint: 70689 ns, Cleanup: 19171 ns, At safepoint: 10928 ns, Total: 100788 ns
[2025-02-01T15:10:43.809+0000][80][info ][safepoint   ] Safepoint "Cleanup", Time since last: 5041945271 ns, Reaching safepoint: 29050 ns, Cleanup: 14218 ns, At safepoint: 5762 ns, Total: 49030 ns
[2025-02-01T15:10:44.810+0000][80][info ][safepoint   ] Safepoint "Cleanup", Time since last: 1000743500 ns, Reaching safepoint: 36523 ns, Cleanup: 18929 ns, At safepoint: 8016 ns, Total: 63468 ns
[2025-02-01T15:10:47.396+0000][80][info ][safepoint   ] Safepoint "Cleanup", Time since last: 2586468632 ns, Reaching safepoint: 134295 ns, Cleanup: 8918 ns, At safepoint: 57803 ns, Total: 201016 ns
[2025-02-01T15:10:48.857+0000][80][info ][safepoint   ] Safepoint "Cleanup", Time since last: 1460782002 ns, Reaching safepoint: 37591 ns, Cleanup: 21356 ns, At safepoint: 9012 ns, Total: 67959 ns
[2025-02-01T15:10:59.393+0000][80][info ][safepoint   ] Safepoint "Cleanup", Time since last: 10536248734 ns, Reaching safepoint: 14585 ns, Cleanup: 11230 ns, At safepoint: 6321 ns, Total: 32136 ns
[2025-02-01T15:11:08.943+0000][80][info ][safepoint   ] Safepoint "Cleanup", Time since last: 9549025998 ns, Reaching safepoint: 51727 ns, Cleanup: 12654 ns, At safepoint: 6896 ns, Total: 71277 ns
[2025-02-01T15:11:11.389+0000][80][info ][safepoint   ] Safepoint "Cleanup", Time since last: 2448217320 ns, Reaching safepoint: 25947 ns, Cleanup: 9024 ns, At safepoint: 4756 ns, Total: 39727 ns
[2025-02-01T15:11:13.022+0000][80][info ][safepoint   ] Safepoint "Cleanup", Time since last: 1632701346 ns, Reaching safepoint: 9390 ns, Cleanup: 7403 ns, At safepoint: 17036 ns, Total: 33829 ns
[2025-02-01T15:11:15.027+0000][80][info ][safepoint   ] Safepoint "Cleanup", Time since last: 2005593083 ns, Reaching safepoint: 33788 ns, Cleanup: 21646 ns, At safepoint: 7293 ns, Total: 62727 ns
[2025-02-01T15:11:20.070+0000][80][info ][safepoint   ] Safepoint "Cleanup", Time since last: 5042668617 ns, Reaching safepoint: 48166 ns, Cleanup: 22874 ns, At safepoint: 11317 ns, Total: 82357 ns
[2025-02-01T15:11:21.071+0000][80][info ][safepoint   ] Safepoint "Cleanup", Time since last: 1001121712 ns, Reaching safepoint: 47386 ns, Cleanup: 16849 ns, At safepoint: 6211 ns, Total: 70446 ns
[2025-02-01T15:11:24.076+0000][80][info ][safepoint   ] Safepoint "Cleanup", Time since last: 3004814938 ns, Reaching safepoint: 12836 ns, Cleanup: 9891 ns, At safepoint: 6018 ns, Total: 28745 ns
[2025-02-01T15:11:27.085+0000][80][info ][safepoint   ] Safepoint "Cleanup", Time since last: 3008562543 ns, Reaching safepoint: 43150 ns, Cleanup: 20625 ns, At safepoint: 11726 ns, Total: 75501 ns
[2025-02-01T15:11:29.375+0000][80][info ][safepoint   ] Safepoint "Cleanup", Time since last: 2289804278 ns, Reaching safepoint: 10401 ns, Cleanup: 7061 ns, At safepoint: 17053 ns, Total: 34515 ns
[2025-02-01T15:11:31.115+0000][80][info ][safepoint   ] Safepoint "Cleanup", Time since last: 1740232016 ns, Reaching safepoint: 27740 ns, Cleanup: 15800 ns, At safepoint: 5453 ns, Total: 48993 ns
[2025-02-01T15:11:33.116+0000][80][info ][safepoint   ] Safepoint "Cleanup", Time since last: 2001296537 ns, Reaching safepoint: 34389 ns, Cleanup: 18043 ns, At safepoint: 7520 ns, Total: 59952 ns
[2025-02-01T15:11:35.367+0000][80][info ][safepoint   ] Safepoint "Cleanup", Time since last: 2250918438 ns, Reaching safepoint: 10831 ns, Cleanup: 8068 ns, At safepoint: 28283 ns, Total: 47182 ns
[2025-02-01T15:11:37.138+0000][80][info ][safepoint   ] Safepoint "Cleanup", Time since last: 1770733453 ns, Reaching safepoint: 27886 ns, Cleanup: 14354 ns, At safepoint: 5498 ns, Total: 47738 ns
[2025-02-01T15:11:39.139+0000][80][info ][safepoint   ] Safepoint "Cleanup", Time since last: 2001079355 ns, Reaching safepoint: 33310 ns, Cleanup: 19909 ns, At safepoint: 6985 ns, Total: 60204 ns
[2025-02-01T15:11:41.372+0000][80][info ][safepoint   ] Safepoint "Cleanup", Time since last: 2235175658 ns, Reaching safepoint: 11923 ns, Cleanup: 5347 ns, At safepoint: 4416 ns, Total: 21686 ns
[2025-02-01T15:11:43.166+0000][80][info ][safepoint   ] Safepoint "Cleanup", Time since last: 1794104717 ns, Reaching safepoint: 27769 ns, Cleanup: 13688 ns, At safepoint: 5329 ns, Total: 46786 ns
[2025-02-01T15:11:44.167+0000][80][info ][safepoint   ] Safepoint "Cleanup", Time since last: 1000641090 ns, Reaching safepoint: 36249 ns, Cleanup: 17385 ns, At safepoint: 8242 ns, Total: 61876 ns
[2025-02-01T15:11:47.383+0000][80][info ][safepoint   ] Safepoint "Cleanup", Time since last: 3216130448 ns, Reaching safepoint: 10868 ns, Cleanup: 5319 ns, At safepoint: 4397 ns, Total: 20584 ns
[2025-02-01T15:11:49.233+0000][80][info ][safepoint   ] Safepoint "Cleanup", Time since last: 1850538825 ns, Reaching safepoint: 9380 ns, Cleanup: 7370 ns, At safepoint: 4457 ns, Total: 21207 ns
[2025-02-01T15:11:56.394+0000][80][info ][safepoint   ] Safepoint "Cleanup", Time since last: 7160778435 ns, Reaching safepoint: 16401 ns, Cleanup: 7331 ns, At safepoint: 17454 ns, Total: 41186 ns
[2025-02-01T15:11:58.299+0000][80][info ][safepoint   ] Safepoint "Cleanup", Time since last: 1904203161 ns, Reaching safepoint: 53761 ns, Cleanup: 28538 ns, At safepoint: 13411 ns, Total: 95710 ns
[2025-02-01T15:12:00.616+0000][80][info ][safepoint   ] Safepoint "Cleanup", Time since last: 2316990710 ns, Reaching safepoint: 10456 ns, Cleanup: 7412 ns, At safepoint: 17222 ns, Total: 35090 ns
[2025-02-01T15:12:06.356+0000][80][info ][safepoint   ] Safepoint "Cleanup", Time since last: 5740799297 ns, Reaching safepoint: 17073 ns, Cleanup: 13268 ns, At safepoint: 8379 ns, Total: 38720 ns
[2025-02-01T15:12:11.444+0000][80][info ][safepoint   ] Safepoint "Cleanup", Time since last: 5089492343 ns, Reaching safepoint: 10444 ns, Cleanup: 7287 ns, At safepoint: 4474 ns, Total: 22205 ns
[2025-02-01T15:12:13.434+0000][80][info ][safepoint   ] Safepoint "Cleanup", Time since last: 1990343358 ns, Reaching safepoint: 47561 ns, Cleanup: 26994 ns, At safepoint: 12752 ns, Total: 87307 ns
[2025-02-01T15:12:17.610+0000][80][info ][safepoint   ] Safepoint "Cleanup", Time since last: 4175286476 ns, Reaching safepoint: 14949 ns, Cleanup: 13292 ns, At safepoint: 36013 ns, Total: 64254 ns
[2025-02-01T15:12:19.463+0000][80][info ][safepoint   ] Safepoint "Cleanup", Time since last: 1853349100 ns, Reaching safepoint: 51242 ns, Cleanup: 25703 ns, At safepoint: 13678 ns, Total: 90623 ns
[2025-02-01T15:12:20.465+0000][80][info ][safepoint   ] Safepoint "Cleanup", Time since last: 1001184650 ns, Reaching safepoint: 53971 ns, Cleanup: 24676 ns, At safepoint: 12066 ns, Total: 90713 ns
[2025-02-01T15:12:24.416+0000][80][info ][safepoint   ] Safepoint "Cleanup", Time since last: 3951178019 ns, Reaching safepoint: 51030 ns, Cleanup: 24440 ns, At safepoint: 12876 ns, Total: 88346 ns
[2025-02-01T15:12:25.488+0000][80][info ][safepoint   ] Safepoint "Cleanup", Time since last: 1071645639 ns, Reaching safepoint: 104688 ns, Cleanup: 28867 ns, At safepoint: 16957 ns, Total: 150512 ns
[2025-02-01T15:12:35.569+0000][80][info ][safepoint   ] Safepoint "Cleanup", Time since last: 10081343061 ns, Reaching safepoint: 10569 ns, Cleanup: 10141 ns, At safepoint: 20302 ns, Total: 41012 ns
[2025-02-01T15:12:41.380+0000][80][info ][safepoint   ] Safepoint "Cleanup", Time since last: 5812434081 ns, Reaching safepoint: 16156 ns, Cleanup: 6675 ns, At safepoint: 31395 ns, Total: 54226 ns
[2025-02-01T15:12:41.390+0000][80][info ][gc,start    ] GC(16) Pause Young (Concurrent Start) (CodeCache GC Threshold)
[2025-02-01T15:12:41.390+0000][80][info ][gc,task     ] GC(16) Using 18 workers of 18 for evacuation
[2025-02-01T15:12:41.391+0000][80][debug][gc,age      ] GC(16) Desired survivor size 134217728 bytes, new threshold 15 (max threshold 15)
[2025-02-01T15:12:41.435+0000][80][info ][gc,phases   ] GC(16)   Pre Evacuate Collection Set: 0.9ms
[2025-02-01T15:12:41.435+0000][80][info ][gc,phases   ] GC(16)   Merge Heap Roots: 0.2ms
[2025-02-01T15:12:41.435+0000][80][info ][gc,phases   ] GC(16)   Evacuate Collection Set: 40.9ms
[2025-02-01T15:12:41.436+0000][80][info ][gc,phases   ] GC(16)   Post Evacuate Collection Set: 1.1ms
[2025-02-01T15:12:41.436+0000][80][info ][gc,phases   ] GC(16)   Other: 0.8ms
[2025-02-01T15:12:41.437+0000][80][trace][gc,age      ] GC(16) Age table with threshold 15 (max threshold 15)
[2025-02-01T15:12:41.437+0000][80][trace][gc,age      ] GC(16) - age   1:     752432 bytes,     752432 total
[2025-02-01T15:12:41.438+0000][80][trace][gc,age      ] GC(16) - age   2:     878008 bytes,    1630440 total
[2025-02-01T15:12:41.438+0000][80][trace][gc,age      ] GC(16) - age   3:     589576 bytes,    2220016 total
[2025-02-01T15:12:41.438+0000][80][info ][gc,heap     ] GC(16) Eden regions: 196->0(507)
[2025-02-01T15:12:41.439+0000][80][info ][gc,heap     ] GC(16) Survivor regions: 2->1(64)
[2025-02-01T15:12:41.439+0000][80][info ][gc,heap     ] GC(16) Old regions: 32->32
[2025-02-01T15:12:41.439+0000][80][info ][gc,heap     ] GC(16) Humongous regions: 4->4
[2025-02-01T15:12:41.439+0000][80][info ][gc,metaspace] GC(16) Metaspace: 149831K(153856K)->149831K(153856K) NonClass: 129927K(132096K)->129927K(132096K) Class: 19904K(21760K)->19904K(21760K)
[2025-02-01T15:12:41.440+0000][80][info ][gc          ] GC(16) Pause Young (Concurrent Start) (CodeCache GC Threshold) 932M->146M(3392M) 49.562ms
[2025-02-01T15:12:41.440+0000][80][info ][gc          ] GC(17) Concurrent Mark Cycle
[2025-02-01T15:12:41.440+0000][80][info ][gc,cpu      ] GC(16) User=0.18s Sys=0.00s Real=0.05s
[2025-02-01T15:12:41.442+0000][80][info ][gc,marking  ] GC(17) Concurrent Scan Root Regions
[2025-02-01T15:12:41.442+0000][80][info ][safepoint   ] Safepoint "G1TryInitiateConcMark", Time since last: 10350127 ns, Reaching safepoint: 108687 ns, Cleanup: 3868 ns, At safepoint: 51861487 ns, Total: 51974042 ns
[2025-02-01T15:12:41.523+0000][80][info ][gc,marking  ] GC(17) Concurrent Scan Root Regions 81.886ms
[2025-02-01T15:12:41.524+0000][80][info ][gc,marking  ] GC(17) Concurrent Mark
[2025-02-01T15:12:41.524+0000][80][info ][gc,marking  ] GC(17) Concurrent Mark From Roots
[2025-02-01T15:12:41.525+0000][80][info ][gc,task     ] GC(17) Using 5 workers of 5 for marking
[2025-02-01T15:12:41.661+0000][80][info ][gc,marking  ] GC(17) Concurrent Mark From Roots 136.256ms
[2025-02-01T15:12:41.661+0000][80][info ][gc,marking  ] GC(17) Concurrent Preclean
[2025-02-01T15:12:41.662+0000][80][info ][gc,marking  ] GC(17) Concurrent Preclean 0.735ms
[2025-02-01T15:12:41.662+0000][80][info ][gc,start    ] GC(17) Pause Remark
[2025-02-01T15:12:42.279+0000][80][info ][gc,mmu      ] GC(17) MMU target violated: 201.0ms (200.0ms/201.0ms)
[2025-02-01T15:12:42.280+0000][80][info ][gc          ] GC(17) Pause Remark 182M->182M(3392M) 618.138ms
[2025-02-01T15:12:42.281+0000][80][info ][gc,cpu      ] GC(17) User=8.02s Sys=0.00s Real=0.61s
[2025-02-01T15:12:42.282+0000][80][info ][safepoint   ] Safepoint "G1PauseRemark", Time since last: 219968213 ns, Reaching safepoint: 25581 ns, Cleanup: 10550 ns, At safepoint: 619591068 ns, Total: 619627199 ns
[2025-02-01T15:12:42.282+0000][80][info ][gc,marking  ] GC(17) Concurrent Mark 758.284ms
[2025-02-01T15:12:42.283+0000][80][info ][gc,marking  ] GC(17) Concurrent Rebuild Remembered Sets and Scrub Regions
[2025-02-01T15:12:42.301+0000][80][info ][gc,marking  ] GC(17) Concurrent Rebuild Remembered Sets and Scrub Regions 18.134ms
[2025-02-01T15:12:42.302+0000][80][info ][gc,start    ] GC(17) Pause Cleanup
[2025-02-01T15:12:42.303+0000][80][info ][gc          ] GC(17) Pause Cleanup 182M->182M(3392M) 0.889ms
[2025-02-01T15:12:42.303+0000][80][info ][gc,cpu      ] GC(17) User=0.00s Sys=0.00s Real=0.00s
[2025-02-01T15:12:42.303+0000][80][info ][safepoint   ] Safepoint "G1PauseCleanup", Time since last: 19779508 ns, Reaching safepoint: 177296 ns, Cleanup: 97634 ns, At safepoint: 1778770 ns, Total: 2053700 ns
[2025-02-01T15:12:42.304+0000][80][info ][gc,marking  ] GC(17) Concurrent Clear Claimed Marks
[2025-02-01T15:12:42.304+0000][80][info ][gc,marking  ] GC(17) Concurrent Clear Claimed Marks 0.537ms
[2025-02-01T15:12:42.305+0000][80][info ][gc,marking  ] GC(17) Concurrent Cleanup for Next Mark
[2025-02-01T15:12:42.338+0000][80][info ][gc,marking  ] GC(17) Concurrent Cleanup for Next Mark 33.861ms
[2025-02-01T15:12:42.339+0000][80][info ][gc          ] GC(17) Concurrent Mark Cycle 898.498ms
[2025-02-01T15:12:43.304+0000][80][info ][safepoint   ] Safepoint "Cleanup", Time since last: 1000579787 ns, Reaching safepoint: 52320 ns, Cleanup: 25104 ns, At safepoint: 11678 ns, Total: 89102 ns
[2025-02-01T15:13:00.692+0000][80][info ][safepoint   ] Safepoint "Cleanup", Time since last: 17387613998 ns, Reaching safepoint: 109414 ns, Cleanup: 30891 ns, At safepoint: 13482 ns, Total: 153787 ns
[2025-02-01T15:13:02.693+0000][80][info ][safepoint   ] Safepoint "Cleanup", Time since last: 2001500267 ns, Reaching safepoint: 48539 ns, Cleanup: 25007 ns, At safepoint: 11350 ns, Total: 84896 ns
[2025-02-01T15:13:05.394+0000][80][info ][safepoint   ] Safepoint "Cleanup", Time since last: 2700289618 ns, Reaching safepoint: 108238 ns, Cleanup: 7557 ns, At safepoint: 73244 ns, Total: 189039 ns
[2025-02-01T15:13:17.689+0000][80][info ][safepoint   ] Safepoint "Cleanup", Time since last: 12298062315 ns, Reaching safepoint: 10063 ns, Cleanup: 6097 ns, At safepoint: 36687 ns, Total: 52847 ns
[2025-02-01T15:13:23.771+0000][80][info ][safepoint   ] Safepoint "Cleanup", Time since last: 6081596616 ns, Reaching safepoint: 21417 ns, Cleanup: 27537 ns, At safepoint: 48025 ns, Total: 96979 ns
[2025-02-01T15:13:29.392+0000][80][info ][safepoint   ] Safepoint "Cleanup", Time since last: 5621432408 ns, Reaching safepoint: 11957 ns, Cleanup: 6868 ns, At safepoint: 4714 ns, Total: 23539 ns
[2025-02-01T15:13:32.820+0000][80][info ][safepoint   ] Safepoint "Cleanup", Time since last: 3428109022 ns, Reaching safepoint: 54186 ns, Cleanup: 25919 ns, At safepoint: 13057 ns, Total: 93162 ns
[2025-02-01T15:13:35.382+0000][80][info ][safepoint   ] Safepoint "Cleanup", Time since last: 2561805820 ns, Reaching safepoint: 9696 ns, Cleanup: 6442 ns, At safepoint: 19346 ns, Total: 35484 ns
[2025-02-01T15:13:43.865+0000][80][info ][safepoint   ] Safepoint "Cleanup", Time since last: 8484364772 ns, Reaching safepoint: 56077 ns, Cleanup: 14492 ns, At safepoint: 5571 ns, Total: 76140 ns
[2025-02-01T15:13:49.887+0000][80][info ][safepoint   ] Safepoint "Cleanup", Time since last: 6022564617 ns, Reaching safepoint: 45198 ns, Cleanup: 20154 ns, At safepoint: 10978 ns, Total: 76330 ns
[2025-02-01T15:14:00.950+0000][80][info ][safepoint   ] Safepoint "Cleanup", Time since last: 11062515070 ns, Reaching safepoint: 52458 ns, Cleanup: 13305 ns, At safepoint: 5664 ns, Total: 71427 ns
[2025-02-01T15:14:02.951+0000][80][info ][safepoint   ] Safepoint "Cleanup", Time since last: 2000689604 ns, Reaching safepoint: 29247 ns, Cleanup: 12692 ns, At safepoint: 5157 ns, Total: 47096 ns
[2025-02-01T15:14:05.400+0000][80][info ][safepoint   ] Safepoint "Cleanup", Time since last: 2449158920 ns, Reaching safepoint: 100043 ns, Cleanup: 5159 ns, At safepoint: 45134 ns, Total: 150336 ns
[2025-02-01T15:14:06.983+0000][80][info ][safepoint   ] Safepoint "Cleanup", Time since last: 1582835532 ns, Reaching safepoint: 29053 ns, Cleanup: 15217 ns, At safepoint: 5680 ns, Total: 49950 ns
[2025-02-01T15:14:17.670+0000][80][info ][safepoint   ] Safepoint "Cleanup", Time since last: 10688741412 ns, Reaching safepoint: 14395 ns, Cleanup: 8966 ns, At safepoint: 6964 ns, Total: 30325 ns
[2025-02-01T15:14:19.018+0000][80][info ][safepoint   ] Safepoint "Cleanup", Time since last: 1348294947 ns, Reaching safepoint: 38386 ns, Cleanup: 22792 ns, At safepoint: 9311 ns, Total: 70489 ns
[2025-02-01T15:14:24.026+0000][80][info ][safepoint   ] Safepoint "Cleanup", Time since last: 5008065276 ns, Reaching safepoint: 16079 ns, Cleanup: 11644 ns, At safepoint: 7974 ns, Total: 35697 ns
[2025-02-01T15:14:29.393+0000][80][info ][safepoint   ] Safepoint "Cleanup", Time since last: 5366800380 ns, Reaching safepoint: 20070 ns, Cleanup: 32653 ns, At safepoint: 9625 ns, Total: 62348 ns
[2025-02-01T15:14:31.065+0000][80][info ][safepoint   ] Safepoint "Cleanup", Time since last: 1671942033 ns, Reaching safepoint: 26803 ns, Cleanup: 10033 ns, At safepoint: 5154 ns, Total: 41990 ns
[2025-02-01T15:14:35.389+0000][80][info ][safepoint   ] Safepoint "Cleanup", Time since last: 4324310910 ns, Reaching safepoint: 8963 ns, Cleanup: 5802 ns, At safepoint: 17256 ns, Total: 32021 ns
[2025-02-01T15:14:40.109+0000][80][info ][safepoint   ] Safepoint "Cleanup", Time since last: 4719363635 ns, Reaching safepoint: 51754 ns, Cleanup: 22276 ns, At safepoint: 10762 ns, Total: 84792 ns
[2025-02-01T15:14:41.390+0000][80][info ][safepoint   ] Safepoint "Cleanup", Time since last: 1281286705 ns, Reaching safepoint: 12533 ns, Cleanup: 8868 ns, At safepoint: 5469 ns, Total: 26870 ns
[2025-02-01T15:14:44.137+0000][80][info ][safepoint   ] Safepoint "Cleanup", Time since last: 2748662417 ns, Reaching safepoint: 99383 ns, Cleanup: 33542 ns, At safepoint: 12797 ns, Total: 145722 ns
[2025-02-01T15:14:47.375+0000][80][info ][safepoint   ] Safepoint "Cleanup", Time since last: 3238803187 ns, Reaching safepoint: 8910 ns, Cleanup: 6426 ns, At safepoint: 17489 ns, Total: 32825 ns
[2025-02-01T15:14:53.373+0000][80][info ][safepoint   ] Safepoint "Cleanup", Time since last: 5997374009 ns, Reaching safepoint: 10337 ns, Cleanup: 6535 ns, At safepoint: 4585 ns, Total: 21457 ns
[2025-02-01T15:14:55.181+0000][80][info ][safepoint   ] Safepoint "Cleanup", Time since last: 1807918305 ns, Reaching safepoint: 29396 ns, Cleanup: 18423 ns, At safepoint: 5525 ns, Total: 53344 ns
[2025-02-01T15:14:59.379+0000][80][info ][safepoint   ] Safepoint "Cleanup", Time since last: 4197768560 ns, Reaching safepoint: 17654 ns, Cleanup: 7619 ns, At safepoint: 4405 ns, Total: 29678 ns
[2025-02-01T15:15:05.403+0000][80][info ][safepoint   ] Safepoint "Cleanup", Time since last: 6024072282 ns, Reaching safepoint: 17422 ns, Cleanup: 10878 ns, At safepoint: 6885 ns, Total: 35185 ns
[2025-02-01T15:15:09.231+0000][80][info ][safepoint   ] Safepoint "Cleanup", Time since last: 3828436441 ns, Reaching safepoint: 18658 ns, Cleanup: 17919 ns, At safepoint: 9708 ns, Total: 46285 ns
[2025-02-01T15:15:12.243+0000][80][info ][safepoint   ] Safepoint "Cleanup", Time since last: 3012982328 ns, Reaching safepoint: 9780 ns, Cleanup: 8098 ns, At safepoint: 4226 ns, Total: 22104 ns
[2025-02-01T15:15:17.575+0000][80][info ][safepoint   ] Safepoint "Cleanup", Time since last: 5332073216 ns, Reaching safepoint: 18110 ns, Cleanup: 10772 ns, At safepoint: 8682 ns, Total: 37564 ns
[2025-02-01T15:15:19.266+0000][80][info ][safepoint   ] Safepoint "Cleanup", Time since last: 1691241751 ns, Reaching safepoint: 44378 ns, Cleanup: 19928 ns, At safepoint: 10729 ns, Total: 75035 ns
[2025-02-01T15:15:24.270+0000][80][info ][safepoint   ] Safepoint "Cleanup", Time since last: 5003883475 ns, Reaching safepoint: 10430 ns, Cleanup: 7202 ns, At safepoint: 16970 ns, Total: 34602 ns
[2025-02-01T15:15:27.276+0000][80][info ][safepoint   ] Safepoint "Cleanup", Time since last: 3005484582 ns, Reaching safepoint: 47892 ns, Cleanup: 22599 ns, At safepoint: 11266 ns, Total: 81757 ns
[2025-02-01T15:15:29.385+0000][80][info ][safepoint   ] Safepoint "Cleanup", Time since last: 2109493548 ns, Reaching safepoint: 18834 ns, Cleanup: 11933 ns, At safepoint: 9221 ns, Total: 39988 ns
[2025-02-01T15:15:35.381+0000][80][info ][safepoint   ] Safepoint "Cleanup", Time since last: 5996396530 ns, Reaching safepoint: 9580 ns, Cleanup: 9408 ns, At safepoint: 17578 ns, Total: 36566 ns
[2025-02-01T15:15:44.351+0000][80][info ][safepoint   ] Safepoint "Cleanup", Time since last: 8971265825 ns, Reaching safepoint: 42851 ns, Cleanup: 38598 ns, At safepoint: 10868 ns, Total: 92317 ns
[2025-02-01T15:15:47.368+0000][80][info ][safepoint   ] Safepoint "Cleanup", Time since last: 3017377341 ns, Reaching safepoint: 9715 ns, Cleanup: 6514 ns, At safepoint: 18758 ns, Total: 34987 ns
[2025-02-01T15:15:50.386+0000][80][info ][safepoint   ] Safepoint "Cleanup", Time since last: 3017723512 ns, Reaching safepoint: 56558 ns, Cleanup: 25140 ns, At safepoint: 15179 ns, Total: 96877 ns
[2025-02-01T15:15:55.410+0000][80][info ][safepoint   ] Safepoint "Cleanup", Time since last: 5024522535 ns, Reaching safepoint: 29032 ns, Cleanup: 12910 ns, At safepoint: 5150 ns, Total: 47092 ns
[2025-02-01T15:16:20.528+0000][80][info ][safepoint   ] Safepoint "Cleanup", Time since last: 25119464558 ns, Reaching safepoint: 110937 ns, Cleanup: 20020 ns, At safepoint: 9258 ns, Total: 140215 ns
[2025-02-01T15:16:21.530+0000][80][info ][safepoint   ] Safepoint "Cleanup", Time since last: 1001676780 ns, Reaching safepoint: 72719 ns, Cleanup: 21320 ns, At safepoint: 11782 ns, Total: 105821 ns
[2025-02-01T15:16:23.417+0000][80][info ][safepoint   ] Safepoint "Cleanup", Time since last: 1886247664 ns, Reaching safepoint: 174717 ns, Cleanup: 21072 ns, At safepoint: 92559 ns, Total: 288348 ns
[2025-02-01T15:16:24.549+0000][80][info ][safepoint   ] Safepoint "Cleanup", Time since last: 1132469668 ns, Reaching safepoint: 138009 ns, Cleanup: 20536 ns, At safepoint: 123764 ns, Total: 282309 ns
[2025-02-01T15:16:25.583+0000][80][info ][safepoint   ] Safepoint "Cleanup", Time since last: 1033423933 ns, Reaching safepoint: 9874 ns, Cleanup: 8842 ns, At safepoint: 4853 ns, Total: 23569 ns
[2025-02-01T15:16:29.590+0000][80][info ][safepoint   ] Safepoint "Cleanup", Time since last: 4007226462 ns, Reaching safepoint: 16588 ns, Cleanup: 9515 ns, At safepoint: 7066 ns, Total: 33169 ns
[2025-02-01T15:16:35.613+0000][80][info ][safepoint   ] Safepoint "Cleanup", Time since last: 6023084225 ns, Reaching safepoint: 11351 ns, Cleanup: 10641 ns, At safepoint: 29552 ns, Total: 51544 ns
[2025-02-01T15:16:36.628+0000][80][info ][safepoint   ] Safepoint "Cleanup", Time since last: 1014453802 ns, Reaching safepoint: 22496 ns, Cleanup: 10700 ns, At safepoint: 5023 ns, Total: 38219 ns
[2025-02-01T15:16:41.630+0000][80][info ][safepoint   ] Safepoint "Cleanup", Time since last: 5005725252 ns, Reaching safepoint: 9337 ns, Cleanup: 7378 ns, At safepoint: 18161 ns, Total: 34876 ns
[2025-02-01T15:16:44.389+0000][80][info ][safepoint   ] Safepoint "Cleanup", Time since last: 2758915156 ns, Reaching safepoint: 10942 ns, Cleanup: 7958 ns, At safepoint: 5112 ns, Total: 24012 ns
[2025-02-01T15:16:45.662+0000][80][info ][safepoint   ] Safepoint "Cleanup", Time since last: 1272227927 ns, Reaching safepoint: 36816 ns, Cleanup: 16723 ns, At safepoint: 9018 ns, Total: 62557 ns
[2025-02-01T15:16:46.663+0000][80][info ][safepoint   ] Safepoint "Cleanup", Time since last: 1000856487 ns, Reaching safepoint: 103146 ns, Cleanup: 69644 ns, At safepoint: 19962 ns, Total: 192752 ns
[2025-02-01T15:16:48.686+0000][80][info ][safepoint   ] Safepoint "Cleanup", Time since last: 2023650755 ns, Reaching safepoint: 32881 ns, Cleanup: 18881 ns, At safepoint: 7407 ns, Total: 59169 ns
[2025-02-01T15:16:59.400+0000][80][info ][safepoint   ] Safepoint "Cleanup", Time since last: 10712994957 ns, Reaching safepoint: 16848 ns, Cleanup: 13126 ns, At safepoint: 35213 ns, Total: 65187 ns
[2025-02-01T15:17:00.599+0000][80][info ][safepoint   ] Safepoint "Cleanup", Time since last: 1199091666 ns, Reaching safepoint: 19512 ns, Cleanup: 30287 ns, At safepoint: 41688 ns, Total: 91487 ns
[2025-02-01T15:17:04.764+0000][80][info ][safepoint   ] Safepoint "Cleanup", Time since last: 4164862012 ns, Reaching safepoint: 88430 ns, Cleanup: 22222 ns, At safepoint: 10658 ns, Total: 121310 ns
[2025-02-01T15:17:14.817+0000][80][info ][safepoint   ] Safepoint "Cleanup", Time since last: 10054649807 ns, Reaching safepoint: 47404 ns, Cleanup: 24272 ns, At safepoint: 12347 ns, Total: 84023 ns
[2025-02-01T15:17:23.398+0000][80][info ][safepoint   ] Safepoint "Cleanup", Time since last: 8581514349 ns, Reaching safepoint: 144740 ns, Cleanup: 14876 ns, At safepoint: 90309 ns, Total: 249925 ns
[2025-02-01T15:17:24.850+0000][80][info ][safepoint   ] Safepoint "Cleanup", Time since last: 1451726871 ns, Reaching safepoint: 50684 ns, Cleanup: 32089 ns, At safepoint: 12907 ns, Total: 95680 ns
[2025-02-01T15:17:35.418+0000][80][info ][safepoint   ] Safepoint "Cleanup", Time since last: 10567341432 ns, Reaching safepoint: 9394 ns, Cleanup: 8503 ns, At safepoint: 17979 ns, Total: 35876 ns
[2025-02-01T15:17:39.890+0000][80][info ][safepoint   ] Safepoint "Cleanup", Time since last: 4471888850 ns, Reaching safepoint: 50946 ns, Cleanup: 25089 ns, At safepoint: 12678 ns, Total: 88713 ns
[2025-02-01T15:18:02.980+0000][80][info ][safepoint   ] Safepoint "Cleanup", Time since last: 23091500249 ns, Reaching safepoint: 52586 ns, Cleanup: 34984 ns, At safepoint: 14557 ns, Total: 102127 ns
[2025-02-01T15:18:15.036+0000][80][info ][safepoint   ] Safepoint "Cleanup", Time since last: 12059324237 ns, Reaching safepoint: 48083 ns, Cleanup: 14138 ns, At safepoint: 5351 ns, Total: 67572 ns
[2025-02-01T15:18:23.418+0000][80][info ][safepoint   ] Safepoint "Cleanup", Time since last: 8381236321 ns, Reaching safepoint: 11777 ns, Cleanup: 6978 ns, At safepoint: 23616 ns, Total: 42371 ns
[2025-02-01T15:18:25.082+0000][80][info ][safepoint   ] Safepoint "Cleanup", Time since last: 1663778787 ns, Reaching safepoint: 42194 ns, Cleanup: 23314 ns, At safepoint: 10161 ns, Total: 75669 ns
[2025-02-01T15:18:29.384+0000][80][info ][safepoint   ] Safepoint "Cleanup", Time since last: 4302663312 ns, Reaching safepoint: 11576 ns, Cleanup: 6799 ns, At safepoint: 18531 ns, Total: 36906 ns
[2025-02-01T15:18:41.387+0000][80][info ][safepoint   ] Safepoint "Cleanup", Time since last: 12002481487 ns, Reaching safepoint: 9872 ns, Cleanup: 6811 ns, At safepoint: 17389 ns, Total: 34072 ns
[2025-02-01T15:18:43.150+0000][80][info ][safepoint   ] Safepoint "Cleanup", Time since last: 1764341936 ns, Reaching safepoint: 56935 ns, Cleanup: 32255 ns, At safepoint: 13465 ns, Total: 102655 ns
[2025-02-01T15:18:44.151+0000][80][info ][safepoint   ] Safepoint "Cleanup", Time since last: 1001136942 ns, Reaching safepoint: 52842 ns, Cleanup: 22493 ns, At safepoint: 13546 ns, Total: 88881 ns
[2025-02-01T15:18:49.178+0000][80][info ][safepoint   ] Safepoint "Cleanup", Time since last: 5026826212 ns, Reaching safepoint: 28420 ns, Cleanup: 13600 ns, At safepoint: 5500 ns, Total: 47520 ns
[2025-02-01T15:19:03.277+0000][80][info ][safepoint   ] Safepoint "Cleanup", Time since last: 14099062642 ns, Reaching safepoint: 31481 ns, Cleanup: 13303 ns, At safepoint: 6381 ns, Total: 51165 ns
[2025-02-01T15:19:12.364+0000][80][info ][safepoint   ] Safepoint "Cleanup", Time since last: 9089300791 ns, Reaching safepoint: 15298 ns, Cleanup: 12565 ns, At safepoint: 8171 ns, Total: 36034 ns
[2025-02-01T15:19:23.814+0000][80][info ][safepoint   ] Safepoint "Cleanup", Time since last: 11450032282 ns, Reaching safepoint: 15510 ns, Cleanup: 10704 ns, At safepoint: 27212 ns, Total: 53426 ns
[2025-02-01T15:19:34.512+0000][80][info ][safepoint   ] Safepoint "Cleanup", Time since last: 10697854823 ns, Reaching safepoint: 48483 ns, Cleanup: 20084 ns, At safepoint: 13862 ns, Total: 82429 ns
[2025-02-01T15:19:41.595+0000][80][info ][safepoint   ] Safepoint "Cleanup", Time since last: 7084181591 ns, Reaching safepoint: 175690 ns, Cleanup: 15028 ns, At safepoint: 126135 ns, Total: 316853 ns
[2025-02-01T15:19:44.656+0000][80][info ][safepoint   ] Safepoint "Cleanup", Time since last: 3061631502 ns, Reaching safepoint: 46845 ns, Cleanup: 22136 ns, At safepoint: 11360 ns, Total: 80341 ns
[2025-02-01T15:20:05.801+0000][80][info ][safepoint   ] Safepoint "Cleanup", Time since last: 21144879411 ns, Reaching safepoint: 17354 ns, Cleanup: 13213 ns, At safepoint: 8980 ns, Total: 39547 ns
[2025-02-01T15:20:11.427+0000][80][info ][safepoint   ] Safepoint "Cleanup", Time since last: 5627914011 ns, Reaching safepoint: 14697 ns, Cleanup: 8751 ns, At safepoint: 6280 ns, Total: 29728 ns
[2025-02-01T15:20:17.427+0000][80][info ][safepoint   ] Safepoint "Cleanup", Time since last: 5999614677 ns, Reaching safepoint: 16773 ns, Cleanup: 11166 ns, At safepoint: 8614 ns, Total: 36553 ns
[2025-02-01T15:20:23.454+0000][80][info ][safepoint   ] Safepoint "Cleanup", Time since last: 6027204726 ns, Reaching safepoint: 20044 ns, Cleanup: 5062 ns, At safepoint: 16592 ns, Total: 41698 ns
[2025-02-01T15:20:24.957+0000][80][info ][safepoint   ] Safepoint "Cleanup", Time since last: 1503322954 ns, Reaching safepoint: 9512 ns, Cleanup: 5704 ns, At safepoint: 4580 ns, Total: 19796 ns
[2025-02-01T15:20:29.417+0000][80][info ][safepoint   ] Safepoint "Cleanup", Time since last: 4459945969 ns, Reaching safepoint: 10826 ns, Cleanup: 6692 ns, At safepoint: 17019 ns, Total: 34537 ns
[2025-02-01T15:20:31.019+0000][80][info ][safepoint   ] Safepoint "Cleanup", Time since last: 1601129046 ns, Reaching safepoint: 17291 ns, Cleanup: 13415 ns, At safepoint: 8693 ns, Total: 39399 ns
[2025-02-01T15:20:48.104+0000][80][info ][safepoint   ] Safepoint "Cleanup", Time since last: 17086388930 ns, Reaching safepoint: 21674 ns, Cleanup: 14728 ns, At safepoint: 9390 ns, Total: 45792 ns
[2025-02-01T15:20:59.402+0000][80][info ][safepoint   ] Safepoint "Cleanup", Time since last: 11298133409 ns, Reaching safepoint: 28548 ns, Cleanup: 13009 ns, At safepoint: 27023 ns, Total: 68580 ns
[2025-02-01T15:21:01.181+0000][80][info ][safepoint   ] Safepoint "Cleanup", Time since last: 1778904278 ns, Reaching safepoint: 30559 ns, Cleanup: 19376 ns, At safepoint: 5544 ns, Total: 55479 ns
[2025-02-01T15:21:03.182+0000][80][info ][safepoint   ] Safepoint "Cleanup", Time since last: 2001149178 ns, Reaching safepoint: 35931 ns, Cleanup: 17418 ns, At safepoint: 11099 ns, Total: 64448 ns
[2025-02-01T15:21:08.216+0000][80][info ][safepoint   ] Safepoint "Cleanup", Time since last: 5033814806 ns, Reaching safepoint: 86619 ns, Cleanup: 22872 ns, At safepoint: 10082 ns, Total: 119573 ns
[2025-02-01T15:21:12.231+0000][80][info ][safepoint   ] Safepoint "Cleanup", Time since last: 4016979526 ns, Reaching safepoint: 19768 ns, Cleanup: 15058 ns, At safepoint: 10350 ns, Total: 45176 ns
[2025-02-01T15:21:15.249+0000][80][info ][safepoint   ] Safepoint "Cleanup", Time since last: 3017613080 ns, Reaching safepoint: 62211 ns, Cleanup: 30311 ns, At safepoint: 15213 ns, Total: 107735 ns
[2025-02-01T15:21:17.421+0000][80][info ][safepoint   ] Safepoint "Cleanup", Time since last: 2172217244 ns, Reaching safepoint: 14755 ns, Cleanup: 17173 ns, At safepoint: 6351 ns, Total: 38279 ns
[2025-02-01T15:21:19.289+0000][80][info ][safepoint   ] Safepoint "Cleanup", Time since last: 1867940551 ns, Reaching safepoint: 48928 ns, Cleanup: 24218 ns, At safepoint: 11416 ns, Total: 84562 ns
[2025-02-01T15:21:29.598+0000][80][info ][safepoint   ] Safepoint "Cleanup", Time since last: 10309294193 ns, Reaching safepoint: 12670 ns, Cleanup: 10475 ns, At safepoint: 20083 ns, Total: 43228 ns
[2025-02-01T15:21:31.359+0000][80][info ][safepoint   ] Safepoint "Cleanup", Time since last: 1760852449 ns, Reaching safepoint: 49372 ns, Cleanup: 32635 ns, At safepoint: 14051 ns, Total: 96058 ns
[2025-02-01T15:21:33.362+0000][80][info ][safepoint   ] Safepoint "Cleanup", Time since last: 2002564161 ns, Reaching safepoint: 45705 ns, Cleanup: 20530 ns, At safepoint: 11764 ns, Total: 77999 ns
[2025-02-01T15:21:36.366+0000][80][info ][safepoint   ] Safepoint "Cleanup", Time since last: 3004083710 ns, Reaching safepoint: 11282 ns, Cleanup: 8925 ns, At safepoint: 19335 ns, Total: 39542 ns
[2025-02-01T15:21:39.386+0000][80][info ][safepoint   ] Safepoint "Cleanup", Time since last: 3020266903 ns, Reaching safepoint: 56797 ns, Cleanup: 13387 ns, At safepoint: 7246 ns, Total: 77430 ns
[2025-02-01T15:21:44.412+0000][80][info ][safepoint   ] Safepoint "Cleanup", Time since last: 5027823528 ns, Reaching safepoint: 44826 ns, Cleanup: 24264 ns, At safepoint: 10791 ns, Total: 79881 ns
[2025-02-01T15:21:59.417+0000][80][info ][safepoint   ] Safepoint "Cleanup", Time since last: 15004591451 ns, Reaching safepoint: 25627 ns, Cleanup: 5547 ns, At safepoint: 18947 ns, Total: 50121 ns
[2025-02-01T15:22:00.435+0000][80][info ][safepoint   ] Safepoint "Cleanup", Time since last: 1018554812 ns, Reaching safepoint: 27819 ns, Cleanup: 13215 ns, At safepoint: 5440 ns, Total: 46474 ns
[2025-02-01T15:22:02.460+0000][80][info ][safepoint   ] Safepoint "Cleanup", Time since last: 2024928080 ns, Reaching safepoint: 11275 ns, Cleanup: 8787 ns, At safepoint: 4804 ns, Total: 24866 ns
[2025-02-01T15:22:03.546+0000][80][info ][safepoint   ] Safepoint "Cleanup", Time since last: 1085456351 ns, Reaching safepoint: 38182 ns, Cleanup: 26259 ns, At safepoint: 8326 ns, Total: 72767 ns
[2025-02-01T15:22:04.909+0000][80][info ][safepoint   ] Safepoint "Cleanup", Time since last: 1362067155 ns, Reaching safepoint: 1053707 ns, Cleanup: 18774 ns, At safepoint: 64559 ns, Total: 1137040 ns
[2025-02-01T15:22:05.913+0000][80][info ][safepoint   ] Safepoint "Cleanup", Time since last: 1003661797 ns, Reaching safepoint: 15874 ns, Cleanup: 13552 ns, At safepoint: 9037 ns, Total: 38463 ns
[2025-02-01T15:22:11.422+0000][80][info ][safepoint   ] Safepoint "Cleanup", Time since last: 5509369830 ns, Reaching safepoint: 17868 ns, Cleanup: 9444 ns, At safepoint: 8980 ns, Total: 36292 ns
[2025-02-01T15:22:17.421+0000][80][info ][safepoint   ] Safepoint "Cleanup", Time since last: 6001940971 ns, Reaching safepoint: 15812 ns, Cleanup: 11485 ns, At safepoint: 40248 ns, Total: 67545 ns
[2025-02-01T15:22:18.718+0000][80][info ][safepoint   ] Safepoint "Cleanup", Time since last: 1296370537 ns, Reaching safepoint: 137036 ns, Cleanup: 25602 ns, At safepoint: 98064 ns, Total: 260702 ns
[2025-02-01T15:22:31.764+0000][80][info ][safepoint   ] Safepoint "Cleanup", Time since last: 13046308255 ns, Reaching safepoint: 33919 ns, Cleanup: 13166 ns, At safepoint: 5922 ns, Total: 53007 ns
[2025-02-01T15:22:35.773+0000][80][info ][safepoint   ] Safepoint "Cleanup", Time since last: 4009031536 ns, Reaching safepoint: 22055 ns, Cleanup: 14763 ns, At safepoint: 36232 ns, Total: 73050 ns
[2025-02-01T15:22:41.413+0000][80][info ][safepoint   ] Safepoint "Cleanup", Time since last: 5638997851 ns, Reaching safepoint: 116492 ns, Cleanup: 6833 ns, At safepoint: 33633 ns, Total: 156958 ns
[2025-02-01T15:22:42.829+0000][80][info ][safepoint   ] Safepoint "Cleanup", Time since last: 1417951857 ns, Reaching safepoint: 41656 ns, Cleanup: 20333 ns, At safepoint: 10151 ns, Total: 72140 ns
[2025-02-01T15:22:46.831+0000][80][info ][safepoint   ] Safepoint "Cleanup", Time since last: 4001494221 ns, Reaching safepoint: 39156 ns, Cleanup: 19541 ns, At safepoint: 9264 ns, Total: 67961 ns
[2025-02-01T15:23:02.907+0000][80][info ][safepoint   ] Safepoint "Cleanup", Time since last: 16076809283 ns, Reaching safepoint: 50491 ns, Cleanup: 13808 ns, At safepoint: 5146 ns, Total: 69445 ns
[2025-02-01T15:23:05.416+0000][80][info ][safepoint   ] Safepoint "Cleanup", Time since last: 2508715051 ns, Reaching safepoint: 17405 ns, Cleanup: 10942 ns, At safepoint: 5008 ns, Total: 33355 ns
[2025-02-01T15:23:14.985+0000][80][info ][safepoint   ] Safepoint "Cleanup", Time since last: 9569999454 ns, Reaching safepoint: 58306 ns, Cleanup: 12871 ns, At safepoint: 5586 ns, Total: 76763 ns
[2025-02-01T15:23:23.447+0000][80][info ][safepoint   ] Safepoint "Cleanup", Time since last: 8461920083 ns, Reaching safepoint: 10702 ns, Cleanup: 7605 ns, At safepoint: 4366 ns, Total: 22673 ns
[2025-02-01T15:23:29.681+0000][80][info ][safepoint   ] Safepoint "Cleanup", Time since last: 6233533780 ns, Reaching safepoint: 11858 ns, Cleanup: 10314 ns, At safepoint: 21750 ns, Total: 43922 ns
[2025-02-01T15:23:31.110+0000][80][info ][safepoint   ] Safepoint "Cleanup", Time since last: 1428776744 ns, Reaching safepoint: 48848 ns, Cleanup: 22208 ns, At safepoint: 11290 ns, Total: 82346 ns
[2025-02-01T15:23:35.415+0000][80][info ][safepoint   ] Safepoint "Cleanup", Time since last: 4305161014 ns, Reaching safepoint: 11184 ns, Cleanup: 7973 ns, At safepoint: 18087 ns, Total: 37244 ns
[2025-02-01T15:23:40.128+0000][80][info ][safepoint   ] Safepoint "Cleanup", Time since last: 4713223180 ns, Reaching safepoint: 30196 ns, Cleanup: 14187 ns, At safepoint: 5586 ns, Total: 49969 ns
[2025-02-01T15:23:41.436+0000][80][info ][safepoint   ] Safepoint "Cleanup", Time since last: 1307786115 ns, Reaching safepoint: 26498 ns, Cleanup: 16540 ns, At safepoint: 10138 ns, Total: 53176 ns
[2025-02-01T15:23:44.162+0000][80][info ][safepoint   ] Safepoint "Cleanup", Time since last: 2728607586 ns, Reaching safepoint: 33407 ns, Cleanup: 22048 ns, At safepoint: 6094 ns, Total: 61549 ns
[2025-02-01T15:23:51.184+0000][80][info ][safepoint   ] Safepoint "Cleanup", Time since last: 7022476333 ns, Reaching safepoint: 57867 ns, Cleanup: 21512 ns, At safepoint: 11025 ns, Total: 90404 ns
[2025-02-01T15:24:02.289+0000][80][info ][safepoint   ] Safepoint "Cleanup", Time since last: 11104471085 ns, Reaching safepoint: 59811 ns, Cleanup: 25787 ns, At safepoint: 15583 ns, Total: 101181 ns
[2025-02-01T15:24:12.365+0000][80][info ][safepoint   ] Safepoint "Cleanup", Time since last: 10077876439 ns, Reaching safepoint: 25675 ns, Cleanup: 7718 ns, At safepoint: 5830 ns, Total: 39223 ns
[2025-02-01T15:24:13.371+0000][80][info ][safepoint   ] Safepoint "Cleanup", Time since last: 1006163486 ns, Reaching safepoint: 55734 ns, Cleanup: 34093 ns, At safepoint: 12609 ns, Total: 102436 ns
[2025-02-01T15:24:15.373+0000][80][info ][safepoint   ] Safepoint "Cleanup", Time since last: 2001276359 ns, Reaching safepoint: 50713 ns, Cleanup: 22326 ns, At safepoint: 11434 ns, Total: 84473 ns
[2025-02-01T15:24:24.423+0000][80][info ][safepoint   ] Safepoint "Cleanup", Time since last: 9050638983 ns, Reaching safepoint: 14817 ns, Cleanup: 11380 ns, At safepoint: 6403 ns, Total: 32600 ns
[2025-02-01T15:24:25.450+0000][80][info ][safepoint   ] Safepoint "Cleanup", Time since last: 1026926444 ns, Reaching safepoint: 13276 ns, Cleanup: 8426 ns, At safepoint: 22425 ns, Total: 44127 ns
[2025-02-01T15:24:34.467+0000][80][info ][safepoint   ] Safepoint "Cleanup", Time since last: 9016964152 ns, Reaching safepoint: 52258 ns, Cleanup: 23833 ns, At safepoint: 11393 ns, Total: 87484 ns
[2025-02-01T15:24:35.473+0000][80][info ][safepoint   ] Safepoint "Cleanup", Time since last: 1005388098 ns, Reaching safepoint: 687002 ns, Cleanup: 10557 ns, At safepoint: 63337 ns, Total: 760896 ns
[2025-02-01T15:24:36.477+0000][80][info ][safepoint   ] Safepoint "Cleanup", Time since last: 1003813683 ns, Reaching safepoint: 16747 ns, Cleanup: 11933 ns, At safepoint: 35516 ns, Total: 64196 ns
[2025-02-01T15:24:37.521+0000][80][info ][safepoint   ] Safepoint "Cleanup", Time since last: 1043870229 ns, Reaching safepoint: 29205 ns, Cleanup: 16098 ns, At safepoint: 5881 ns, Total: 51184 ns
[2025-02-01T15:24:44.566+0000][80][info ][safepoint   ] Safepoint "Cleanup", Time since last: 7045961681 ns, Reaching safepoint: 91421 ns, Cleanup: 28940 ns, At safepoint: 12421 ns, Total: 132782 ns
[2025-02-01T15:24:59.470+0000][80][info ][safepoint   ] Safepoint "Cleanup", Time since last: 14903756805 ns, Reaching safepoint: 11345 ns, Cleanup: 8459 ns, At safepoint: 4383 ns, Total: 24187 ns
[2025-02-01T15:25:02.713+0000][80][info ][safepoint   ] Safepoint "Cleanup", Time since last: 3243449225 ns, Reaching safepoint: 40212 ns, Cleanup: 20854 ns, At safepoint: 10343 ns, Total: 71409 ns
[2025-02-01T15:25:11.766+0000][80][info ][safepoint   ] Safepoint "Cleanup", Time since last: 9054894183 ns, Reaching safepoint: 16861 ns, Cleanup: 11084 ns, At safepoint: 7743 ns, Total: 35688 ns
[2025-02-01T15:25:21.833+0000][80][info ][safepoint   ] Safepoint "Cleanup", Time since last: 10066864906 ns, Reaching safepoint: 69134 ns, Cleanup: 15134 ns, At safepoint: 7330 ns, Total: 91598 ns
[2025-02-01T15:25:23.438+0000][80][info ][safepoint   ] Safepoint "Cleanup", Time since last: 1604453760 ns, Reaching safepoint: 12070 ns, Cleanup: 8899 ns, At safepoint: 17167 ns, Total: 38136 ns
[2025-02-01T15:25:24.902+0000][80][info ][safepoint   ] Safepoint "Cleanup", Time since last: 1463760890 ns, Reaching safepoint: 36542 ns, Cleanup: 15553 ns, At safepoint: 10420 ns, Total: 62515 ns
[2025-02-01T15:25:29.803+0000][80][info ][safepoint   ] Safepoint "Cleanup", Time since last: 4901823977 ns, Reaching safepoint: 10753 ns, Cleanup: 8368 ns, At safepoint: 18121 ns, Total: 37242 ns
[2025-02-01T15:25:35.478+0000][80][info ][safepoint   ] Safepoint "Cleanup", Time since last: 5674461576 ns, Reaching safepoint: 10361 ns, Cleanup: 12025 ns, At safepoint: 16801 ns, Total: 39187 ns
[2025-02-01T15:25:41.446+0000][80][info ][safepoint   ] Safepoint "Cleanup", Time since last: 5970735035 ns, Reaching safepoint: 9513 ns, Cleanup: 7293 ns, At safepoint: 4407 ns, Total: 21213 ns
[2025-02-01T15:25:43.972+0000][80][info ][safepoint   ] Safepoint "Cleanup", Time since last: 2526449533 ns, Reaching safepoint: 43533 ns, Cleanup: 16795 ns, At safepoint: 7311 ns, Total: 67639 ns
[2025-02-01T15:26:03.056+0000][80][info ][safepoint   ] Safepoint "Cleanup", Time since last: 19083639147 ns, Reaching safepoint: 89726 ns, Cleanup: 35027 ns, At safepoint: 11536 ns, Total: 136289 ns
[2025-02-01T15:26:05.482+0000][80][info ][safepoint   ] Safepoint "Cleanup", Time since last: 2425507358 ns, Reaching safepoint: 104123 ns, Cleanup: 9505 ns, At safepoint: 76698 ns, Total: 190326 ns
[2025-02-01T15:26:30.201+0000][80][info ][safepoint   ] Safepoint "Cleanup", Time since last: 24721173508 ns, Reaching safepoint: 13239 ns, Cleanup: 9206 ns, At safepoint: 18426 ns, Total: 40871 ns
[2025-02-01T15:26:32.240+0000][80][info ][safepoint   ] Safepoint "Cleanup", Time since last: 2039211198 ns, Reaching safepoint: 38718 ns, Cleanup: 18767 ns, At safepoint: 9519 ns, Total: 67004 ns
[2025-02-01T15:26:33.244+0000][80][info ][safepoint   ] Safepoint "Cleanup", Time since last: 1003252877 ns, Reaching safepoint: 37511 ns, Cleanup: 19119 ns, At safepoint: 9607 ns, Total: 66237 ns
[2025-02-01T15:26:44.279+0000][80][info ][safepoint   ] Safepoint "Cleanup", Time since last: 11037649021 ns, Reaching safepoint: 42615 ns, Cleanup: 20406 ns, At safepoint: 9968 ns, Total: 72989 ns
[2025-02-01T15:26:53.442+0000][80][info ][safepoint   ] Safepoint "Cleanup", Time since last: 9162571655 ns, Reaching safepoint: 22325 ns, Cleanup: 7782 ns, At safepoint: 18966 ns, Total: 49073 ns
[2025-02-01T15:27:06.410+0000][80][info ][safepoint   ] Safepoint "Cleanup", Time since last: 12968650706 ns, Reaching safepoint: 15056 ns, Cleanup: 10339 ns, At safepoint: 7599 ns, Total: 32994 ns
[2025-02-01T15:27:10.772+0000][80][info ][safepoint   ] Safepoint "Cleanup", Time since last: 4361536729 ns, Reaching safepoint: 29427 ns, Cleanup: 15261 ns, At safepoint: 6429 ns, Total: 51117 ns
[2025-02-01T15:27:15.455+0000][80][info ][safepoint   ] Safepoint "Cleanup", Time since last: 4685050145 ns, Reaching safepoint: 41494 ns, Cleanup: 21649 ns, At safepoint: 9049 ns, Total: 72192 ns
[2025-02-01T15:27:29.457+0000][80][info ][safepoint   ] Safepoint "Cleanup", Time since last: 14001014435 ns, Reaching safepoint: 121559 ns, Cleanup: 7771 ns, At safepoint: 50921 ns, Total: 180251 ns
[2025-02-01T15:27:30.524+0000][80][info ][safepoint   ] Safepoint "Cleanup", Time since last: 1067054328 ns, Reaching safepoint: 29887 ns, Cleanup: 20279 ns, At safepoint: 5851 ns, Total: 56017 ns
[2025-02-01T15:27:35.432+0000][80][info ][safepoint   ] Safepoint "Cleanup", Time since last: 4908134778 ns, Reaching safepoint: 11159 ns, Cleanup: 7237 ns, At safepoint: 4493 ns, Total: 22889 ns
[2025-02-01T15:27:41.437+0000][80][info ][safepoint   ] Safepoint "Cleanup", Time since last: 6005072800 ns, Reaching safepoint: 10996 ns, Cleanup: 9571 ns, At safepoint: 18280 ns, Total: 38847 ns
[2025-02-01T15:27:42.588+0000][80][info ][safepoint   ] Safepoint "Cleanup", Time since last: 1152476222 ns, Reaching safepoint: 29130 ns, Cleanup: 14487 ns, At safepoint: 5464 ns, Total: 49081 ns
[2025-02-01T15:27:44.619+0000][80][info ][safepoint   ] Safepoint "Cleanup", Time since last: 2030742014 ns, Reaching safepoint: 38136 ns, Cleanup: 24290 ns, At safepoint: 9185 ns, Total: 71611 ns
[2025-02-01T15:27:54.662+0000][80][info ][safepoint   ] Safepoint "Cleanup", Time since last: 10043071231 ns, Reaching safepoint: 48813 ns, Cleanup: 21058 ns, At safepoint: 50004 ns, Total: 119875 ns
[2025-02-01T15:27:59.679+0000][80][info ][safepoint   ] Safepoint "Cleanup", Time since last: 5017119503 ns, Reaching safepoint: 15596 ns, Cleanup: 12125 ns, At safepoint: 7836 ns, Total: 35557 ns
[2025-02-01T15:28:00.697+0000][80][info ][safepoint   ] Safepoint "Cleanup", Time since last: 1018184247 ns, Reaching safepoint: 56550 ns, Cleanup: 25812 ns, At safepoint: 14855 ns, Total: 97217 ns
[2025-02-01T15:28:05.726+0000][80][info ][safepoint   ] Safepoint "Cleanup", Time since last: 5028208510 ns, Reaching safepoint: 17355 ns, Cleanup: 14847 ns, At safepoint: 35305 ns, Total: 67507 ns
[2025-02-01T15:28:11.770+0000][80][info ][safepoint   ] Safepoint "Cleanup", Time since last: 6046785742 ns, Reaching safepoint: 16801 ns, Cleanup: 11735 ns, At safepoint: 7733 ns, Total: 36269 ns
[2025-02-01T15:28:12.783+0000][80][info ][safepoint   ] Safepoint "Cleanup", Time since last: 1012667045 ns, Reaching safepoint: 46304 ns, Cleanup: 24836 ns, At safepoint: 11886 ns, Total: 83026 ns
[2025-02-01T15:28:17.483+0000][80][info ][safepoint   ] Safepoint "Cleanup", Time since last: 4700046904 ns, Reaching safepoint: 17111 ns, Cleanup: 6671 ns, At safepoint: 6310 ns, Total: 30092 ns
[2025-02-01T15:28:35.600+0000][80][info ][safepoint   ] Safepoint "Cleanup", Time since last: 18117591081 ns, Reaching safepoint: 17449 ns, Cleanup: 13210 ns, At safepoint: 34860 ns, Total: 65519 ns
[2025-02-01T15:28:36.965+0000][80][info ][safepoint   ] Safepoint "Cleanup", Time since last: 1364302874 ns, Reaching safepoint: 27508 ns, Cleanup: 18124 ns, At safepoint: 6284 ns, Total: 51916 ns
[2025-02-01T15:28:41.973+0000][80][info ][safepoint   ] Safepoint "Cleanup", Time since last: 5010399236 ns, Reaching safepoint: 17423 ns, Cleanup: 14289 ns, At safepoint: 9070 ns, Total: 40782 ns
[2025-02-01T15:28:43.993+0000][80][info ][safepoint   ] Safepoint "Cleanup", Time since last: 2018999312 ns, Reaching safepoint: 64392 ns, Cleanup: 61681 ns, At safepoint: 17722 ns, Total: 143795 ns
[2025-02-01T15:28:44.994+0000][80][info ][safepoint   ] Safepoint "Cleanup", Time since last: 1001751767 ns, Reaching safepoint: 27922 ns, Cleanup: 22096 ns, At safepoint: 5713 ns, Total: 55731 ns
[2025-02-01T15:28:59.473+0000][80][info ][safepoint   ] Safepoint "Cleanup", Time since last: 14478431807 ns, Reaching safepoint: 37772 ns, Cleanup: 9936 ns, At safepoint: 7827 ns, Total: 55535 ns
[2025-02-01T15:28:59.487+0000][80][info ][gc,start    ] GC(18) Pause Young (Prepare Mixed) (G1 Evacuation Pause)
[2025-02-01T15:28:59.488+0000][80][info ][gc,task     ] GC(18) Using 18 workers of 18 for evacuation
[2025-02-01T15:28:59.489+0000][80][debug][gc,age      ] GC(18) Desired survivor size 134217728 bytes, new threshold 15 (max threshold 15)
[2025-02-01T15:28:59.509+0000][80][info ][gc,phases   ] GC(18)   Pre Evacuate Collection Set: 2.2ms
[2025-02-01T15:28:59.510+0000][80][info ][gc,phases   ] GC(18)   Merge Heap Roots: 1.1ms
[2025-02-01T15:28:59.511+0000][80][info ][gc,phases   ] GC(18)   Evacuate Collection Set: 11.7ms
[2025-02-01T15:28:59.511+0000][80][info ][gc,phases   ] GC(18)   Post Evacuate Collection Set: 3.9ms
[2025-02-01T15:28:59.512+0000][80][info ][gc,phases   ] GC(18)   Other: 2.2ms
[2025-02-01T15:28:59.512+0000][80][trace][gc,age      ] GC(18) Age table with threshold 15 (max threshold 15)
[2025-02-01T15:28:59.513+0000][80][trace][gc,age      ] GC(18) - age   1:    1558704 bytes,    1558704 total
[2025-02-01T15:28:59.513+0000][80][trace][gc,age      ] GC(18) - age   2:      36280 bytes,    1594984 total
[2025-02-01T15:28:59.514+0000][80][trace][gc,age      ] GC(18) - age   3:     859240 bytes,    2454224 total
[2025-02-01T15:28:59.514+0000][80][trace][gc,age      ] GC(18) - age   4:     586352 bytes,    3040576 total
[2025-02-01T15:28:59.515+0000][80][info ][gc,heap     ] GC(18) Eden regions: 507->0(507)
[2025-02-01T15:28:59.515+0000][80][info ][gc,heap     ] GC(18) Survivor regions: 1->1(64)
[2025-02-01T15:28:59.516+0000][80][info ][gc,heap     ] GC(18) Old regions: 32->32
[2025-02-01T15:28:59.516+0000][80][info ][gc,heap     ] GC(18) Humongous regions: 4->4
[2025-02-01T15:28:59.517+0000][80][info ][gc,metaspace] GC(18) Metaspace: 149824K(153856K)->149824K(153856K) NonClass: 129992K(132096K)->129992K(132096K) Class: 19831K(21760K)->19831K(21760K)
[2025-02-01T15:28:59.517+0000][80][info ][gc          ] GC(18) Pause Young (Prepare Mixed) (G1 Evacuation Pause) 2174M->147M(3392M) 30.231ms
[2025-02-01T15:28:59.518+0000][80][info ][gc,cpu      ] GC(18) User=0.19s Sys=0.00s Real=0.03s
[2025-02-01T15:28:59.518+0000][80][info ][safepoint   ] Safepoint "G1CollectForAllocation", Time since last: 13730059 ns, Reaching safepoint: 11580 ns, Cleanup: 2783 ns, At safepoint: 31791618 ns, Total: 31805981 ns
[2025-02-01T15:29:01.098+0000][80][info ][safepoint   ] Safepoint "Cleanup", Time since last: 1578975347 ns, Reaching safepoint: 48473 ns, Cleanup: 23261 ns, At safepoint: 52348 ns, Total: 124082 ns
[2025-02-01T15:29:05.454+0000][80][info ][safepoint   ] Safepoint "Cleanup", Time since last: 4356383378 ns, Reaching safepoint: 20935 ns, Cleanup: 13013 ns, At safepoint: 36636 ns, Total: 70584 ns
[2025-02-01T15:29:07.141+0000][80][info ][safepoint   ] Safepoint "Cleanup", Time since last: 1687068639 ns, Reaching safepoint: 33412 ns, Cleanup: 16366 ns, At safepoint: 7318 ns, Total: 57096 ns
[2025-02-01T15:29:14.170+0000][80][info ][safepoint   ] Safepoint "Cleanup", Time since last: 7030728650 ns, Reaching safepoint: 45226 ns, Cleanup: 22552 ns, At safepoint: 11601 ns, Total: 79379 ns
[2025-02-01T15:29:17.454+0000][80][info ][safepoint   ] Safepoint "Cleanup", Time since last: 3283454271 ns, Reaching safepoint: 18175 ns, Cleanup: 12141 ns, At safepoint: 8081 ns, Total: 38397 ns
[2025-02-01T15:29:19.204+0000][80][info ][safepoint   ] Safepoint "Cleanup", Time since last: 1750605763 ns, Reaching safepoint: 97614 ns, Cleanup: 24247 ns, At safepoint: 15683 ns, Total: 137544 ns
[2025-02-01T15:29:35.461+0000][80][info ][safepoint   ] Safepoint "Cleanup", Time since last: 16256888764 ns, Reaching safepoint: 21593 ns, Cleanup: 12573 ns, At safepoint: 8105 ns, Total: 42271 ns
[2025-02-01T15:29:37.297+0000][80][info ][safepoint   ] Safepoint "Cleanup", Time since last: 1835360462 ns, Reaching safepoint: 41904 ns, Cleanup: 13006 ns, At safepoint: 5642 ns, Total: 60552 ns
[2025-02-01T15:29:40.298+0000][80][info ][safepoint   ] Safepoint "Cleanup", Time since last: 3001268968 ns, Reaching safepoint: 62964 ns, Cleanup: 25251 ns, At safepoint: 12367 ns, Total: 100582 ns
[2025-02-01T15:29:41.443+0000][80][info ][safepoint   ] Safepoint "Cleanup", Time since last: 1145120710 ns, Reaching safepoint: 10400 ns, Cleanup: 7499 ns, At safepoint: 16859 ns, Total: 34758 ns
[2025-02-01T15:29:44.323+0000][80][info ][safepoint   ] Safepoint "Cleanup", Time since last: 2881996176 ns, Reaching safepoint: 49633 ns, Cleanup: 51938 ns, At safepoint: 10775 ns, Total: 112346 ns
[2025-02-01T15:29:47.454+0000][80][info ][safepoint   ] Safepoint "Cleanup", Time since last: 3130622939 ns, Reaching safepoint: 14738 ns, Cleanup: 10048 ns, At safepoint: 6812 ns, Total: 31598 ns
[2025-02-01T15:29:49.351+0000][80][info ][safepoint   ] Safepoint "Cleanup", Time since last: 1896497070 ns, Reaching safepoint: 47058 ns, Cleanup: 30568 ns, At safepoint: 11823 ns, Total: 89449 ns
[2025-02-01T15:29:54.370+0000][80][info ][safepoint   ] Safepoint "Cleanup", Time since last: 5018992178 ns, Reaching safepoint: 26731 ns, Cleanup: 12421 ns, At safepoint: 27648 ns, Total: 66800 ns
[2025-02-01T15:30:04.396+0000][80][info ][safepoint   ] Safepoint "Cleanup", Time since last: 10026129305 ns, Reaching safepoint: 34970 ns, Cleanup: 16049 ns, At safepoint: 9651 ns, Total: 60670 ns
[2025-02-01T15:30:05.459+0000][80][info ][safepoint   ] Safepoint "Cleanup", Time since last: 1063374283 ns, Reaching safepoint: 14243 ns, Cleanup: 11972 ns, At safepoint: 6843 ns, Total: 33058 ns
[2025-02-01T15:30:11.451+0000][80][info ][safepoint   ] Safepoint "Cleanup", Time since last: 5991220534 ns, Reaching safepoint: 110176 ns, Cleanup: 10654 ns, At safepoint: 53242 ns, Total: 174072 ns
[2025-02-01T15:30:44.627+0000][80][info ][safepoint   ] Safepoint "Cleanup", Time since last: 33181764408 ns, Reaching safepoint: 34424 ns, Cleanup: 24273 ns, At safepoint: 5784 ns, Total: 64481 ns
[2025-02-01T15:30:59.469+0000][80][info ][safepoint   ] Safepoint "Cleanup", Time since last: 14841476837 ns, Reaching safepoint: 49243 ns, Cleanup: 13767 ns, At safepoint: 41092 ns, Total: 104102 ns
[2025-02-01T15:31:01.680+0000][80][info ][safepoint   ] Safepoint "Cleanup", Time since last: 2211044581 ns, Reaching safepoint: 38458 ns, Cleanup: 16702 ns, At safepoint: 6088 ns, Total: 61248 ns
[2025-02-01T15:31:05.693+0000][80][info ][safepoint   ] Safepoint "Cleanup", Time since last: 4012310037 ns, Reaching safepoint: 20413 ns, Cleanup: 19372 ns, At safepoint: 11183 ns, Total: 50968 ns
[2025-02-01T15:31:29.808+0000][80][info ][safepoint   ] Safepoint "Cleanup", Time since last: 24116413971 ns, Reaching safepoint: 16809 ns, Cleanup: 12409 ns, At safepoint: 9335 ns, Total: 38553 ns
[2025-02-01T15:31:32.818+0000][80][info ][safepoint   ] Safepoint "Cleanup", Time since last: 3010410401 ns, Reaching safepoint: 27094 ns, Cleanup: 12355 ns, At safepoint: 5311 ns, Total: 44760 ns
[2025-02-01T15:31:35.828+0000][80][info ][safepoint   ] Safepoint "Cleanup", Time since last: 3010149526 ns, Reaching safepoint: 18679 ns, Cleanup: 13863 ns, At safepoint: 9086 ns, Total: 41628 ns
[2025-02-01T15:31:41.469+0000][80][info ][safepoint   ] Safepoint "Cleanup", Time since last: 5642646200 ns, Reaching safepoint: 15957 ns, Cleanup: 5968 ns, At safepoint: 33438 ns, Total: 55363 ns
[2025-02-01T15:31:42.865+0000][80][info ][safepoint   ] Safepoint "Cleanup", Time since last: 1395439059 ns, Reaching safepoint: 54761 ns, Cleanup: 25331 ns, At safepoint: 14822 ns, Total: 94914 ns
[2025-02-01T15:31:44.872+0000][80][info ][safepoint   ] Safepoint "Cleanup", Time since last: 2006659844 ns, Reaching safepoint: 16633 ns, Cleanup: 12006 ns, At safepoint: 33335 ns, Total: 61974 ns
[2025-02-01T15:32:10.030+0000][80][info ][safepoint   ] Safepoint "Cleanup", Time since last: 25158713495 ns, Reaching safepoint: 10692 ns, Cleanup: 5930 ns, At safepoint: 4039 ns, Total: 20661 ns
[2025-02-01T15:32:11.048+0000][80][info ][safepoint   ] Safepoint "Cleanup", Time since last: 1017418626 ns, Reaching safepoint: 165300 ns, Cleanup: 19391 ns, At safepoint: 56818 ns, Total: 241509 ns
[2025-02-01T15:32:12.049+0000][80][info ][safepoint   ] Safepoint "Cleanup", Time since last: 1003689395 ns, Reaching safepoint: 18448 ns, Cleanup: 18886 ns, At safepoint: 9192 ns, Total: 46526 ns
[2025-02-01T15:32:13.061+0000][80][info ][safepoint   ] Safepoint "Cleanup", Time since last: 1012330432 ns, Reaching safepoint: 48364 ns, Cleanup: 22990 ns, At safepoint: 11286 ns, Total: 82640 ns
[2025-02-01T15:32:15.063+0000][80][info ][safepoint   ] Safepoint "Cleanup", Time since last: 2001513948 ns, Reaching safepoint: 52902 ns, Cleanup: 26695 ns, At safepoint: 15027 ns, Total: 94624 ns
[2025-02-01T15:32:16.064+0000][80][info ][safepoint   ] Safepoint "Cleanup", Time since last: 1001433370 ns, Reaching safepoint: 45747 ns, Cleanup: 22267 ns, At safepoint: 12160 ns, Total: 80174 ns
[2025-02-01T15:32:18.107+0000][80][info ][safepoint   ] Safepoint "Cleanup", Time since last: 2042067630 ns, Reaching safepoint: 9382 ns, Cleanup: 5615 ns, At safepoint: 17349 ns, Total: 32346 ns
[2025-02-01T15:32:19.107+0000][80][info ][safepoint   ] Safepoint "Cleanup", Time since last: 1000686515 ns, Reaching safepoint: 19971 ns, Cleanup: 10655 ns, At safepoint: 9638 ns, Total: 40264 ns
[2025-02-01T15:32:41.693+0000][80][info ][safepoint   ] Safepoint "Cleanup", Time since last: 22587528386 ns, Reaching safepoint: 108488 ns, Cleanup: 8135 ns, At safepoint: 64216 ns, Total: 180839 ns
[2025-02-01T15:32:44.181+0000][80][info ][safepoint   ] Safepoint "Cleanup", Time since last: 2487535989 ns, Reaching safepoint: 51201 ns, Cleanup: 28920 ns, At safepoint: 12326 ns, Total: 92447 ns
[2025-02-01T15:33:01.239+0000][80][info ][safepoint   ] Safepoint "Cleanup", Time since last: 17057886090 ns, Reaching safepoint: 148345 ns, Cleanup: 23504 ns, At safepoint: 13223 ns, Total: 185072 ns
[2025-02-01T15:33:05.469+0000][80][info ][safepoint   ] Safepoint "Cleanup", Time since last: 4230532747 ns, Reaching safepoint: 16295 ns, Cleanup: 11620 ns, At safepoint: 33947 ns, Total: 61862 ns
[2025-02-01T15:33:15.304+0000][80][info ][safepoint   ] Safepoint "Cleanup", Time since last: 9835854163 ns, Reaching safepoint: 53525 ns, Cleanup: 25153 ns, At safepoint: 14996 ns, Total: 93674 ns
[2025-02-01T15:33:24.322+0000][80][info ][safepoint   ] Safepoint "Cleanup", Time since last: 9018494050 ns, Reaching safepoint: 11712 ns, Cleanup: 9287 ns, At safepoint: 4187 ns, Total: 25186 ns
[2025-02-01T15:33:27.329+0000][80][info ][safepoint   ] Safepoint "Cleanup", Time since last: 3006684032 ns, Reaching safepoint: 46674 ns, Cleanup: 22063 ns, At safepoint: 10752 ns, Total: 79489 ns
[2025-02-01T15:33:41.735+0000][80][info ][safepoint   ] Safepoint "Cleanup", Time since last: 14408220852 ns, Reaching safepoint: 9967 ns, Cleanup: 6843 ns, At safepoint: 16882 ns, Total: 33692 ns
[2025-02-01T15:33:43.386+0000][80][info ][safepoint   ] Safepoint "Cleanup", Time since last: 1650170387 ns, Reaching safepoint: 29956 ns, Cleanup: 13190 ns, At safepoint: 5550 ns, Total: 48696 ns
[2025-02-01T15:33:44.386+0000][80][info ][safepoint   ] Safepoint "Cleanup", Time since last: 1000726495 ns, Reaching safepoint: 25910 ns, Cleanup: 12287 ns, At safepoint: 5162 ns, Total: 43359 ns
[2025-02-01T15:33:47.484+0000][80][info ][safepoint   ] Safepoint "Cleanup", Time since last: 3097214960 ns, Reaching safepoint: 20111 ns, Cleanup: 13204 ns, At safepoint: 9851 ns, Total: 43166 ns
[2025-02-01T15:33:54.419+0000][80][info ][safepoint   ] Safepoint "Cleanup", Time since last: 6935579021 ns, Reaching safepoint: 16614 ns, Cleanup: 12162 ns, At safepoint: 8523 ns, Total: 37299 ns
[2025-02-01T15:33:59.435+0000][80][info ][safepoint   ] Safepoint "Cleanup", Time since last: 5015784912 ns, Reaching safepoint: 115082 ns, Cleanup: 26768 ns, At safepoint: 16023 ns, Total: 157873 ns
[2025-02-01T15:34:01.452+0000][80][info ][safepoint   ] Safepoint "Cleanup", Time since last: 2017129089 ns, Reaching safepoint: 33952 ns, Cleanup: 12608 ns, At safepoint: 8081 ns, Total: 54641 ns
[2025-02-01T15:34:02.454+0000][80][info ][safepoint   ] Safepoint "Cleanup", Time since last: 1001099488 ns, Reaching safepoint: 36756 ns, Cleanup: 13791 ns, At safepoint: 39601 ns, Total: 90148 ns
[2025-02-01T15:34:18.487+0000][80][info ][safepoint   ] Safepoint "Cleanup", Time since last: 16035864233 ns, Reaching safepoint: 28504 ns, Cleanup: 13377 ns, At safepoint: 5357 ns, Total: 47238 ns
[2025-02-01T15:34:35.584+0000][80][info ][safepoint   ] Safepoint "Cleanup", Time since last: 17097089034 ns, Reaching safepoint: 42060 ns, Cleanup: 17753 ns, At safepoint: 9171 ns, Total: 68984 ns
[2025-02-01T15:34:44.627+0000][80][info ][safepoint   ] Safepoint "Cleanup", Time since last: 9044572317 ns, Reaching safepoint: 28299 ns, Cleanup: 19357 ns, At safepoint: 5707 ns, Total: 53363 ns
[2025-02-01T15:34:47.634+0000][80][info ][safepoint   ] Safepoint "Cleanup", Time since last: 3007242911 ns, Reaching safepoint: 11904 ns, Cleanup: 10520 ns, At safepoint: 5012 ns, Total: 27436 ns
[2025-02-01T15:35:17.745+0000][80][info ][safepoint   ] Safepoint "Cleanup", Time since last: 30112463038 ns, Reaching safepoint: 28026 ns, Cleanup: 11849 ns, At safepoint: 8715 ns, Total: 48590 ns
[2025-02-01T15:35:18.773+0000][80][info ][safepoint   ] Safepoint "Cleanup", Time since last: 1027638987 ns, Reaching safepoint: 17890 ns, Cleanup: 13850 ns, At safepoint: 9736 ns, Total: 41476 ns
[2025-02-01T15:35:20.785+0000][80][info ][safepoint   ] Safepoint "Cleanup", Time since last: 2012552071 ns, Reaching safepoint: 49178 ns, Cleanup: 24383 ns, At safepoint: 13076 ns, Total: 86637 ns
[2025-02-01T15:35:32.817+0000][80][info ][safepoint   ] Safepoint "Cleanup", Time since last: 12031271054 ns, Reaching safepoint: 59516 ns, Cleanup: 13615 ns, At safepoint: 5835 ns, Total: 78966 ns
[2025-02-01T15:35:43.849+0000][80][info ][safepoint   ] Safepoint "Cleanup", Time since last: 11035014782 ns, Reaching safepoint: 64973 ns, Cleanup: 28120 ns, At safepoint: 12934 ns, Total: 106027 ns
[2025-02-01T15:35:44.850+0000][80][info ][safepoint   ] Safepoint "Cleanup", Time since last: 1001545069 ns, Reaching safepoint: 57433 ns, Cleanup: 26082 ns, At safepoint: 16582 ns, Total: 100097 ns
[2025-02-01T15:35:46.852+0000][80][info ][safepoint   ] Safepoint "Cleanup", Time since last: 2001399163 ns, Reaching safepoint: 28125 ns, Cleanup: 13309 ns, At safepoint: 6026 ns, Total: 47460 ns
[2025-02-01T15:35:47.857+0000][80][info ][safepoint   ] Safepoint "Cleanup", Time since last: 1005650491 ns, Reaching safepoint: 15977 ns, Cleanup: 11939 ns, At safepoint: 8216 ns, Total: 36132 ns
[2025-02-01T15:35:53.878+0000][80][info ][safepoint   ] Safepoint "Cleanup", Time since last: 6020415789 ns, Reaching safepoint: 16149 ns, Cleanup: 20826 ns, At safepoint: 8568 ns, Total: 45543 ns
[2025-02-01T15:35:54.889+0000][80][info ][safepoint   ] Safepoint "Cleanup", Time since last: 1011589843 ns, Reaching safepoint: 43325 ns, Cleanup: 18819 ns, At safepoint: 9896 ns, Total: 72040 ns
[2025-02-01T15:35:59.901+0000][80][info ][safepoint   ] Safepoint "Cleanup", Time since last: 5011106362 ns, Reaching safepoint: 52644 ns, Cleanup: 13744 ns, At safepoint: 9076 ns, Total: 75464 ns
[2025-02-01T15:36:33.029+0000][80][info ][safepoint   ] Safepoint "Cleanup", Time since last: 33133581189 ns, Reaching safepoint: 53791 ns, Cleanup: 32335 ns, At safepoint: 12389 ns, Total: 98515 ns
[2025-02-01T15:36:41.490+0000][80][info ][safepoint   ] Safepoint "Cleanup", Time since last: 8460692579 ns, Reaching safepoint: 12379 ns, Cleanup: 11977 ns, At safepoint: 24777 ns, Total: 49133 ns
[2025-02-01T15:36:44.110+0000][80][info ][safepoint   ] Safepoint "Cleanup", Time since last: 2617742614 ns, Reaching safepoint: 49984 ns, Cleanup: 29902 ns, At safepoint: 12412 ns, Total: 92298 ns
[2025-02-01T15:36:54.130+0000][80][info ][safepoint   ] Safepoint "Cleanup", Time since last: 10019730260 ns, Reaching safepoint: 18039 ns, Cleanup: 32784 ns, At safepoint: 40281 ns, Total: 91104 ns
[2025-02-01T15:36:57.146+0000][80][info ][safepoint   ] Safepoint "Cleanup", Time since last: 3015692622 ns, Reaching safepoint: 52842 ns, Cleanup: 25785 ns, At safepoint: 14883 ns, Total: 93510 ns
[2025-02-01T15:37:06.175+0000][80][info ][safepoint   ] Safepoint "Cleanup", Time since last: 9029019776 ns, Reaching safepoint: 19737 ns, Cleanup: 16656 ns, At safepoint: 9562 ns, Total: 45955 ns
[2025-02-01T15:37:39.330+0000][80][info ][safepoint   ] Safepoint "Cleanup", Time since last: 33157606885 ns, Reaching safepoint: 39543 ns, Cleanup: 23725 ns, At safepoint: 9897 ns, Total: 73165 ns
[2025-02-01T15:37:42.336+0000][80][info ][safepoint   ] Safepoint "Cleanup", Time since last: 3006950883 ns, Reaching safepoint: 14762 ns, Cleanup: 10213 ns, At safepoint: 6912 ns, Total: 31887 ns
[2025-02-01T15:37:44.344+0000][80][info ][safepoint   ] Safepoint "Cleanup", Time since last: 2007686882 ns, Reaching safepoint: 47166 ns, Cleanup: 40190 ns, At safepoint: 11441 ns, Total: 98797 ns
[2025-02-01T15:37:47.489+0000][80][info ][safepoint   ] Safepoint "Cleanup", Time since last: 3144718882 ns, Reaching safepoint: 118906 ns, Cleanup: 14875 ns, At safepoint: 71999 ns, Total: 205780 ns
[2025-02-01T15:37:53.514+0000][80][info ][safepoint   ] Safepoint "Cleanup", Time since last: 6025435834 ns, Reaching safepoint: 10590 ns, Cleanup: 7955 ns, At safepoint: 4109 ns, Total: 22654 ns
[2025-02-01T15:38:00.383+0000][80][info ][safepoint   ] Safepoint "Cleanup", Time since last: 6868470681 ns, Reaching safepoint: 114463 ns, Cleanup: 13612 ns, At safepoint: 74642 ns, Total: 202717 ns
[2025-02-01T15:38:05.479+0000][80][info ][safepoint   ] Safepoint "Cleanup", Time since last: 5096135467 ns, Reaching safepoint: 12443 ns, Cleanup: 12107 ns, At safepoint: 18230 ns, Total: 42780 ns
[2025-02-01T15:38:14.436+0000][80][info ][safepoint   ] Safepoint "Cleanup", Time since last: 8959062436 ns, Reaching safepoint: 52440 ns, Cleanup: 33823 ns, At safepoint: 14103 ns, Total: 100366 ns
[2025-02-01T15:38:44.581+0000][80][info ][safepoint   ] Safepoint "Cleanup", Time since last: 30146993372 ns, Reaching safepoint: 56063 ns, Cleanup: 38337 ns, At safepoint: 12949 ns, Total: 107349 ns
[2025-02-01T15:39:17.691+0000][80][info ][safepoint   ] Safepoint "Cleanup", Time since last: 33111338110 ns, Reaching safepoint: 16286 ns, Cleanup: 10777 ns, At safepoint: 26414 ns, Total: 53477 ns
[2025-02-01T15:39:29.510+0000][80][info ][safepoint   ] Safepoint "Cleanup", Time since last: 11819049475 ns, Reaching safepoint: 12163 ns, Cleanup: 6447 ns, At safepoint: 5248 ns, Total: 23858 ns
[2025-02-01T15:39:30.730+0000][80][info ][safepoint   ] Safepoint "Cleanup", Time since last: 1219532293 ns, Reaching safepoint: 51818 ns, Cleanup: 18925 ns, At safepoint: 10364 ns, Total: 81107 ns
[2025-02-01T15:39:40.761+0000][80][info ][safepoint   ] Safepoint "Cleanup", Time since last: 10031070061 ns, Reaching safepoint: 40587 ns, Cleanup: 18696 ns, At safepoint: 9382 ns, Total: 68665 ns
[2025-02-01T15:39:47.507+0000][80][info ][safepoint   ] Safepoint "Cleanup", Time since last: 6748635039 ns, Reaching safepoint: 15805 ns, Cleanup: 13944 ns, At safepoint: 8682 ns, Total: 38431 ns
[2025-02-01T15:39:54.821+0000][80][info ][safepoint   ] Safepoint "Cleanup", Time since last: 7313825177 ns, Reaching safepoint: 40751 ns, Cleanup: 18604 ns, At safepoint: 9563 ns, Total: 68918 ns
[2025-02-01T15:39:59.523+0000][80][info ][safepoint   ] Safepoint "Cleanup", Time since last: 4701434037 ns, Reaching safepoint: 12026 ns, Cleanup: 7686 ns, At safepoint: 5275 ns, Total: 24987 ns
[2025-02-01T15:40:00.856+0000][80][info ][safepoint   ] Safepoint "Cleanup", Time since last: 1333287417 ns, Reaching safepoint: 28224 ns, Cleanup: 14633 ns, At safepoint: 5909 ns, Total: 48766 ns
[2025-02-01T15:40:17.893+0000][80][info ][safepoint   ] Safepoint "Cleanup", Time since last: 17038284793 ns, Reaching safepoint: 12594 ns, Cleanup: 10395 ns, At safepoint: 19196 ns, Total: 42185 ns
[2025-02-01T15:40:23.905+0000][80][info ][safepoint   ] Safepoint "Cleanup", Time since last: 6012282239 ns, Reaching safepoint: 11248 ns, Cleanup: 11191 ns, At safepoint: 18588 ns, Total: 41027 ns
[2025-02-01T15:40:35.955+0000][80][info ][safepoint   ] Safepoint "Cleanup", Time since last: 12049480343 ns, Reaching safepoint: 16542 ns, Cleanup: 13206 ns, At safepoint: 8894 ns, Total: 38642 ns
[2025-02-01T15:40:44.007+0000][80][info ][safepoint   ] Safepoint "Cleanup", Time since last: 8055450066 ns, Reaching safepoint: 38298 ns, Cleanup: 18319 ns, At safepoint: 9385 ns, Total: 66002 ns
[2025-02-01T15:40:47.492+0000][80][info ][safepoint   ] Safepoint "Cleanup", Time since last: 3485128566 ns, Reaching safepoint: 9828 ns, Cleanup: 6155 ns, At safepoint: 17636 ns, Total: 33619 ns
[2025-02-01T15:40:54.003+0000][80][info ][safepoint   ] Safepoint "Cleanup", Time since last: 6510808297 ns, Reaching safepoint: 13019 ns, Cleanup: 7960 ns, At safepoint: 6599 ns, Total: 27578 ns
[2025-02-01T15:40:55.042+0000][80][info ][safepoint   ] Safepoint "Cleanup", Time since last: 1039246296 ns, Reaching safepoint: 54698 ns, Cleanup: 59034 ns, At safepoint: 18839 ns, Total: 132571 ns
[2025-02-01T15:40:59.510+0000][80][info ][safepoint   ] Safepoint "Cleanup", Time since last: 4468167620 ns, Reaching safepoint: 21959 ns, Cleanup: 14806 ns, At safepoint: 10775 ns, Total: 47540 ns
[2025-02-01T15:41:01.059+0000][80][info ][safepoint   ] Safepoint "Cleanup", Time since last: 1549098271 ns, Reaching safepoint: 28460 ns, Cleanup: 16011 ns, At safepoint: 5638 ns, Total: 50109 ns
[2025-02-01T15:41:06.072+0000][80][info ][safepoint   ] Safepoint "Cleanup", Time since last: 5012144813 ns, Reaching safepoint: 21977 ns, Cleanup: 17859 ns, At safepoint: 42552 ns, Total: 82388 ns
[2025-02-01T15:41:17.505+0000][80][info ][safepoint   ] Safepoint "Cleanup", Time since last: 11435467894 ns, Reaching safepoint: 103511 ns, Cleanup: 11285 ns, At safepoint: 44077 ns, Total: 158873 ns
[2025-02-01T15:41:33.180+0000][80][info ][safepoint   ] Safepoint "Cleanup", Time since last: 15675266259 ns, Reaching safepoint: 66294 ns, Cleanup: 28757 ns, At safepoint: 17045 ns, Total: 112096 ns
[2025-02-01T15:41:59.523+0000][80][info ][safepoint   ] Safepoint "Cleanup", Time since last: 26344638839 ns, Reaching safepoint: 18988 ns, Cleanup: 13229 ns, At safepoint: 10169 ns, Total: 42386 ns
[2025-02-01T15:42:05.507+0000][80][info ][safepoint   ] Safepoint "Cleanup", Time since last: 5984050689 ns, Reaching safepoint: 9637 ns, Cleanup: 6919 ns, At safepoint: 16892 ns, Total: 33448 ns
[2025-02-01T15:42:07.328+0000][80][info ][safepoint   ] Safepoint "Cleanup", Time since last: 1820713342 ns, Reaching safepoint: 106073 ns, Cleanup: 62486 ns, At safepoint: 105767 ns, Total: 274326 ns
[2025-02-01T15:42:15.345+0000][80][info ][safepoint   ] Safepoint "Cleanup", Time since last: 8019326451 ns, Reaching safepoint: 22566 ns, Cleanup: 13005 ns, At safepoint: 9108 ns, Total: 44679 ns
[2025-02-01T15:42:44.471+0000][80][info ][safepoint   ] Safepoint "Cleanup", Time since last: 29129057640 ns, Reaching safepoint: 52968 ns, Cleanup: 14404 ns, At safepoint: 5691 ns, Total: 73063 ns
[2025-02-01T15:43:43.713+0000][80][info ][safepoint   ] Safepoint "Cleanup", Time since last: 59245307326 ns, Reaching safepoint: 134972 ns, Cleanup: 45097 ns, At safepoint: 49141 ns, Total: 229210 ns
[2025-02-01T15:43:53.767+0000][80][info ][safepoint   ] Safepoint "Cleanup", Time since last: 10054434531 ns, Reaching safepoint: 16910 ns, Cleanup: 9046 ns, At safepoint: 7955 ns, Total: 33911 ns
[2025-02-01T15:43:54.767+0000][80][info ][safepoint   ] Safepoint "Cleanup", Time since last: 1000026724 ns, Reaching safepoint: 9872 ns, Cleanup: 8738 ns, At safepoint: 17105 ns, Total: 35715 ns
[2025-02-01T15:43:59.719+0000][80][info ][safepoint   ] Safepoint "Cleanup", Time since last: 4951733562 ns, Reaching safepoint: 22533 ns, Cleanup: 14623 ns, At safepoint: 11486 ns, Total: 48642 ns
[2025-02-01T15:44:05.785+0000][80][info ][safepoint   ] Safepoint "Cleanup", Time since last: 6065613866 ns, Reaching safepoint: 18948 ns, Cleanup: 17569 ns, At safepoint: 10431 ns, Total: 46948 ns
[2025-02-01T15:44:43.951+0000][80][info ][safepoint   ] Safepoint "Cleanup", Time since last: 38171723675 ns, Reaching safepoint: 150728 ns, Cleanup: 43154 ns, At safepoint: 20413 ns, Total: 214295 ns
[2025-02-01T15:45:01.045+0000][80][info ][safepoint   ] Safepoint "Cleanup", Time since last: 17093517120 ns, Reaching safepoint: 34868 ns, Cleanup: 14454 ns, At safepoint: 5334 ns, Total: 54656 ns
[2025-02-01T15:45:06.093+0000][80][info ][safepoint   ] Safepoint "Cleanup", Time since last: 5048208177 ns, Reaching safepoint: 14409 ns, Cleanup: 8889 ns, At safepoint: 16314 ns, Total: 39612 ns
[2025-02-01T15:45:07.095+0000][80][info ][safepoint   ] Safepoint "Cleanup", Time since last: 1002319001 ns, Reaching safepoint: 44319 ns, Cleanup: 21137 ns, At safepoint: 11189 ns, Total: 76645 ns
[2025-02-01T15:45:11.555+0000][80][info ][gc,start    ] GC(19) Pause Young (Mixed) (G1 Evacuation Pause)
[2025-02-01T15:45:11.555+0000][80][info ][gc,task     ] GC(19) Using 18 workers of 18 for evacuation
[2025-02-01T15:45:11.556+0000][80][debug][gc,age      ] GC(19) Desired survivor size 134217728 bytes, new threshold 15 (max threshold 15)
[2025-02-01T15:45:11.597+0000][80][info ][gc,phases   ] GC(19)   Pre Evacuate Collection Set: 1.0ms
[2025-02-01T15:45:11.598+0000][80][info ][gc,phases   ] GC(19)   Merge Heap Roots: 1.0ms
[2025-02-01T15:45:11.598+0000][80][info ][gc,phases   ] GC(19)   Evacuate Collection Set: 36.4ms
[2025-02-01T15:45:11.599+0000][80][info ][gc,phases   ] GC(19)   Post Evacuate Collection Set: 1.6ms
[2025-02-01T15:45:11.599+0000][80][info ][gc,phases   ] GC(19)   Other: 1.5ms
[2025-02-01T15:45:11.600+0000][80][trace][gc,age      ] GC(19) Age table with threshold 15 (max threshold 15)
[2025-02-01T15:45:11.601+0000][80][trace][gc,age      ] GC(19) - age   1:    1030408 bytes,    1030408 total
[2025-02-01T15:45:11.601+0000][80][trace][gc,age      ] GC(19) - age   2:     102808 bytes,    1133216 total
[2025-02-01T15:45:11.602+0000][80][trace][gc,age      ] GC(19) - age   3:      35224 bytes,    1168440 total
[2025-02-01T15:45:11.602+0000][80][trace][gc,age      ] GC(19) - age   4:     857104 bytes,    2025544 total
[2025-02-01T15:45:11.603+0000][80][trace][gc,age      ] GC(19) - age   5:     585544 bytes,    2611088 total
[2025-02-01T15:45:11.604+0000][80][info ][gc,heap     ] GC(19) Eden regions: 507->0(507)
[2025-02-01T15:45:11.604+0000][80][info ][gc,heap     ] GC(19) Survivor regions: 1->1(64)
[2025-02-01T15:45:11.605+0000][80][info ][gc,heap     ] GC(19) Old regions: 32->32
[2025-02-01T15:45:11.606+0000][80][info ][gc,heap     ] GC(19) Humongous regions: 4->4
[2025-02-01T15:45:11.606+0000][80][info ][gc,metaspace] GC(19) Metaspace: 149960K(153920K)->149960K(153920K) NonClass: 130128K(132160K)->130128K(132160K) Class: 19832K(21760K)->19832K(21760K)
[2025-02-01T15:45:11.607+0000][80][info ][gc          ] GC(19) Pause Young (Mixed) (G1 Evacuation Pause) 2175M->143M(3392M) 52.559ms
[2025-02-01T15:45:11.608+0000][80][info ][gc,cpu      ] GC(19) User=0.45s Sys=0.00s Real=0.06s
[2025-02-01T15:45:11.609+0000][80][info ][safepoint   ] Safepoint "G1CollectForAllocation", Time since last: 4460172311 ns, Reaching safepoint: 35976 ns, Cleanup: 6261 ns, At safepoint: 54487519 ns, Total: 54529756 ns
[2025-02-01T15:45:18.132+0000][80][info ][safepoint   ] Safepoint "Cleanup", Time since last: 6523143748 ns, Reaching safepoint: 21007 ns, Cleanup: 22176 ns, At safepoint: 12328 ns, Total: 55511 ns
[2025-02-01T15:45:21.146+0000][80][info ][safepoint   ] Safepoint "Cleanup", Time since last: 3014095370 ns, Reaching safepoint: 37418 ns, Cleanup: 17878 ns, At safepoint: 6114 ns, Total: 61410 ns
[2025-02-01T15:45:22.523+0000][80][info ][safepoint   ] Safepoint "Cleanup", Time since last: 1376376061 ns, Reaching safepoint: 58047 ns, Cleanup: 25216 ns, At safepoint: 14810 ns, Total: 98073 ns
[2025-02-01T15:45:33.220+0000][80][info ][safepoint   ] Safepoint "Cleanup", Time since last: 10697277095 ns, Reaching safepoint: 29943 ns, Cleanup: 12895 ns, At safepoint: 6719 ns, Total: 49557 ns
[2025-02-01T15:45:35.549+0000][80][info ][safepoint   ] Safepoint "Cleanup", Time since last: 2328542890 ns, Reaching safepoint: 14861 ns, Cleanup: 11599 ns, At safepoint: 7600 ns, Total: 34060 ns
[2025-02-01T15:45:44.285+0000][80][info ][safepoint   ] Safepoint "Cleanup", Time since last: 8737950884 ns, Reaching safepoint: 69797 ns, Cleanup: 21139 ns, At safepoint: 10154 ns, Total: 101090 ns
[2025-02-01T15:46:05.570+0000][80][info ][safepoint   ] Safepoint "Cleanup", Time since last: 21285503833 ns, Reaching safepoint: 18841 ns, Cleanup: 15902 ns, At safepoint: 12984 ns, Total: 47727 ns
[2025-02-01T15:46:07.386+0000][80][info ][safepoint   ] Safepoint "Cleanup", Time since last: 1815128696 ns, Reaching safepoint: 56363 ns, Cleanup: 28025 ns, At safepoint: 15597 ns, Total: 99985 ns
[2025-02-01T15:46:12.390+0000][80][info ][safepoint   ] Safepoint "Cleanup", Time since last: 5007072506 ns, Reaching safepoint: 22452 ns, Cleanup: 19531 ns, At safepoint: 12751 ns, Total: 54734 ns
[2025-02-01T15:46:15.403+0000][80][info ][safepoint   ] Safepoint "Cleanup", Time since last: 3012523293 ns, Reaching safepoint: 264186 ns, Cleanup: 25570 ns, At safepoint: 16647 ns, Total: 306403 ns
[2025-02-01T15:46:30.458+0000][80][info ][safepoint   ] Safepoint "Cleanup", Time since last: 15054767299 ns, Reaching safepoint: 88379 ns, Cleanup: 6047 ns, At safepoint: 18144 ns, Total: 112570 ns
[2025-02-01T15:46:32.474+0000][80][info ][safepoint   ] Safepoint "Cleanup", Time since last: 2016133343 ns, Reaching safepoint: 205644 ns, Cleanup: 28223 ns, At safepoint: 16837 ns, Total: 250704 ns
[2025-02-01T15:46:35.558+0000][80][info ][safepoint   ] Safepoint "Cleanup", Time since last: 3083844185 ns, Reaching safepoint: 15781 ns, Cleanup: 11590 ns, At safepoint: 8861 ns, Total: 36232 ns
[2025-02-01T15:46:41.548+0000][80][info ][safepoint   ] Safepoint "Cleanup", Time since last: 5989257938 ns, Reaching safepoint: 16502 ns, Cleanup: 9532 ns, At safepoint: 8686 ns, Total: 34720 ns
[2025-02-01T15:46:45.513+0000][80][info ][safepoint   ] Safepoint "Cleanup", Time since last: 3968097574 ns, Reaching safepoint: 45052 ns, Cleanup: 16138 ns, At safepoint: 9793 ns, Total: 70983 ns
[2025-02-01T15:46:48.565+0000][80][info ][safepoint   ] Safepoint "Cleanup", Time since last: 3051106689 ns, Reaching safepoint: 171285 ns, Cleanup: 23225 ns, At safepoint: 68822 ns, Total: 263332 ns
[2025-02-01T15:46:54.591+0000][80][info ][safepoint   ] Safepoint "Cleanup", Time since last: 6026538717 ns, Reaching safepoint: 12160 ns, Cleanup: 6695 ns, At safepoint: 4493 ns, Total: 23348 ns
[2025-02-01T15:47:05.556+0000][80][info ][safepoint   ] Safepoint "Cleanup", Time since last: 10965094714 ns, Reaching safepoint: 20062 ns, Cleanup: 13285 ns, At safepoint: 8657 ns, Total: 42004 ns
[2025-02-01T15:47:15.642+0000][80][info ][safepoint   ] Safepoint "Cleanup", Time since last: 10088156947 ns, Reaching safepoint: 25159 ns, Cleanup: 15970 ns, At safepoint: 9499 ns, Total: 50628 ns
[2025-02-01T15:47:35.546+0000][80][info ][safepoint   ] Safepoint "Cleanup", Time since last: 19903411920 ns, Reaching safepoint: 23756 ns, Cleanup: 15193 ns, At safepoint: 8317 ns, Total: 47266 ns
[2025-02-01T15:47:36.806+0000][80][info ][safepoint   ] Safepoint "Cleanup", Time since last: 1259823625 ns, Reaching safepoint: 42584 ns, Cleanup: 19226 ns, At safepoint: 8189 ns, Total: 69999 ns
[2025-02-01T15:47:40.807+0000][80][info ][safepoint   ] Safepoint "Cleanup", Time since last: 4001234840 ns, Reaching safepoint: 44474 ns, Cleanup: 20959 ns, At safepoint: 9498 ns, Total: 74931 ns
[2025-02-01T15:48:02.892+0000][80][info ][safepoint   ] Safepoint "Cleanup", Time since last: 22086853701 ns, Reaching safepoint: 37682 ns, Cleanup: 16290 ns, At safepoint: 8770 ns, Total: 62742 ns
[2025-02-01T15:48:13.920+0000][80][info ][safepoint   ] Safepoint "Cleanup", Time since last: 11029487782 ns, Reaching safepoint: 26071 ns, Cleanup: 11744 ns, At safepoint: 5622 ns, Total: 43437 ns
[2025-02-01T15:48:41.998+0000][80][info ][safepoint   ] Safepoint "Cleanup", Time since last: 28081339703 ns, Reaching safepoint: 21108 ns, Cleanup: 10715 ns, At safepoint: 7303 ns, Total: 39126 ns
[2025-02-01T15:49:00.111+0000][80][info ][safepoint   ] Safepoint "Cleanup", Time since last: 18112343770 ns, Reaching safepoint: 43235 ns, Cleanup: 14395 ns, At safepoint: 8889 ns, Total: 66519 ns
[2025-02-01T15:49:03.143+0000][80][info ][safepoint   ] Safepoint "Cleanup", Time since last: 3032302182 ns, Reaching safepoint: 9876 ns, Cleanup: 9202 ns, At safepoint: 17561 ns, Total: 36639 ns
[2025-02-01T15:49:05.631+0000][80][info ][safepoint   ] Safepoint "Cleanup", Time since last: 2487425059 ns, Reaching safepoint: 15158 ns, Cleanup: 9118 ns, At safepoint: 27767 ns, Total: 52043 ns
[2025-02-01T15:49:07.179+0000][80][info ][safepoint   ] Safepoint "Cleanup", Time since last: 1548288889 ns, Reaching safepoint: 25905 ns, Cleanup: 32443 ns, At safepoint: 5911 ns, Total: 64259 ns
[2025-02-01T15:49:11.550+0000][80][info ][safepoint   ] Safepoint "Cleanup", Time since last: 4370473421 ns, Reaching safepoint: 10012 ns, Cleanup: 178100 ns, At safepoint: 19072 ns, Total: 207184 ns
[2025-02-01T15:49:29.549+0000][80][info ][safepoint   ] Safepoint "Cleanup", Time since last: 18000797302 ns, Reaching safepoint: 31960 ns, Cleanup: 7650 ns, At safepoint: 22071 ns, Total: 61681 ns
[2025-02-01T15:49:45.421+0000][80][info ][safepoint   ] Safepoint "Cleanup", Time since last: 15874769035 ns, Reaching safepoint: 27384 ns, Cleanup: 13843 ns, At safepoint: 5704 ns, Total: 46931 ns
[2025-02-01T15:50:04.554+0000][80][info ][safepoint   ] Safepoint "Cleanup", Time since last: 19132492107 ns, Reaching safepoint: 61060 ns, Cleanup: 20777 ns, At safepoint: 12773 ns, Total: 94610 ns
[2025-02-01T15:50:11.763+0000][80][info ][safepoint   ] Safepoint "Cleanup", Time since last: 7211248161 ns, Reaching safepoint: 14617 ns, Cleanup: 17016 ns, At safepoint: 4771 ns, Total: 36404 ns
[2025-02-01T15:50:23.570+0000][80][info ][safepoint   ] Safepoint "Cleanup", Time since last: 11806660391 ns, Reaching safepoint: 20340 ns, Cleanup: 17781 ns, At safepoint: 35824 ns, Total: 73945 ns
[2025-02-01T15:50:33.675+0000][80][info ][safepoint   ] Safepoint "Cleanup", Time since last: 10105487802 ns, Reaching safepoint: 28218 ns, Cleanup: 15798 ns, At safepoint: 5796 ns, Total: 49812 ns
[2025-02-01T15:50:41.755+0000][80][info ][safepoint   ] Safepoint "Cleanup", Time since last: 8082476345 ns, Reaching safepoint: 10861 ns, Cleanup: 12523 ns, At safepoint: 19279 ns, Total: 42663 ns
[2025-02-01T15:50:43.762+0000][80][info ][safepoint   ] Safepoint "Cleanup", Time since last: 2006611225 ns, Reaching safepoint: 41780 ns, Cleanup: 27960 ns, At safepoint: 11546 ns, Total: 81286 ns
[2025-02-01T15:50:47.772+0000][80][info ][safepoint   ] Safepoint "Cleanup", Time since last: 4009577814 ns, Reaching safepoint: 9940 ns, Cleanup: 8252 ns, At safepoint: 4287 ns, Total: 22479 ns
[2025-02-01T15:51:05.576+0000][80][info ][safepoint   ] Safepoint "Cleanup", Time since last: 17803962287 ns, Reaching safepoint: 15703 ns, Cleanup: 10715 ns, At safepoint: 7937 ns, Total: 34355 ns
[2025-02-01T15:51:06.878+0000][80][info ][safepoint   ] Safepoint "Cleanup", Time since last: 1302017048 ns, Reaching safepoint: 27688 ns, Cleanup: 13574 ns, At safepoint: 5784 ns, Total: 47046 ns
[2025-02-01T15:51:11.683+0000][80][info ][safepoint   ] Safepoint "Cleanup", Time since last: 4807083590 ns, Reaching safepoint: 15185 ns, Cleanup: 11622 ns, At safepoint: 27692 ns, Total: 54499 ns
[2025-02-01T15:51:12.898+0000][80][info ][safepoint   ] Safepoint "Cleanup", Time since last: 1214569164 ns, Reaching safepoint: 42684 ns, Cleanup: 77939 ns, At safepoint: 79686 ns, Total: 200309 ns
[2025-02-01T15:51:26.954+0000][80][info ][safepoint   ] Safepoint "Cleanup", Time since last: 14055848599 ns, Reaching safepoint: 48994 ns, Cleanup: 13302 ns, At safepoint: 5554 ns, Total: 67850 ns
[2025-02-01T15:52:03.131+0000][80][info ][safepoint   ] Safepoint "Cleanup", Time since last: 36179712630 ns, Reaching safepoint: 144509 ns, Cleanup: 32544 ns, At safepoint: 18988 ns, Total: 196041 ns
[2025-02-01T15:52:04.133+0000][80][info ][safepoint   ] Safepoint "Cleanup", Time since last: 1002099653 ns, Reaching safepoint: 28491 ns, Cleanup: 13298 ns, At safepoint: 5786 ns, Total: 47575 ns
[2025-02-01T15:52:24.279+0000][80][info ][safepoint   ] Safepoint "Cleanup", Time since last: 20147887151 ns, Reaching safepoint: 26021 ns, Cleanup: 12635 ns, At safepoint: 28147 ns, Total: 66803 ns
[2025-02-01T15:52:35.597+0000][80][info ][safepoint   ] Safepoint "Cleanup", Time since last: 11317839744 ns, Reaching safepoint: 9781 ns, Cleanup: 10509 ns, At safepoint: 4609 ns, Total: 24899 ns
[2025-02-01T15:52:44.376+0000][80][info ][safepoint   ] Safepoint "Cleanup", Time since last: 8781192920 ns, Reaching safepoint: 46301 ns, Cleanup: 19049 ns, At safepoint: 9622 ns, Total: 74972 ns
[2025-02-01T15:52:53.569+0000][80][info ][safepoint   ] Safepoint "Cleanup", Time since last: 9192913540 ns, Reaching safepoint: 95348 ns, Cleanup: 10990 ns, At safepoint: 29269 ns, Total: 135607 ns
[2025-02-01T15:53:00.448+0000][80][info ][safepoint   ] Safepoint "Cleanup", Time since last: 6879448929 ns, Reaching safepoint: 14380 ns, Cleanup: 12203 ns, At safepoint: 6610 ns, Total: 33193 ns
[2025-02-01T15:53:33.604+0000][80][info ][safepoint   ] Safepoint "Cleanup", Time since last: 33156405767 ns, Reaching safepoint: 121587 ns, Cleanup: 41626 ns, At safepoint: 18404 ns, Total: 181617 ns
[2025-02-01T15:53:36.613+0000][80][info ][safepoint   ] Safepoint "Cleanup", Time since last: 3008958274 ns, Reaching safepoint: 53735 ns, Cleanup: 42296 ns, At safepoint: 96642 ns, Total: 192673 ns
[2025-02-01T15:53:43.681+0000][80][info ][safepoint   ] Safepoint "Cleanup", Time since last: 7070370055 ns, Reaching safepoint: 47494 ns, Cleanup: 21637 ns, At safepoint: 12387 ns, Total: 81518 ns
[2025-02-01T15:54:23.573+0000][80][info ][safepoint   ] Safepoint "Cleanup", Time since last: 39895314981 ns, Reaching safepoint: 8858 ns, Cleanup: 6845 ns, At safepoint: 4231 ns, Total: 19934 ns
[2025-02-01T15:54:43.900+0000][80][info ][safepoint   ] Safepoint "Cleanup", Time since last: 20328996036 ns, Reaching safepoint: 25849 ns, Cleanup: 13427 ns, At safepoint: 5422 ns, Total: 44698 ns
[2025-02-01T15:55:17.778+0000][80][info ][safepoint   ] Safepoint "Cleanup", Time since last: 33879314960 ns, Reaching safepoint: 18011 ns, Cleanup: 12612 ns, At safepoint: 33342 ns, Total: 63965 ns
[2025-02-01T15:55:36.123+0000][80][info ][safepoint   ] Safepoint "Cleanup", Time since last: 18345082285 ns, Reaching safepoint: 30215 ns, Cleanup: 17999 ns, At safepoint: 51572 ns, Total: 99786 ns
[2025-02-01T15:55:44.175+0000][80][info ][safepoint   ] Safepoint "Cleanup", Time since last: 8054252666 ns, Reaching safepoint: 54465 ns, Cleanup: 26909 ns, At safepoint: 14826 ns, Total: 96200 ns
[2025-02-01T15:55:48.184+0000][80][info ][safepoint   ] Safepoint "Cleanup", Time since last: 4009129789 ns, Reaching safepoint: 20315 ns, Cleanup: 14346 ns, At safepoint: 9759 ns, Total: 44420 ns
[2025-02-01T15:56:06.270+0000][80][info ][safepoint   ] Safepoint "Cleanup", Time since last: 18085459483 ns, Reaching safepoint: 11188 ns, Cleanup: 7913 ns, At safepoint: 17739 ns, Total: 36840 ns
[2025-02-01T15:56:29.336+0000][80][info ][safepoint   ] Safepoint "Cleanup", Time since last: 23068608261 ns, Reaching safepoint: 45267 ns, Cleanup: 23650 ns, At safepoint: 56430 ns, Total: 125347 ns
[2025-02-01T15:56:44.410+0000][80][info ][safepoint   ] Safepoint "Cleanup", Time since last: 15076027985 ns, Reaching safepoint: 59278 ns, Cleanup: 27258 ns, At safepoint: 16722 ns, Total: 103258 ns
[2025-02-01T15:57:12.550+0000][80][info ][safepoint   ] Safepoint "Cleanup", Time since last: 28141932288 ns, Reaching safepoint: 28710 ns, Cleanup: 11790 ns, At safepoint: 38119 ns, Total: 78619 ns
[2025-02-01T15:57:17.622+0000][80][info ][safepoint   ] Safepoint "Cleanup", Time since last: 5072118240 ns, Reaching safepoint: 17482 ns, Cleanup: 9445 ns, At safepoint: 36205 ns, Total: 63132 ns
[2025-02-01T15:57:19.578+0000][80][info ][safepoint   ] Safepoint "Cleanup", Time since last: 1956223159 ns, Reaching safepoint: 57225 ns, Cleanup: 25155 ns, At safepoint: 17058 ns, Total: 99438 ns
[2025-02-01T15:57:23.991+0000][80][info ][safepoint   ] Safepoint "Cleanup", Time since last: 4412524290 ns, Reaching safepoint: 17922 ns, Cleanup: 16413 ns, At safepoint: 57443 ns, Total: 91778 ns
[2025-02-01T15:57:25.599+0000][80][info ][safepoint   ] Safepoint "Cleanup", Time since last: 1608343539 ns, Reaching safepoint: 41396 ns, Cleanup: 24048 ns, At safepoint: 9641 ns, Total: 75085 ns
[2025-02-01T15:57:33.634+0000][80][info ][safepoint   ] Safepoint "Cleanup", Time since last: 8034455091 ns, Reaching safepoint: 30155 ns, Cleanup: 13212 ns, At safepoint: 5753 ns, Total: 49120 ns
[2025-02-01T15:57:35.612+0000][80][info ][safepoint   ] Safepoint "Cleanup", Time since last: 1977730564 ns, Reaching safepoint: 9562 ns, Cleanup: 6241 ns, At safepoint: 17982 ns, Total: 33785 ns
[2025-02-01T15:57:38.665+0000][80][info ][safepoint   ] Safepoint "Cleanup", Time since last: 3052726009 ns, Reaching safepoint: 37986 ns, Cleanup: 18274 ns, At safepoint: 9151 ns, Total: 65411 ns
[2025-02-01T15:58:05.800+0000][80][info ][safepoint   ] Safepoint "Cleanup", Time since last: 27137658663 ns, Reaching safepoint: 15436 ns, Cleanup: 14639 ns, At safepoint: 7767 ns, Total: 37842 ns
[2025-02-01T15:58:29.889+0000][80][info ][safepoint   ] Safepoint "Cleanup", Time since last: 24090311409 ns, Reaching safepoint: 15036 ns, Cleanup: 10806 ns, At safepoint: 7708 ns, Total: 33550 ns
[2025-02-01T15:58:35.900+0000][80][info ][safepoint   ] Safepoint "Cleanup", Time since last: 6010866740 ns, Reaching safepoint: 13924 ns, Cleanup: 11324 ns, At safepoint: 6243 ns, Total: 31491 ns
[2025-02-01T15:58:43.923+0000][80][info ][safepoint   ] Safepoint "Cleanup", Time since last: 8028115529 ns, Reaching safepoint: 35915 ns, Cleanup: 20620 ns, At safepoint: 5695 ns, Total: 62230 ns
[2025-02-01T15:58:53.953+0000][80][info ][safepoint   ] Safepoint "Cleanup", Time since last: 10030452065 ns, Reaching safepoint: 18287 ns, Cleanup: 14117 ns, At safepoint: 38098 ns, Total: 70502 ns
[2025-02-01T15:59:29.610+0000][80][info ][safepoint   ] Safepoint "Cleanup", Time since last: 35658541833 ns, Reaching safepoint: 12334 ns, Cleanup: 11407 ns, At safepoint: 22821 ns, Total: 46562 ns
[2025-02-01T15:59:31.113+0000][80][info ][safepoint   ] Safepoint "Cleanup", Time since last: 1503779564 ns, Reaching safepoint: 62305 ns, Cleanup: 28473 ns, At safepoint: 18203 ns, Total: 108981 ns
[2025-02-01T15:59:33.116+0000][80][info ][safepoint   ] Safepoint "Cleanup", Time since last: 2002451798 ns, Reaching safepoint: 113675 ns, Cleanup: 25804 ns, At safepoint: 18490 ns, Total: 157969 ns
[2025-02-01T15:59:34.117+0000][80][info ][safepoint   ] Safepoint "Cleanup", Time since last: 1001253271 ns, Reaching safepoint: 32237 ns, Cleanup: 14832 ns, At safepoint: 7292 ns, Total: 54361 ns
[2025-02-01T15:59:35.648+0000][80][info ][safepoint   ] Safepoint "Cleanup", Time since last: 1530651273 ns, Reaching safepoint: 178353 ns, Cleanup: 9610 ns, At safepoint: 82603 ns, Total: 270566 ns
[2025-02-01T15:59:44.162+0000][80][info ][safepoint   ] Safepoint "Cleanup", Time since last: 8515678274 ns, Reaching safepoint: 28903 ns, Cleanup: 15417 ns, At safepoint: 5584 ns, Total: 49904 ns
[2025-02-01T16:00:29.647+0000][80][info ][safepoint   ] Safepoint "Cleanup", Time since last: 45486830340 ns, Reaching safepoint: 21060 ns, Cleanup: 10203 ns, At safepoint: 42104 ns, Total: 73367 ns
[2025-02-01T16:00:35.626+0000][80][info ][safepoint   ] Safepoint "Cleanup", Time since last: 5979282252 ns, Reaching safepoint: 39751 ns, Cleanup: 12792 ns, At safepoint: 8471 ns, Total: 61014 ns
[2025-02-01T16:00:37.390+0000][80][info ][safepoint   ] Safepoint "Cleanup", Time since last: 1763184348 ns, Reaching safepoint: 28116 ns, Cleanup: 33255 ns, At safepoint: 6249 ns, Total: 67620 ns
[2025-02-01T16:01:30.105+0000][80][info ][gc,start    ] GC(20) Pause Young (Normal) (G1 Evacuation Pause)
[2025-02-01T16:01:30.107+0000][80][info ][gc,task     ] GC(20) Using 18 workers of 18 for evacuation
[2025-02-01T16:01:30.108+0000][80][debug][gc,age      ] GC(20) Desired survivor size 134217728 bytes, new threshold 15 (max threshold 15)
[2025-02-01T16:01:30.141+0000][80][info ][gc,phases   ] GC(20)   Pre Evacuate Collection Set: 2.7ms
[2025-02-01T16:01:30.142+0000][80][info ][gc,phases   ] GC(20)   Merge Heap Roots: 1.7ms
[2025-02-01T16:01:30.143+0000][80][info ][gc,phases   ] GC(20)   Evacuate Collection Set: 24.0ms
[2025-02-01T16:01:30.144+0000][80][info ][gc,phases   ] GC(20)   Post Evacuate Collection Set: 3.7ms
[2025-02-01T16:01:30.145+0000][80][info ][gc,phases   ] GC(20)   Other: 2.3ms
[2025-02-01T16:01:30.146+0000][80][trace][gc,age      ] GC(20) Age table with threshold 15 (max threshold 15)
[2025-02-01T16:01:30.146+0000][80][trace][gc,age      ] GC(20) - age   1:    2185544 bytes,    2185544 total
[2025-02-01T16:01:30.147+0000][80][trace][gc,age      ] GC(20) - age   2:      65032 bytes,    2250576 total
[2025-02-01T16:01:30.148+0000][80][trace][gc,age      ] GC(20) - age   3:      99168 bytes,    2349744 total
[2025-02-01T16:01:30.149+0000][80][trace][gc,age      ] GC(20) - age   4:      34576 bytes,    2384320 total
[2025-02-01T16:01:30.150+0000][80][trace][gc,age      ] GC(20) - age   5:     851776 bytes,    3236096 total
[2025-02-01T16:01:30.151+0000][80][trace][gc,age      ] GC(20) - age   6:     391064 bytes,    3627160 total
[2025-02-01T16:01:30.152+0000][80][info ][gc,heap     ] GC(20) Eden regions: 507->0(507)
[2025-02-01T16:01:30.153+0000][80][info ][gc,heap     ] GC(20) Survivor regions: 1->1(64)
[2025-02-01T16:01:30.154+0000][80][info ][gc,heap     ] GC(20) Old regions: 32->32
[2025-02-01T16:01:30.155+0000][80][info ][gc,heap     ] GC(20) Humongous regions: 4->4
[2025-02-01T16:01:30.156+0000][80][info ][gc,metaspace] GC(20) Metaspace: 150089K(154048K)->150089K(154048K) NonClass: 130255K(132288K)->130255K(132288K) Class: 19833K(21760K)->19833K(21760K)
[2025-02-01T16:01:30.157+0000][80][info ][gc          ] GC(20) Pause Young (Normal) (G1 Evacuation Pause) 2171M->144M(3392M) 52.006ms
[2025-02-01T16:01:30.159+0000][80][info ][gc,cpu      ] GC(20) User=0.21s Sys=0.00s Real=0.06s
[2025-02-01T16:01:30.160+0000][80][info ][safepoint   ] Safepoint "G1CollectForAllocation", Time since last: 52719345849 ns, Reaching safepoint: 64001 ns, Cleanup: 10764 ns, At safepoint: 54689873 ns, Total: 54764638 ns
[2025-02-01T16:01:43.772+0000][80][info ][safepoint   ] Safepoint "Cleanup", Time since last: 13615195930 ns, Reaching safepoint: 70756 ns, Cleanup: 19828 ns, At safepoint: 6401 ns, Total: 96985 ns
[2025-02-01T16:01:59.638+0000][80][info ][safepoint   ] Safepoint "Cleanup", Time since last: 15865024767 ns, Reaching safepoint: 21626 ns, Cleanup: 14959 ns, At safepoint: 9549 ns, Total: 46134 ns
[2025-02-01T16:02:05.626+0000][80][info ][safepoint   ] Safepoint "Cleanup", Time since last: 5988837905 ns, Reaching safepoint: 16560 ns, Cleanup: 8947 ns, At safepoint: 24650 ns, Total: 50157 ns
[2025-02-01T16:02:32.074+0000][80][info ][safepoint   ] Safepoint "Cleanup", Time since last: 26448747328 ns, Reaching safepoint: 34419 ns, Cleanup: 16888 ns, At safepoint: 7912 ns, Total: 59219 ns
[2025-02-01T16:02:41.622+0000][80][info ][safepoint   ] Safepoint "Cleanup", Time since last: 9548441374 ns, Reaching safepoint: 10313 ns, Cleanup: 6676 ns, At safepoint: 17159 ns, Total: 34148 ns
[2025-02-01T16:02:44.111+0000][80][info ][safepoint   ] Safepoint "Cleanup", Time since last: 2491443547 ns, Reaching safepoint: 40331 ns, Cleanup: 27914 ns, At safepoint: 10867 ns, Total: 79112 ns
[2025-02-01T16:02:48.123+0000][80][info ][safepoint   ] Safepoint "Cleanup", Time since last: 4011504164 ns, Reaching safepoint: 24216 ns, Cleanup: 15877 ns, At safepoint: 11160 ns, Total: 51253 ns
[2025-02-01T16:03:06.193+0000][80][info ][safepoint   ] Safepoint "Cleanup", Time since last: 18070301335 ns, Reaching safepoint: 23177 ns, Cleanup: 14428 ns, At safepoint: 9035 ns, Total: 46640 ns
[2025-02-01T16:03:19.278+0000][80][info ][safepoint   ] Safepoint "Cleanup", Time since last: 13087027822 ns, Reaching safepoint: 46671 ns, Cleanup: 20922 ns, At safepoint: 10407 ns, Total: 78000 ns
[2025-02-01T16:03:36.362+0000][80][info ][safepoint   ] Safepoint "Cleanup", Time since last: 17083686043 ns, Reaching safepoint: 22775 ns, Cleanup: 12537 ns, At safepoint: 11728 ns, Total: 47040 ns
[2025-02-01T16:04:04.459+0000][80][info ][safepoint   ] Safepoint "Cleanup", Time since last: 28098598169 ns, Reaching safepoint: 112268 ns, Cleanup: 31641 ns, At safepoint: 19253 ns, Total: 163162 ns
[2025-02-01T16:04:05.714+0000][80][info ][safepoint   ] Safepoint "Cleanup", Time since last: 1255213759 ns, Reaching safepoint: 101684 ns, Cleanup: 10597 ns, At safepoint: 43775 ns, Total: 156056 ns
[2025-02-01T16:04:24.541+0000][80][info ][safepoint   ] Safepoint "Cleanup", Time since last: 18828260063 ns, Reaching safepoint: 16444 ns, Cleanup: 13415 ns, At safepoint: 8297 ns, Total: 38156 ns
[2025-02-01T16:04:35.984+0000][80][info ][safepoint   ] Safepoint "Cleanup", Time since last: 11443810475 ns, Reaching safepoint: 14545 ns, Cleanup: 9307 ns, At safepoint: 7609 ns, Total: 31461 ns
[2025-02-01T16:04:41.646+0000][80][info ][safepoint   ] Safepoint "Cleanup", Time since last: 5661586515 ns, Reaching safepoint: 45669 ns, Cleanup: 9359 ns, At safepoint: 30730 ns, Total: 85758 ns
[2025-02-01T16:05:03.726+0000][80][info ][safepoint   ] Safepoint "Cleanup", Time since last: 22082843571 ns, Reaching safepoint: 25555 ns, Cleanup: 10240 ns, At safepoint: 25767 ns, Total: 61562 ns
[2025-02-01T16:06:41.901+0000][80][info ][safepoint   ] Safepoint "Cleanup", Time since last: 98186477317 ns, Reaching safepoint: 13972 ns, Cleanup: 6177 ns, At safepoint: 22125 ns, Total: 42274 ns
