[2025-01-21T15:36:52.694+0000][36][info][gc,init] CardTable entry size: 512
[2025-01-21T15:36:52.695+0000][36][info][gc     ] Using G1
[2025-01-21T15:36:52.697+0000][36][info][gc,init] Version: 21.0.2+13-58 (release)
[2025-01-21T15:36:52.697+0000][36][info][gc,init] CPUs: 24 total, 24 available
[2025-01-21T15:36:52.698+0000][36][info][gc,init] Memory: 6781M
[2025-01-21T15:36:52.698+0000][36][info][gc,init] Large Page Support: Disabled
[2025-01-21T15:36:52.698+0000][36][info][gc,init] NUMA Support: Disabled
[2025-01-21T15:36:52.698+0000][36][info][gc,init] Compressed Oops: Enabled (32-bit)
[2025-01-21T15:36:52.698+0000][36][info][gc,init] Heap Region Size: 1M
[2025-01-21T15:36:52.700+0000][36][info][gc,init] Heap Min Capacity: 8M
[2025-01-21T15:36:52.701+0000][36][info][gc,init] Heap Initial Capacity: 106M
[2025-01-21T15:36:52.701+0000][36][info][gc,init] Heap Max Capacity: 1696M
[2025-01-21T15:36:52.702+0000][36][info][gc,init] Pre-touch: Disabled
[2025-01-21T15:36:52.702+0000][36][info][gc,init] Parallel Workers: 18
[2025-01-21T15:36:52.702+0000][36][info][gc,init] Concurrent Workers: 5
[2025-01-21T15:36:52.702+0000][36][info][gc,init] Concurrent Refinement Workers: 18
[2025-01-21T15:36:52.702+0000][36][info][gc,init] Periodic GC: Disabled
[2025-01-21T15:36:52.708+0000][36][info][gc,metaspace] CDS archive(s) mapped at: [0x00007ff3a3000000-0x00007ff3a3ca6000-0x00007ff3a3ca6000), size 13262848, SharedBaseAddress: 0x00007ff3a3000000, ArchiveRelocationMode: 1.
[2025-01-21T15:36:52.708+0000][36][info][gc,metaspace] Compressed class space mapped at: 0x00007ff3a4000000-0x00007ff3e4000000, reserved size: 1073741824
[2025-01-21T15:36:52.709+0000][36][info][gc,metaspace] Narrow klass base: 0x00007ff3a3000000, Narrow klass shift: 0, Narrow klass range: 0x100000000
[2025-01-21T15:36:52.752+0000][36][info][gc,heap,exit] Heap
[2025-01-21T15:36:52.753+0000][36][info][gc,heap,exit]  garbage-first heap   total 110592K, used 3022K [0x0000000096000000, 0x0000000100000000)
[2025-01-21T15:36:52.753+0000][36][info][gc,heap,exit]   region size 1024K, 2 young (2048K), 0 survivors (0K)
[2025-01-21T15:36:52.754+0000][36][info][gc,heap,exit]  Metaspace       used 223K, committed 448K, reserved 1114112K
[2025-01-21T15:36:52.754+0000][36][info][gc,heap,exit]   class space    used 5K, committed 128K, reserved 1048576K
