[2025-01-21T15:36:52.791+0000][56][info][gc,init] CardTable entry size: 512
[2025-01-21T15:36:52.792+0000][56][info][gc     ] Using G1
[2025-01-21T15:36:52.799+0000][56][info][gc,init] Version: 21.0.2+13-58 (release)
[2025-01-21T15:36:52.800+0000][56][info][gc,init] CPUs: 24 total, 24 available
[2025-01-21T15:36:52.800+0000][56][info][gc,init] Memory: 6781M
[2025-01-21T15:36:52.800+0000][56][info][gc,init] Large Page Support: Disabled
[2025-01-21T15:36:52.801+0000][56][info][gc,init] NUMA Support: Disabled
[2025-01-21T15:36:52.802+0000][56][info][gc,init] Compressed Oops: Enabled (Zero based)
[2025-01-21T15:36:52.802+0000][56][info][gc,init] Heap Region Size: 2M
[2025-01-21T15:36:52.803+0000][56][info][gc,init] Heap Min Capacity: 3390M
[2025-01-21T15:36:52.804+0000][56][info][gc,init] Heap Initial Capacity: 3390M
[2025-01-21T15:36:52.804+0000][56][info][gc,init] Heap Max Capacity: 3390M
[2025-01-21T15:36:52.805+0000][56][info][gc,init] Pre-touch: Disabled
[2025-01-21T15:36:52.805+0000][56][info][gc,init] Parallel Workers: 18
[2025-01-21T15:36:52.806+0000][56][info][gc,init] Concurrent Workers: 5
[2025-01-21T15:36:52.806+0000][56][info][gc,init] Concurrent Refinement Workers: 18
[2025-01-21T15:36:52.807+0000][56][info][gc,init] Periodic GC: Disabled
[2025-01-21T15:36:52.812+0000][56][info][gc,metaspace] CDS archive(s) mapped at: [0x00007f6d1b000000-0x00007f6d1bca6000-0x00007f6d1bca6000), size 13262848, SharedBaseAddress: 0x00007f6d1b000000, ArchiveRelocationMode: 1.
[2025-01-21T15:36:52.813+0000][56][info][gc,metaspace] Compressed class space mapped at: 0x00007f6d1c000000-0x00007f6d5c000000, reserved size: 1073741824
[2025-01-21T15:36:52.813+0000][56][info][gc,metaspace] Narrow klass base: 0x00007f6d1b000000, Narrow klass shift: 0, Narrow klass range: 0x100000000
[2025-01-21T15:36:52.859+0000][56][info][gc,heap,exit] Heap
[2025-01-21T15:36:52.860+0000][56][info][gc,heap,exit]  garbage-first heap   total 3471360K, used 5149K [0x000000072c200000, 0x0000000800000000)
[2025-01-21T15:36:52.860+0000][56][info][gc,heap,exit]   region size 2048K, 2 young (4096K), 0 survivors (0K)
[2025-01-21T15:36:52.860+0000][56][info][gc,heap,exit]  Metaspace       used 220K, committed 448K, reserved 1114112K
[2025-01-21T15:36:52.861+0000][56][info][gc,heap,exit]   class space    used 5K, committed 128K, reserved 1048576K
